Component: ARM Compiler 5.06 update 7 (build 960) Tool: armlink [4d3601]

==============================================================================

Section Cross References

    main.o(i.GPIO_Init) refers to stm32f4xx_hal_gpio.o(i.HAL_GPIO_Init) for HAL_GPIO_Init
    main.o(i.GPIO_Init) refers to stm32f4xx_hal_gpio.o(i.HAL_GPIO_WritePin) for HAL_GPIO_WritePin
    main.o(i.GPIO_Init) refers to stm32f4xx_hal_cortex.o(i.HAL_NVIC_EnableIRQ) for HAL_NVIC_EnableIRQ
    main.o(i.GPIO_Init) refers to stm32f4xx_hal_tim.o(i.HAL_TIM_PWM_ConfigChannel) for HAL_TIM_PWM_ConfigChannel
    main.o(i.GPIO_Init) refers to stm32f4xx_hal_tim.o(i.HAL_TIM_PWM_Init) for HAL_TIM_PWM_Init
    main.o(i.GPIO_Init) refers to main.o(.bss) for GPIO_InitStruct
    main.o(i.HAL_GetTick) refers to rtx_kernel.o(.text.osKernelGetState) for osKernelGetState
    main.o(i.HAL_GetTick) refers to rtx_kernel.o(.text.osKernelGetTickCount) for osKernelGetTickCount
    main.o(i.HAL_GetTick) refers to system_stm32f4xx.o(.data) for SystemCoreClock
    main.o(i.HAL_GetTick) refers to main.o(.data) for ticks
    main.o(i.SystemClock_Config) refers to stm32f4xx_hal_rcc.o(i.HAL_RCC_OscConfig) for HAL_RCC_OscConfig
    main.o(i.SystemClock_Config) refers to main.o(i.Error_Handler) for Error_Handler
    main.o(i.SystemClock_Config) refers to stm32f4xx_hal_rcc.o(i.HAL_RCC_ClockConfig) for HAL_RCC_ClockConfig
    main.o(i.SystemClock_Config) refers to stm32f4xx_hal.o(i.HAL_GetREVID) for HAL_GetREVID
    main.o(i.main) refers to stm32f4xx_hal.o(i.HAL_Init) for HAL_Init
    main.o(i.main) refers to main.o(i.GPIO_Init) for GPIO_Init
    main.o(i.main) refers to lcd.o(i.LCD_Reset) for LCD_Reset
    main.o(i.main) refers to lcd.o(i.LCD_init) for LCD_init
    main.o(i.main) refers to lcd.o(i.LCD_update) for LCD_update
    main.o(i.main) refers to lcd.o(i.LCD_Clean) for LCD_Clean
    main.o(i.main) refers to main.o(i.SystemClock_Config) for SystemClock_Config
    main.o(i.main) refers to system_stm32f4xx.o(i.SystemCoreClockUpdate) for SystemCoreClockUpdate
    main.o(i.main) refers to rtx_kernel.o(.text.osKernelInitialize) for osKernelInitialize
    main.o(i.main) refers to principal.o(i.Init_Thread_Principal) for Init_Thread_Principal
    main.o(i.main) refers to rda5807m.o(i.Init_MsgQueue_RDA) for Init_MsgQueue_RDA
    main.o(i.main) refers to lcd.o(i.Init_MsgQueue_LCD) for Init_MsgQueue_LCD
    main.o(i.main) refers to joystick.o(i.Init_MsgQueue_Pulsadores) for Init_MsgQueue_Pulsadores
    main.o(i.main) refers to temperatura.o(i.Init_MsgQueue_Temperatura) for Init_MsgQueue_Temperatura
    main.o(i.main) refers to pwm.o(i.Init_Zumbador) for Init_Zumbador
    main.o(i.main) refers to vol.o(i.Init_Thread_Vol) for Init_Thread_Vol
    main.o(i.main) refers to rtx_kernel.o(.text.osKernelStart) for osKernelStart
    stm32f4xx_it.o(i.EXTI15_10_IRQHandler) refers to stm32f4xx_hal_gpio.o(i.HAL_GPIO_EXTI_IRQHandler) for HAL_GPIO_EXTI_IRQHandler
    stm32f4xx_it.o(i.HAL_GPIO_EXTI_Callback) refers to rtx_thread.o(.text.osThreadFlagsSet) for osThreadFlagsSet
    stm32f4xx_it.o(i.HAL_GPIO_EXTI_Callback) refers to joystick.o(.data) for tid_Thread_MsgQueue_Joystick
    principal.o(i.Init_Thread_Principal) refers to rtx_thread.o(.text.osThreadNew) for osThreadNew
    principal.o(i.Init_Thread_Principal) refers to principal.o(i.Thread_Principal) for Thread_Principal
    principal.o(i.Init_Thread_Principal) refers to principal.o(.data) for tid_Thread_Principal
    principal.o(i.Thread_Principal) refers to _printf_percent.o(.ARM.Collect$$_printf_percent$$00000000) for _printf_percent
    principal.o(i.Thread_Principal) refers to _printf_d.o(.ARM.Collect$$_printf_percent$$00000009) for _printf_d
    principal.o(i.Thread_Principal) refers to _printf_dec.o(.text) for _printf_int_dec
    principal.o(i.Thread_Principal) refers to _printf_f.o(.ARM.Collect$$_printf_percent$$00000003) for _printf_f
    principal.o(i.Thread_Principal) refers to printf1.o(x$fpl$printf1) for _printf_fp_dec
    principal.o(i.Thread_Principal) refers to rt_memclr_w.o(.text) for __aeabi_memclr4
    principal.o(i.Thread_Principal) refers to joystick.o(i.Init_Timers_Joystick) for Init_Timers_Joystick
    principal.o(i.Thread_Principal) refers to clock.o(i.Init_Timers_Clock) for Init_Timers_Clock
    principal.o(i.Thread_Principal) refers to rtx_msgqueue.o(.text.osMessageQueueGet) for osMessageQueueGet
    principal.o(i.Thread_Principal) refers to rtx_msgqueue.o(.text.osMessageQueuePut) for osMessageQueuePut
    principal.o(i.Thread_Principal) refers to noretval__2sprintf.o(.text) for __2sprintf
    principal.o(i.Thread_Principal) refers to rtx_thread.o(.text.osThreadFlagsSet) for osThreadFlagsSet
    principal.o(i.Thread_Principal) refers to f2d.o(x$fpl$f2d) for __aeabi_f2d
    principal.o(i.Thread_Principal) refers to principal.o(.data) for MODO
    principal.o(i.Thread_Principal) refers to vol.o(.data) for mid_Vol_Queue
    principal.o(i.Thread_Principal) refers to rda5807m.o(.data) for mid_MsgQueue_RDA
[...]
    _memcpy_lastbytes                        0x08000741   Thumb Code     0  rt_memcpy_v6.o(.text)
    __aeabi_memclr                           0x08000765   Thumb Code     0  rt_memclr.o(.text)
    __rt_memclr                              0x08000765   Thumb Code    68  rt_memclr.o(.text)
    _memset                                  0x08000769   Thumb Code     0  rt_memclr.o(.text)
    __aeabi_memclr4                          0x080007a9   Thumb Code     0  rt_memclr_w.o(.text)
    __aeabi_memclr8                          0x080007a9   Thumb Code     0  rt_memclr_w.o(.text)
    __rt_memclr_w                            0x080007a9   Thumb Code    78  rt_memclr_w.o(.text)
    _memset_w                                0x080007ad   Thumb Code     0  rt_memclr_w.o(.text)
    __use_two_region_memory                  0x080007f7   Thumb Code     2  heapauxi.o(.text)
    __rt_heap_escrow$2region                 0x080007f9   Thumb Code     2  heapauxi.o(.text)
    __rt_heap_expand$2region                 0x080007fb   Thumb Code     2  heapauxi.o(.text)
    _printf_int_common                       0x080007fd   Thumb Code   178  _printf_intcommon.o(.text)
    __lib_sel_fp_printf                      0x080008af   Thumb Code     2  _printf_fp_dec.o(.text)
    _printf_fp_dec_real                      0x08000a61   Thumb Code   620  _printf_fp_dec.o(.text)
    _printf_char_common                      0x08000cd7   Thumb Code    32  _printf_char_common.o(.text)
    _sputc                                   0x08000cfd   Thumb Code    10  _sputc.o(.text)
    __aeabi_memcpy4                          0x08000d07   Thumb Code     0  rt_memcpy_w.o(.text)
    __aeabi_memcpy8                          0x08000d07   Thumb Code     0  rt_memcpy_w.o(.text)
    __rt_memcpy_w                            0x08000d07   Thumb Code   100  rt_memcpy_w.o(.text)
    _memcpy_lastbytes_aligned                0x08000d4f   Thumb Code     0  rt_memcpy_w.o(.text)
    __rt_locale                              0x08000d6b   Thumb Code    10  rt_locale_twolibspace.o(.text)
    _ll_udiv10                               0x08000d75   Thumb Code   138  lludiv10.o(.text)
    _printf_fp_infnan                        0x08000e01   Thumb Code   112  _printf_fp_infnan.o(.text)
    _btod_etento                             0x08000e81   Thumb Code   224  bigflt0.o(.text)
    __user_libspace                          0x08000f65   Thumb Code     8  libspace.o(.text)
    __user_perproc_libspace                  0x08000f65   Thumb Code     0  libspace.o(.text)
    __user_setup_stackheap                   0x08000f6d   Thumb Code    74  sys_stackheap_outer.o(.text)
    exit                                     0x08000fb7   Thumb Code    18  exit.o(.text)
    strcmp                                   0x08000fc9   Thumb Code   128  strcmpv7m.o(.text)
    _sys_exit                                0x08001049   Thumb Code     8  sys_exit.o(.text)
    __I$use$semihosting                      0x08001055   Thumb Code     0  use_no_semi.o(.text)
    __use_no_semihosting_swi                 0x08001055   Thumb Code     2  use_no_semi.o(.text)
    __semihosting_library_function           0x08001057   Thumb Code     0  indicate_semi.o(.text)
    OS_Tick_AcknowledgeIRQ                   0x0800110d   Thumb Code     8  os_systick.o(.text.OS_Tick_AcknowledgeIRQ)
    OS_Tick_Enable                           0x08001119   Thumb Code    32  os_systick.o(.text.OS_Tick_Enable)
    OS_Tick_GetIRQn                          0x08001145   Thumb Code     6  os_systick.o(.text.OS_Tick_GetIRQn)
    OS_Tick_Setup                            0x0800114d   Thumb Code    48  os_systick.o(.text.OS_Tick_Setup)
    osDelay                                  0x08001285   Thumb Code    32  rtx_delay.o(.text.osDelay)
    osKernelGetState                         0x080012a9   Thumb Code    40  rtx_kernel.o(.text.osKernelGetState)
    osKernelGetTickCount                     0x080012d9   Thumb Code    32  rtx_kernel.o(.text.osKernelGetTickCount)
    osKernelInitialize                       0x08001301   Thumb Code    40  rtx_kernel.o(.text.osKernelInitialize)
    osKernelStart                            0x0800132d   Thumb Code    32  rtx_kernel.o(.text.osKernelStart)
    osMessageQueueGet                        0x08001351   Thumb Code   108  rtx_msgqueue.o(.text.osMessageQueueGet)
    osMessageQueueNew                        0x080013c1   Thumb Code    32  rtx_msgqueue.o(.text.osMessageQueueNew)
    osMessageQueuePut                        0x080013e5   Thumb Code   124  rtx_msgqueue.o(.text.osMessageQueuePut)
    osMutexAcquire                           0x08001465   Thumb Code    32  rtx_mutex.o(.text.osMutexAcquire)
    osMutexDelete                            0x08001489   Thumb Code    32  rtx_mutex.o(.text.osMutexDelete)
    osMutexNew                               0x080014ad   Thumb Code    32  rtx_mutex.o(.text.osMutexNew)
    osMutexRelease                           0x080014d1   Thumb Code    32  rtx_mutex.o(.text.osMutexRelease)
    osRtxKernelErrorNotify                   0x080014f5   Thumb Code     4  rtx_kernel.o(.text.osRtxKernelErrorNotify)
    osRtxKernelPreInit                       0x080014f9   Thumb Code     2  rtx_kernel.o(.text.osRtxKernelPreInit)
    osRtxMemoryAlloc                         0x080014fb   Thumb Code   108  rtx_memory.o(.text.osRtxMemoryAlloc)
    osRtxMemoryFree                          0x08001567   Thumb Code    66  rtx_memory.o(.text.osRtxMemoryFree)
    osRtxMemoryInit                          0x080015a9   Thumb Code    54  rtx_memory.o(.text.osRtxMemoryInit)
    osRtxMemoryPoolAlloc                     0x080015df   Thumb Code    58  rtx_mempool.o(.text.osRtxMemoryPoolAlloc)
    osRtxMemoryPoolFree                      0x08001619   Thumb Code    74  rtx_mempool.o(.text.osRtxMemoryPoolFree)
    osRtxMemoryPoolInit                      0x08001663   Thumb Code    56  rtx_mempool.o(.text.osRtxMemoryPoolInit)
    osRtxMessageQueueTimerSetup              0x08001745   Thumb Code    32  rtx_msgqueue.o(.text.osRtxMessageQueueTimerSetup)
    osRtxMutexOwnerRelease                   0x0800176d   Thumb Code    72  rtx_mutex.o(.text.osRtxMutexOwnerRelease)
    osRtxMutexOwnerRestore                   0x080017b5   Thumb Code    66  rtx_mutex.o(.text.osRtxMutexOwnerRestore)
    osRtxPendSV_Handler                      0x080017f9   Thumb Code   136  rtx_system.o(.text.osRtxPendSV_Handler)
    osRtxPostProcess                         0x08001885   Thumb Code   108  rtx_system.o(.text.osRtxPostProcess)
    osRtxThreadDelayTick                     0x080019f1   Thumb Code    72  rtx_thread.o(.text.osRtxThreadDelayTick)
    osRtxThreadDispatch                      0x08001a61   Thumb Code    80  rtx_thread.o(.text.osRtxThreadDispatch)
    osRtxThreadListGet                       0x08001b2b   Thumb Code    18  rtx_thread.o(.text.osRtxThreadListGet)
    osRtxThreadListPut                       0x08001b3d   Thumb Code    44  rtx_thread.o(.text.osRtxThreadListPut)
    osRtxThreadListRemove                    0x08001b69   Thumb Code    20  rtx_thread.o(.text.osRtxThreadListRemove)
    osRtxThreadListSort                      0x08001b89   Thumb Code    38  rtx_thread.o(.text.osRtxThreadListSort)
    osRtxThreadReadyPut                      0x08001bd9   Thumb Code    16  rtx_thread.o(.text.osRtxThreadReadyPut)
    osRtxThreadRegPtr                        0x08001bed   Thumb Code     6  rtx_thread.o(.text.osRtxThreadRegPtr)
    osRtxThreadStartup                       0x08001bf5   Thumb Code    48  rtx_thread.o(.text.osRtxThreadStartup)
    osRtxThreadSwitch                        0x08001c31   Thumb Code    12  rtx_thread.o(.text.osRtxThreadSwitch)
    osRtxThreadWaitEnter                     0x08001c41   Thumb Code    56  rtx_thread.o(.text.osRtxThreadWaitEnter)
    osRtxThreadWaitExit                      0x08001c7d   Thumb Code    34  rtx_thread.o(.text.osRtxThreadWaitExit)
    osRtxTick_Handler                        0x08001ca1   Thumb Code   116  rtx_system.o(.text.osRtxTick_Handler)
    osRtxTimerSetup                          0x08001d19   Thumb Code    24  rtx_timer.o(.text.osRtxTimerSetup)
    osRtxTimerThread                         0x08001d39   Thumb Code    32  rtx_timer.o(.text.osRtxTimerThread)
    osThreadExit                             0x08001dc9   Thumb Code     8  rtx_thread.o(.text.osThreadExit)
    osThreadFlagsSet                         0x08001dd5   Thumb Code    84  rtx_thread.o(.text.osThreadFlagsSet)
    osThreadFlagsWait                        0x08001e2d   Thumb Code    32  rtx_thread.o(.text.osThreadFlagsWait)
    osThreadNew                              0x08001e51   Thumb Code    32  rtx_thread.o(.text.osThreadNew)
    osThreadYield                            0x08001e75   Thumb Code    32  rtx_thread.o(.text.osThreadYield)
    osTimerNew                               0x08001e99   Thumb Code    32  rtx_timer.o(.text.osTimerNew)
    osTimerStart                             0x08001ebd   Thumb Code    32  rtx_timer.o(.text.osTimerStart)
    osTimerStop                              0x08001ee1   Thumb Code    32  rtx_timer.o(.text.osTimerStop)
    _btod_d2e                                0x080029c9   Thumb Code    62  btod.o(CL$$btod_d2e)
    _d2e_denorm_low                          0x08002a07   Thumb Code    70  btod.o(CL$$btod_d2e_denorm_low)
    _d2e_norm_op1                            0x08002a4d   Thumb Code    96  btod.o(CL$$btod_d2e_norm_op1)
    __btod_div_common                        0x08002aad   Thumb Code   696  btod.o(CL$$btod_div_common)
    _e2e                                     0x08002de5   Thumb Code   220  btod.o(CL$$btod_e2e)
    _btod_ediv                               0x08002ec1   Thumb Code    42  btod.o(CL$$btod_ediv)
    _btod_emul                               0x08002eeb   Thumb Code    42  btod.o(CL$$btod_emul)
    __btod_mult_common                       0x08002f15   Thumb Code   580  btod.o(CL$$btod_mult_common)
    ADC1_pins_F429ZI_config                  0x08003159   Thumb Code   124  vol.o(i.ADC1_pins_F429ZI_config)
    ADC_Init_Single_Conversion               0x0800333d   Thumb Code    66  vol.o(i.ADC_Init_Single_Conversion)
    ADC_getVoltage                           0x08003385   Thumb Code   124  vol.o(i.ADC_getVoltage)
    BusFault_Handler                         0x0800340d   Thumb Code     4  stm32f4xx_it.o(i.BusFault_Handler)
    DebugMon_Handler                         0x0800351b   Thumb Code     2  stm32f4xx_it.o(i.DebugMon_Handler)
    Delay                                    0x0800351d   Thumb Code    94  lcd.o(i.Delay)
    EXTI15_10_IRQHandler                     0x08003625   Thumb Code    44  stm32f4xx_it.o(i.EXTI15_10_IRQHandler)
    EscribeFrase                             0x08003b11   Thumb Code   102  lcd.o(i.EscribeFrase)
    GPIO_Init                                0x08003b81   Thumb Code   394  main.o(i.GPIO_Init)
    HAL_ADC_ConfigChannel                    0x08003d31   Thumb Code   400  stm32f4xx_hal_adc.o(i.HAL_ADC_ConfigChannel)
    HAL_ADC_GetValue                         0x08003ed5   Thumb Code     8  stm32f4xx_hal_adc.o(i.HAL_ADC_GetValue)
    HAL_ADC_Init                             0x08003edd   Thumb Code   100  stm32f4xx_hal_adc.o(i.HAL_ADC_Init)
    HAL_ADC_MspInit                          0x08003f45   Thumb Code     2  stm32f4xx_hal_adc.o(i.HAL_ADC_MspInit)
    HAL_ADC_PollForConversion                0x08003f47   Thumb Code   194  stm32f4xx_hal_adc.o(i.HAL_ADC_PollForConversion)
    HAL_ADC_Start                            0x08004009   Thumb Code   290  stm32f4xx_hal_adc.o(i.HAL_ADC_Start)
    HAL_DMA_Abort                            0x08004145   Thumb Code   170  stm32f4xx_hal_dma.o(i.HAL_DMA_Abort)
    HAL_DMA_Abort_IT                         0x080041ef   Thumb Code    40  stm32f4xx_hal_dma.o(i.HAL_DMA_Abort_IT)
    HAL_DMA_Init                             0x08004219   Thumb Code   232  stm32f4xx_hal_dma.o(i.HAL_DMA_Init)
    HAL_DMA_Start_IT                         0x08004305   Thumb Code   146  stm32f4xx_hal_dma.o(i.HAL_DMA_Start_IT)
    HAL_Delay                                0x08004399   Thumb Code    36  stm32f4xx_hal.o(i.HAL_Delay)
    HAL_GPIO_DeInit                          0x080043c1   Thumb Code   336  stm32f4xx_hal_gpio.o(i.HAL_GPIO_DeInit)
    HAL_GPIO_EXTI_Callback                   0x08004541   Thumb Code    16  stm32f4xx_it.o(i.HAL_GPIO_EXTI_Callback)
    HAL_GPIO_EXTI_IRQHandler                 0x08004559   Thumb Code    24  stm32f4xx_hal_gpio.o(i.HAL_GPIO_EXTI_IRQHandler)
    HAL_GPIO_Init                            0x08004575   Thumb Code   486  stm32f4xx_hal_gpio.o(i.HAL_GPIO_Init)
    HAL_GPIO_ReadPin                         0x08004791   Thumb Code    16  stm32f4xx_hal_gpio.o(i.HAL_GPIO_ReadPin)
    HAL_GPIO_WritePin                        0x080047a1   Thumb Code    12  stm32f4xx_hal_gpio.o(i.HAL_GPIO_WritePin)
    HAL_GetREVID                             0x080047ad   Thumb Code     8  stm32f4xx_hal.o(i.HAL_GetREVID)
    HAL_GetTick                              0x080047b9   Thumb Code    66  main.o(i.HAL_GetTick)
    HAL_Init                                 0x08004805   Thumb Code    44  stm32f4xx_hal.o(i.HAL_Init)
    HAL_InitTick                             0x08004835   Thumb Code    64  stm32f4xx_hal.o(i.HAL_InitTick)
    HAL_MspInit                              0x08004881   Thumb Code     2  stm32f4xx_hal.o(i.HAL_MspInit)
    HAL_NVIC_ClearPendingIRQ                 0x08004885   Thumb Code    30  stm32f4xx_hal_cortex.o(i.HAL_NVIC_ClearPendingIRQ)
    HAL_NVIC_DisableIRQ                      0x080048a9   Thumb Code    38  stm32f4xx_hal_cortex.o(i.HAL_NVIC_DisableIRQ)
    HAL_NVIC_EnableIRQ                       0x080048d5   Thumb Code    40  stm32f4xx_hal_cortex.o(i.HAL_NVIC_EnableIRQ)
    HAL_NVIC_SetPriority                     0x080048fd   Thumb Code   124  stm32f4xx_hal_cortex.o(i.HAL_NVIC_SetPriority)
    HAL_NVIC_SetPriorityGrouping             0x08004979   Thumb Code    32  stm32f4xx_hal_cortex.o(i.HAL_NVIC_SetPriorityGrouping)
    HAL_RCC_ClockConfig                      0x080049a1   Thumb Code   368  stm32f4xx_hal_rcc.o(i.HAL_RCC_ClockConfig)
    HAL_RCC_GetHCLKFreq                      0x08004b25   Thumb Code     6  stm32f4xx_hal_rcc.o(i.HAL_RCC_GetHCLKFreq)
    HAL_RCC_GetPCLK1Freq                     0x08004b31   Thumb Code    22  stm32f4xx_hal_rcc.o(i.HAL_RCC_GetPCLK1Freq)
    HAL_RCC_GetPCLK2Freq                     0x08004b51   Thumb Code    22  stm32f4xx_hal_rcc.o(i.HAL_RCC_GetPCLK2Freq)
    HAL_RCC_GetSysClockFreq                  0x08004b71   Thumb Code   162  stm32f4xx_hal_rcc.o(i.HAL_RCC_GetSysClockFreq)
    HAL_RCC_OscConfig                        0x08004c21   Thumb Code  1152  stm32f4xx_hal_rcc.o(i.HAL_RCC_OscConfig)
    HAL_SYSTICK_Config                       0x080050a9   Thumb Code    52  stm32f4xx_hal_cortex.o(i.HAL_SYSTICK_Config)
    HAL_TIM_Base_DeInit                      0x080050dd   Thumb Code    70  stm32f4xx_hal_tim.o(i.HAL_TIM_Base_DeInit)
    HAL_TIM_Base_Init                        0x08005123   Thumb Code    52  stm32f4xx_hal_tim.o(i.HAL_TIM_Base_Init)
    HAL_TIM_Base_MspDeInit                   0x08005157   Thumb Code     2  stm32f4xx_hal_tim.o(i.HAL_TIM_Base_MspDeInit)
    HAL_TIM_Base_MspInit                     0x08005159   Thumb Code     2  stm32f4xx_hal_tim.o(i.HAL_TIM_Base_MspInit)
    HAL_TIM_Base_Start_IT                    0x0800515b   Thumb Code    42  stm32f4xx_hal_tim.o(i.HAL_TIM_Base_Start_IT)
    HAL_TIM_Base_Stop                        0x08005185   Thumb Code    56  stm32f4xx_hal_tim.o(i.HAL_TIM_Base_Stop)
    HAL_TIM_PWM_ConfigChannel                0x080051bd   Thumb Code   264  stm32f4xx_hal_tim.o(i.HAL_TIM_PWM_ConfigChannel)
    HAL_TIM_PWM_Init                         0x080052c5   Thumb Code    52  stm32f4xx_hal_tim.o(i.HAL_TIM_PWM_Init)
    HAL_TIM_PWM_MspInit                      0x080052f9   Thumb Code     2  stm32f4xx_hal_tim.o(i.HAL_TIM_PWM_MspInit)
    HAL_TIM_PWM_Start                        0x080052fd   Thumb Code    80  stm32f4xx_hal_tim.o(i.HAL_TIM_PWM_Start)
    HAL_TIM_PWM_Stop                         0x08005355   Thumb Code   126  stm32f4xx_hal_tim.o(i.HAL_TIM_PWM_Stop)
    HardFault_Handler                        0x080053dd   Thumb Code     4  stm32f4xx_it.o(i.HardFault_Handler)
    I2C1_ER_IRQHandler                       0x080053f9   Thumb Code    10  i2c_stm32f4xx.o(i.I2C1_ER_IRQHandler)
    I2C1_EV_IRQHandler                       0x08005409   Thumb Code    10  i2c_stm32f4xx.o(i.I2C1_EV_IRQHandler)
    I2C2_ER_IRQHandler                       0x080054f9   Thumb Code    10  i2c_stm32f4xx.o(i.I2C2_ER_IRQHandler)
    I2C2_EV_IRQHandler                       0x08005509   Thumb Code    10  i2c_stm32f4xx.o(i.I2C2_EV_IRQHandler)
    I2C_RDA_Init                             0x08006975   Thumb Code    48  rda5807m.o(i.I2C_RDA_Init)
    I2C_Temp_Init                            0x08006abd   Thumb Code    48  temperatura.o(i.I2C_Temp_Init)
    Init_MsgQueue_LCD                        0x08006b29   Thumb Code    34  lcd.o(i.Init_MsgQueue_LCD)
    Init_MsgQueue_Pulsadores                 0x08006b59   Thumb Code    34  joystick.o(i.Init_MsgQueue_Pulsadores)
    Init_MsgQueue_RDA                        0x08006b89   Thumb Code    48  rda5807m.o(i.Init_MsgQueue_RDA)
    Init_MsgQueue_Temperatura                0x08006bc9   Thumb Code    34  temperatura.o(i.Init_MsgQueue_Temperatura)
    Init_Thread_Principal                    0x08006bf9   Thumb Code    20  principal.o(i.Init_Thread_Principal)
    Init_Thread_Vol                          0x08006c15   Thumb Code    34  vol.o(i.Init_Thread_Vol)
    Init_Timers_Clock                        0x08006c45   Thumb Code    56  clock.o(i.Init_Timers_Clock)
    Init_Timers_Joystick                     0x08006c89   Thumb Code    76  joystick.o(i.Init_Timers_Joystick)
    Init_Zumbador                            0x08006ced   Thumb Code    32  pwm.o(i.Init_Zumbador)
    LCD_Clean                                0x08006d15   Thumb Code    18  lcd.o(i.LCD_Clean)
    LCD_Reset                                0x08006d2d   Thumb Code   258  lcd.o(i.LCD_Reset)
    LCD_init                                 0x08006e51   Thumb Code    76  lcd.o(i.LCD_init)
    LCD_symbolToLocalBuffer_L1               0x08006e9d   Thumb Code    90  lcd.o(i.LCD_symbolToLocalBuffer_L1)
    LCD_symbolToLocalBuffer_L2               0x08006f05   Thumb Code    90  lcd.o(i.LCD_symbolToLocalBuffer_L2)
    LCD_update                               0x08006f6d   Thumb Code   156  lcd.o(i.LCD_update)
    LCD_wr_cmd                               0x0800700d   Thumb Code    82  lcd.o(i.LCD_wr_cmd)
    LCD_wr_data                              0x0800706d   Thumb Code    80  lcd.o(i.LCD_wr_data)
    MemManage_Handler                        0x080070c9   Thumb Code     4  stm32f4xx_it.o(i.MemManage_Handler)
    NMI_Handler                              0x080070cd   Thumb Code     2  stm32f4xx_it.o(i.NMI_Handler)
    RDA5807M_Frequency                       0x080070d1   Thumb Code    94  rda5807m.o(i.RDA5807M_Frequency)
    RDA5807M_Init                            0x08007145   Thumb Code    30  rda5807m.o(i.RDA5807M_Init)
    RDA5807M_PowerOff                        0x0800716d   Thumb Code    28  rda5807m.o(i.RDA5807M_PowerOff)
    RDA5807M_PowerOn                         0x08007191   Thumb Code    54  rda5807m.o(i.RDA5807M_PowerOn)
    RDA5807M_Readregisters                   0x080071d1   Thumb Code   140  rda5807m.o(i.RDA5807M_Readregisters)
    RDA5807M_Reset                           0x0800727d   Thumb Code    24  rda5807m.o(i.RDA5807M_Reset)
    RDA5807M_SeekDown                        0x08007295   Thumb Code    42  rda5807m.o(i.RDA5807M_SeekDown)
    RDA5807M_SeekUp                          0x080072c5   Thumb Code    42  rda5807m.o(i.RDA5807M_SeekUp)
    RDA5807M_Volume                          0x080072f5   Thumb Code    42  rda5807m.o(i.RDA5807M_Volume)
    RDA5807M_WriteAll                        0x08007329   Thumb Code    86  rda5807m.o(i.RDA5807M_WriteAll)
    SPI1_IRQHandler                          0x080073c1   Thumb Code    10  spi_stm32f4xx.o(i.SPI1_IRQHandler)
    SystemCoreClockUpdate                    0x08008109   Thumb Code   170  system_stm32f4xx.o(i.SystemCoreClockUpdate)
    SystemInit                               0x080081c9   Thumb Code    10  system_stm32f4xx.o(i.SystemInit)
    TIM_Base_SetConfig                       0x080081d9   Thumb Code   170  stm32f4xx_hal_tim.o(i.TIM_Base_SetConfig)
    TIM_CCxChannelCmd                        0x080082b1   Thumb Code    34  stm32f4xx_hal_tim.o(i.TIM_CCxChannelCmd)
    TIM_OC2_SetConfig                        0x08008345   Thumb Code   114  stm32f4xx_hal_tim.o(i.TIM_OC2_SetConfig)
    Thread_MsgQueue_Joystick                 0x0800848d   Thumb Code    30  joystick.o(i.Thread_MsgQueue_Joystick)
    Thread_MsgQueue_LCD                      0x080084b5   Thumb Code    50  lcd.o(i.Thread_MsgQueue_LCD)
    Thread_MsgQueue_RDA                      0x080084ed   Thumb Code   140  rda5807m.o(i.Thread_MsgQueue_RDA)
    Thread_MsgQueue_Temp                     0x08008581   Thumb Code   270  temperatura.o(i.Thread_MsgQueue_Temp)
    Thread_Principal                         0x080086ad   Thumb Code  3890  principal.o(i.Thread_Principal)
    Thread_Vol                               0x0800962d   Thumb Code   250  vol.o(i.Thread_Vol)
    Thread_Zumbador                          0x08009749   Thumb Code    42  pwm.o(i.Thread_Zumbador)
    UsageFault_Handler                       0x0800990d   Thumb Code     4  stm32f4xx_it.o(i.UsageFault_Handler)
    __ARM_fpclassify                         0x08009911   Thumb Code    40  fpclassify.o(i.__ARM_fpclassify)
    _is_digit                                0x08009971   Thumb Code    14  __printf_wp.o(i._is_digit)
    _mutex_acquire                           0x0800997f   Thumb Code    22  rtx_lib.o(i._mutex_acquire)
    _mutex_free                              0x08009995   Thumb Code    12  rtx_lib.o(i._mutex_free)
    _mutex_initialize                        0x080099a1   Thumb Code    34  rtx_lib.o(i._mutex_initialize)
    _mutex_release                           0x080099c3   Thumb Code    18  rtx_lib.o(i._mutex_release)
    _platform_post_stackheap_init            0x080099d5   Thumb Code     8  rtx_lib.o(i._platform_post_stackheap_init)
    callback_rda                             0x080099dd   Thumb Code    26  rda5807m.o(i.callback_rda)
    callback_temp                            0x080099fd   Thumb Code    24  temperatura.o(i.callback_temp)
    main                                     0x08009a19   Thumb Code    72  main.o(i.main)
    osRtxErrorNotify                         0x08009a61   Thumb Code    32  rtx_config.o(i.osRtxErrorNotify)
    osRtxIdleThread                          0x08009a81   Thumb Code     4  rtx_config.o(i.osRtxIdleThread)
    _get_lc_numeric                          0x08009aa5   Thumb Code    44  lc_numeric_c.o(locale$$code)
    __aeabi_d2f                              0x08009ad1   Thumb Code     0  d2f.o(x$fpl$d2f)
    _d2f                                     0x08009ad1   Thumb Code    98  d2f.o(x$fpl$d2f)
    __aeabi_dadd                             0x08009b35   Thumb Code     0  daddsub_clz.o(x$fpl$dadd)
    _dadd                                    0x08009b35   Thumb Code   332  daddsub_clz.o(x$fpl$dadd)
    __aeabi_ddiv                             0x08009c85   Thumb Code     0  ddiv.o(x$fpl$ddiv)
    _ddiv                                    0x08009c85   Thumb Code   552  ddiv.o(x$fpl$ddiv)
    __aeabi_d2iz                             0x08009f35   Thumb Code     0  dfix.o(x$fpl$dfix)
    _dfix                                    0x08009f35   Thumb Code    94  dfix.o(x$fpl$dfix)
    __aeabi_i2d                              0x08009f93   Thumb Code     0  dflt_clz.o(x$fpl$dflt)
    _dflt                                    0x08009f93   Thumb Code    46  dflt_clz.o(x$fpl$dflt)
    __aeabi_ui2d                             0x08009fc1   Thumb Code     0  dflt_clz.o(x$fpl$dfltu)
    _dfltu                                   0x08009fc1   Thumb Code    38  dflt_clz.o(x$fpl$dfltu)
    __aeabi_dmul                             0x08009fe9   Thumb Code     0  dmul.o(x$fpl$dmul)
    _dmul                                    0x08009fe9   Thumb Code   332  dmul.o(x$fpl$dmul)
    __fpl_dnaninf                            0x0800a13d   Thumb Code   156  dnaninf.o(x$fpl$dnaninf)
    __fpl_dretinf                            0x0800a1d9   Thumb Code    12  dretinf.o(x$fpl$dretinf)
    __aeabi_dsub                             0x0800a1e5   Thumb Code     0  daddsub_clz.o(x$fpl$dsub)
    _dsub                                    0x0800a1e5   Thumb Code   464  daddsub_clz.o(x$fpl$dsub)
    __aeabi_f2d                              0x0800a3b9   Thumb Code     0  f2d.o(x$fpl$f2d)
    _f2d                                     0x0800a3b9   Thumb Code    86  f2d.o(x$fpl$f2d)
    __fpl_fcmp_Inf                           0x0800a40f   Thumb Code    24  fcmpi.o(x$fpl$fcmpinf)
    __aeabi_cfcmpeq                          0x0800a429   Thumb Code     0  feqf.o(x$fpl$feqf)
    _fcmpeq                                  0x0800a429   Thumb Code   104  feqf.o(x$fpl$feqf)
    __fpl_fnaninf                            0x0800a491   Thumb Code   140  fnaninf.o(x$fpl$fnaninf)
    __fpl_fretinf                            0x0800a51d   Thumb Code    10  fretinf.o(x$fpl$fretinf)
    _printf_fp_dec                           0x0800a527   Thumb Code     4  printf1.o(x$fpl$printf1)
    Arial12x12                               0x0800a52a   Data        2400  lcd.o(.constdata)
    __I$use$fp                               0x0800a52a   Number         0  usenofp.o(x$fpl$usenofp)
    irqRtxLibRef                             0x0800aeec   Data           4  rtx_lib.o(.constdata)
    osRtxUserSVC                             0x0800aef0   Data           4  rtx_lib.o(.constdata)
    Driver_I2C1                              0x0800af5c   Data          48  i2c_stm32f4xx.o(.constdata)
    Driver_I2C2                              0x0800af8c   Data          48  i2c_stm32f4xx.o(.constdata)
    Driver_SPI1                              0x0800b010   Data          44  spi_stm32f4xx.o(.constdata)
    AHBPrescTable                            0x0800b044   Data          16  system_stm32f4xx.o(.constdata)
    APBPrescTable                            0x0800b054   Data           8  system_stm32f4xx.o(.constdata)
    osRtxConfig                              0x0800b104   Data         112  rtx_lib.o(.rodata)
    os_cb_sections                           0x0800b174   Data          56  rtx_lib.o(.rodata)
    irqRtxLib                                0x0800b1ac   Number         0  irq_armv7m.o(.rodata)
    Region$$Table$$Base                      0x0800b1bc   Number         0  anon$$obj.o(Region$$Table)
    Region$$Table$$Limit                     0x0800b1dc   Number         0  anon$$obj.o(Region$$Table)
    .bss.os.msgqueue.cb$$Base                0x20008040   Number         0  rtx_lib.o(.bss.os.msgqueue.cb)
    .bss.os.msgqueue.cb$$Limit               0x20008074   Number         0  rtx_lib.o(.bss.os.msgqueue.cb)
    .bss.os.thread.cb$$Base                  0x200080c4   Number         0  rtx_lib.o(.bss.os.thread.cb)
    .bss.os.thread.cb$$Limit                 0x2000814c   Number         0  rtx_lib.o(.bss.os.thread.cb)
    tid_Thread_Principal                     0x20008554   Data           4  principal.o(.data)
    MODO                                     0x20008558   Data           4  principal.o(.data)
    ESTADO_PROG_HORA                         0x2000855c   Data           4  principal.o(.data)
    MODO_SELECTOR                            0x20008560   Data           4  principal.o(.data)
    horas_aux                                0x20008564   Data           4  principal.o(.data)
    minutos_aux                              0x20008568   Data           4  principal.o(.data)
    segundos_aux                             0x2000856c   Data           4  principal.o(.data)
    boolean_aux                              0x20008570   Data           1  principal.o(.data)
    tim_id_clock                             0x20008574   Data           4  clock.o(.data)
    horas                                    0x2000857c   Data           4  clock.o(.data)
    minutos                                  0x20008580   Data           4  clock.o(.data)
    segundos                                 0x20008584   Data           4  clock.o(.data)
    SPIdrv                                   0x20008588   Data           4  lcd.o(.data)
    positionL1                               0x2000858c   Data           2  lcd.o(.data)
    positionL2                               0x2000858e   Data           2  lcd.o(.data)
    i                                        0x20008590   Data           4  lcd.o(.data)
    mid_LCD_Queue                            0x20008594   Data           4  lcd.o(.data)
    tid_ThreadLCD_MsgQueue1                  0x20008598   Data           4  lcd.o(.data)
    temperatura                              0x200085a0   Data           4  temperatura.o(.data)
    cmd                                      0x200085a4   Data           2  temperatura.o(.data)
    temp                                     0x200085a6   Data           2  temperatura.o(.data)
    temperatura_bytes                        0x200085a8   Data           2  temperatura.o(.data)
    mid_MsgQueue_temp                        0x200085ac   Data           4  temperatura.o(.data)
    tid_Thread_MsgQueue_Temp                 0x200085b0   Data           4  temperatura.o(.data)
    msg_temp                                 0x200085b4   Data           4  temperatura.o(.data)
    mid_MsgQueue_RDA                         0x200085b8   Data           4  rda5807m.o(.data)
    mid_MsgQueue_RDA_pp                      0x200085bc   Data           4  rda5807m.o(.data)
    tid_Thread_MsgQueue_RDA                  0x200085c0   Data           4  rda5807m.o(.data)
    msg_RDA_pp                               0x200085c4   Data           4  rda5807m.o(.data)
    RDA5807M_WriteRegDef                     0x200085cc   Data          24  rda5807m.o(.data)
    power                                    0x200085e4   Data           4  rda5807m.o(.data)
    volume                                   0x200085e8   Data           4  rda5807m.o(.data)
    mute                                     0x200085ec   Data           4  rda5807m.o(.data)
    afc                                      0x200085f0   Data           4  rda5807m.o(.data)
    rds                                      0x200085f4   Data           4  rda5807m.o(.data)
    block1                                   0x200085f8   Data           4  rda5807m.o(.data)
    block2                                   0x200085fc   Data           4  rda5807m.o(.data)
    block3                                   0x20008600   Data           4  rda5807m.o(.data)
    block4                                   0x20008604   Data           4  rda5807m.o(.data)
    rdsready                                 0x20008608   Data           4  rda5807m.o(.data)
    tuneok                                   0x2000860c   Data           4  rda5807m.o(.data)
    nochannel                                0x20008610   Data           4  rda5807m.o(.data)
    rdssynchro                               0x20008614   Data           4  rda5807m.o(.data)
    stereo                                   0x20008618   Data           4  rda5807m.o(.data)
    signal                                   0x2000861c   Data           4  rda5807m.o(.data)
    fmready                                  0x20008620   Data           4  rda5807m.o(.data)
    fmstation                                0x20008624   Data           4  rda5807m.o(.data)
    rdsblockerror                            0x20008628   Data           4  rda5807m.o(.data)
    freq                                     0x2000862c   Data           4  rda5807m.o(.data)
    freq2                                    0x20008630   Data           4  rda5807m.o(.data)
    tim_id1_long_short                       0x20008634   Data           4  joystick.o(.data)
    tim_id2_rebotes                          0x2000863c   Data           4  joystick.o(.data)
    mid_PulsadorQueue                        0x20008644   Data           4  joystick.o(.data)
    msg_joystick                             0x20008648   Data           4  joystick.o(.data)
    cont_center                              0x2000864c   Data           4  joystick.o(.data)
    tid_Thread_MsgQueue_Joystick             0x20008650   Data           4  joystick.o(.data)
    tid_Thread_Zumbador                      0x20008654   Data           4  pwm.o(.data)
    tid_Thread_Vol                           0x20008658   Data           4  vol.o(.data)
    tid_Thread_MsgQueue_Vol                  0x2000865c   Data           4  vol.o(.data)
    mid_Vol_Queue                            0x20008660   Data           4  vol.o(.data)
    msg_vol                                  0x20008664   Data           4  vol.o(.data)
    value                                    0x20008668   Data           4  vol.o(.data)
    valor                                    0x2000866c   Data           4  vol.o(.data)
    uwTick                                   0x20008674   Data           4  stm32f4xx_hal.o(.data)
    uwTickPrio                               0x20008678   Data           4  stm32f4xx_hal.o(.data)
    uwTickFreq                               0x2000867c   Data           1  stm32f4xx_hal.o(.data)
    SystemCoreClock                          0x20008680   Data           4  system_stm32f4xx.o(.data)
    osRtxInfo                                0x20008684   Data         164  rtx_kernel.o(.data.os)
    tim2                                     0x2000873c   Data          64  main.o(.bss)
    octim4                                   0x2000877c   Data          28  main.o(.bss)
    tim7                                     0x20008798   Data          64  lcd.o(.bss)
    GPIO_InitStruct                          0x200087d8   Data          20  lcd.o(.bss)
    buffer                                   0x200087ec   Data         512  lcd.o(.bss)
    msg_lcd                                  0x200089ec   Data          72  lcd.o(.bss)
    msg_RDA                                  0x20008a34   Data          12  rda5807m.o(.bss)
    RDA5807M_ReadReg                         0x20008a40   Data          28  rda5807m.o(.bss)
    RDA5807M_WriteReg                        0x20008a5c   Data          32  rda5807m.o(.bss)
    __libspace_start                         0x20008af8   Data          96  libspace.o(.bss)
    __temporary_stack_top$libspace           0x20008b58   Data           0  libspace.o(.bss)



==============================================================================

Memory Map of the image

  Image Entry point : 0x080001ad

  Load Region LR_IROM1 (Base: 0x08000000, Size: 0x00013920, Max: 0x00200000, ABSOLUTE, COMPRESSED[0x0000b338])

    Execution Region ER_IROM1 (Exec base: 0x08000000, Load base: 0x08000000, Size: 0x0000b1f8, Max: 0x00200000, ABSOLUTE)

    Exec Addr    Load Addr    Size         Type   Attr      Idx    E Section Name        Object

    0x08000000   0x08000000   0x000001ac   Data   RO         4458    RESET               startup_stm32f429xx.o
    0x080001ac   0x080001ac   0x00000008   Code   RO         5031  * !!!main             c_w.l(__main.o)
    0x080001b4   0x080001b4   0x00000034   Code   RO         5299    !!!scatter          c_w.l(__scatter.o)
    0x080001e8   0x080001e8   0x0000005a   Code   RO         5297    !!dczerorl2         c_w.l(__dczerorl2.o)
    0x08000242   0x08000242   0x00000002   PAD
    0x08000244   0x08000244   0x0000001c   Code   RO         5301    !!handler_zi        c_w.l(__scatter_zi.o)
    0x08000260   0x08000260   0x00000000   Code   RO         5020    .ARM.Collect$$_printf_percent$$00000000  c_w.l(_printf_percent.o)
    0x08000260   0x08000260   0x00000006   Code   RO         5019    .ARM.Collect$$_printf_percent$$00000003  c_w.l(_printf_f.o)
    0x08000266   0x08000266   0x00000006   Code   RO         5018    .ARM.Collect$$_printf_percent$$00000009  c_w.l(_printf_d.o)
    0x0800026c   0x0800026c   0x00000004   Code   RO         5076    .ARM.Collect$$_printf_percent$$00000017  c_w.l(_printf_percent_end.o)
    0x08000270   0x08000270   0x00000002   Code   RO         5168    .ARM.Collect$$libinit$$00000000  c_w.l(libinit.o)
    0x08000272   0x08000272   0x00000000   Code   RO         5170    .ARM.Collect$$libinit$$00000002  c_w.l(libinit2.o)
    0x08000272   0x08000272   0x00000000   Code   RO         5172    .ARM.Collect$$libinit$$00000004  c_w.l(libinit2.o)
    0x08000272   0x08000272   0x00000000   Code   RO         5175    .ARM.Collect$$libinit$$0000000A  c_w.l(libinit2.o)
    0x08000272   0x08000272   0x00000000   Code   RO         5177    .ARM.Collect$$libinit$$0000000C  c_w.l(libinit2.o)
    0x08000272   0x08000272   0x00000000   Code   RO         5179    .ARM.Collect$$libinit$$0000000E  c_w.l(libinit2.o)
    0x08000272   0x08000272   0x00000006   Code   RO         5180    .ARM.Collect$$libinit$$0000000F  c_w.l(libinit2.o)
    0x08000278   0x08000278   0x00000000   Code   RO         5182    .ARM.Collect$$libinit$$00000011  c_w.l(libinit2.o)
    0x08000278   0x08000278   0x00000000   Code   RO         5184    .ARM.Collect$$libinit$$00000013  c_w.l(libinit2.o)
    0x08000278   0x08000278   0x00000000   Code   RO         5186    .ARM.Collect$$libinit$$00000015  c_w.l(libinit2.o)
    0x08000278   0x08000278   0x0000000a   Code   RO         5187    .ARM.Collect$$libinit$$00000016  c_w.l(libinit2.o)
    0x08000282   0x08000282   0x00000000   Code   RO         5188    .ARM.Collect$$libinit$$00000017  c_w.l(libinit2.o)
    0x08000282   0x08000282   0x00000000   Code   RO         5190    .ARM.Collect$$libinit$$00000019  c_w.l(libinit2.o)
    0x08000282   0x08000282   0x00000000   Code   RO         5192    .ARM.Collect$$libinit$$0000001B  c_w.l(libinit2.o)
    0x08000282   0x08000282   0x00000000   Code   RO         5194    .ARM.Collect$$libinit$$0000001D  c_w.l(libinit2.o)
    0x08000282   0x08000282   0x00000000   Code   RO         5196    .ARM.Collect$$libinit$$0000001F  c_w.l(libinit2.o)
    0x08000282   0x08000282   0x00000000   Code   RO         5198    .ARM.Collect$$libinit$$00000021  c_w.l(libinit2.o)
    0x08000282   0x08000282   0x00000000   Code   RO         5200    .ARM.Collect$$libinit$$00000023  c_w.l(libinit2.o)
    0x08000282   0x08000282   0x00000000   Code   RO         5202    .ARM.Collect$$libinit$$00000025  c_w.l(libinit2.o)
    0x08000282   0x08000282   0x00000000   Code   RO         5206    .ARM.Collect$$libinit$$0000002C  c_w.l(libinit2.o)
    0x08000282   0x08000282   0x00000000   Code   RO         5208    .ARM.Collect$$libinit$$0000002E  c_w.l(libinit2.o)
    0x08000282   0x08000282   0x00000000   Code   RO         5210    .ARM.Collect$$libinit$$00000030  c_w.l(libinit2.o)
    0x08000282   0x08000282   0x00000000   Code   RO         5212    .ARM.Collect$$libinit$$00000032  c_w.l(libinit2.o)
    0x08000282   0x08000282   0x00000002   Code   RO         5213    .ARM.Collect$$libinit$$00000033  c_w.l(libinit2.o)
    0x08000284   0x08000284   0x00000002   Code   RO         5260    .ARM.Collect$$libshutdown$$00000000  c_w.l(libshutdown.o)
    0x08000286   0x08000286   0x00000000   Code   RO         5278    .ARM.Collect$$libshutdown$$00000002  c_w.l(libshutdown2.o)
    0x08000286   0x08000286   0x00000000   Code   RO         5280    .ARM.Collect$$libshutdown$$00000004  c_w.l(libshutdown2.o)
    0x08000286   0x08000286   0x00000000   Code   RO         5282    .ARM.Collect$$libshutdown$$00000006  c_w.l(libshutdown2.o)
    0x08000286   0x08000286   0x00000000   Code   RO         5285    .ARM.Collect$$libshutdown$$00000009  c_w.l(libshutdown2.o)
    0x08000286   0x08000286   0x00000000   Code   RO         5288    .ARM.Collect$$libshutdown$$0000000C  c_w.l(libshutdown2.o)
    0x08000286   0x08000286   0x00000000   Code   RO         5290    .ARM.Collect$$libshutdown$$0000000E  c_w.l(libshutdown2.o)
    0x08000286   0x08000286   0x00000000   Code   RO         5293    .ARM.Collect$$libshutdown$$00000011  c_w.l(libshutdown2.o)
    0x08000286   0x08000286   0x00000002   Code   RO         5294    .ARM.Collect$$libshutdown$$00000012  c_w.l(libshutdown2.o)
    0x08000288   0x08000288   0x00000000   Code   RO         5063    .ARM.Collect$$rtentry$$00000000  c_w.l(__rtentry.o)
    0x08000288   0x08000288   0x00000000   Code   RO         5091    .ARM.Collect$$rtentry$$00000002  c_w.l(__rtentry2.o)
    0x08000288   0x08000288   0x00000006   Code   RO         5103    .ARM.Collect$$rtentry$$00000004  c_w.l(__rtentry4.o)
    0x0800028e   0x0800028e   0x00000008   Code   RO         5092    .ARM.Collect$$rtentry$$00000008  c_w.l(__rtentry2.o)
    0x08000296   0x08000296   0x00000004   Code   RO         5094    .ARM.Collect$$rtentry$$0000000A  c_w.l(__rtentry2.o)
    0x0800029a   0x0800029a   0x00000000   Code   RO         5096    .ARM.Collect$$rtentry$$0000000C  c_w.l(__rtentry2.o)
    0x0800029a   0x0800029a   0x00000008   Code   RO         5097    .ARM.Collect$$rtentry$$0000000D  c_w.l(__rtentry2.o)
    0x080002a2   0x080002a2   0x00000002   Code   RO         5214    .ARM.Collect$$rtexit$$00000000  c_w.l(rtexit.o)
    0x080002a4   0x080002a4   0x00000000   Code   RO         5229    .ARM.Collect$$rtexit$$00000002  c_w.l(rtexit2.o)
    0x080002a4   0x080002a4   0x00000004   Code   RO         5230    .ARM.Collect$$rtexit$$00000003  c_w.l(rtexit2.o)
    0x080002a8   0x080002a8   0x00000006   Code   RO         5231    .ARM.Collect$$rtexit$$00000004  c_w.l(rtexit2.o)
    0x080002ae   0x080002ae   0x00000002   PAD
    0x080002b0   0x080002b0   0x00000040   Code   RO         4459    .text               startup_stm32f429xx.o
    0x080002f0   0x080002f0   0x00000094   Code   RO         4872    .text               RTX_CM3.lib(irq_armv7m.o)
    0x08000384   0x08000384   0x000000ee   Code   RO         4988    .text               c_w.l(lludivv7m.o)
    0x08000472   0x08000472   0x00000002   PAD
    0x08000474   0x08000474   0x00000028   Code   RO         4992    .text               c_w.l(noretval__2sprintf.o)
    0x0800049c   0x0800049c   0x00000078   Code   RO         4996    .text               c_w.l(_printf_dec.o)
    0x08000514   0x08000514   0x00000188   Code   RO         5015    .text               c_w.l(__printf_flags_ss_wp.o)
    0x0800069c   0x0800069c   0x0000003e   Code   RO         5021    .text               c_w.l(strlen.o)
    0x080006da   0x080006da   0x0000008a   Code   RO         5023    .text               c_w.l(rt_memcpy_v6.o)
    0x08000764   0x08000764   0x00000044   Code   RO         5025    .text               c_w.l(rt_memclr.o)
    0x080007a8   0x080007a8   0x0000004e   Code   RO         5027    .text               c_w.l(rt_memclr_w.o)
    0x080007f6   0x080007f6   0x00000006   Code   RO         5029    .text               c_w.l(heapauxi.o)
    0x080007fc   0x080007fc   0x000000b2   Code   RO         5068    .text               c_w.l(_printf_intcommon.o)
    0x080008ae   0x080008ae   0x0000041e   Code   RO         5070    .text               c_w.l(_printf_fp_dec.o)
    0x08000ccc   0x08000ccc   0x00000030   Code   RO         5072    .text               c_w.l(_printf_char_common.o)
    0x08000cfc   0x08000cfc   0x0000000a   Code   RO         5074    .text               c_w.l(_sputc.o)
    0x08000d06   0x08000d06   0x00000064   Code   RO         5077    .text               c_w.l(rt_memcpy_w.o)
    0x08000d6a   0x08000d6a   0x0000000a   Code   RO         5112    .text               c_w.l(rt_locale_twolibspace.o)
    0x08000d74   0x08000d74   0x0000008a   Code   RO         5114    .text               c_w.l(lludiv10.o)
    0x08000dfe   0x08000dfe   0x00000002   PAD
    0x08000e00   0x08000e00   0x00000080   Code   RO         5116    .text               c_w.l(_printf_fp_infnan.o)
    0x08000e80   0x08000e80   0x000000e4   Code   RO         5120    .text               c_w.l(bigflt0.o)
    0x08000f64   0x08000f64   0x00000008   Code   RO         5152    .text               c_w.l(libspace.o)
    0x08000f6c   0x08000f6c   0x0000004a   Code   RO         5155    .text               c_w.l(sys_stackheap_outer.o)
    0x08000fb6   0x08000fb6   0x00000012   Code   RO         5157    .text               c_w.l(exit.o)
    0x08000fc8   0x08000fc8   0x00000080   Code   RO         5163    .text               c_w.l(strcmpv7m.o)
    0x08001048   0x08001048   0x0000000c   Code   RO         5226    .text               c_w.l(sys_exit.o)
    0x08001054   0x08001054   0x00000002   Code   RO         5247    .text               c_w.l(use_no_semi.o)
    0x08001056   0x08001056   0x00000000   Code   RO         5249    .text               c_w.l(indicate_semi.o)
    0x08001056   0x08001056   0x00000040   Code   RO         4855    .text.MessageQueueGet  RTX_CM3.lib(rtx_msgqueue.o)
    0x08001096   0x08001096   0x00000058   Code   RO         4849    .text.MessageQueuePut  RTX_CM3.lib(rtx_msgqueue.o)
    0x080010ee   0x080010ee   0x0000001c   Code   RO         4847    .text.MessageQueueRemove  RTX_CM3.lib(rtx_msgqueue.o)
    0x0800110a   0x0800110a   0x00000002   PAD
    0x0800110c   0x0800110c   0x0000000c   Code   RO         4966    .text.OS_Tick_AcknowledgeIRQ  RTX_CM3.lib(os_systick.o)
    0x08001118   0x08001118   0x0000002c   Code   RO         4962    .text.OS_Tick_Enable  RTX_CM3.lib(os_systick.o)
    0x08001144   0x08001144   0x00000006   Code   RO         4968    .text.OS_Tick_GetIRQn  RTX_CM3.lib(os_systick.o)
    0x0800114a   0x0800114a   0x00000002   PAD
    0x0800114c   0x0800114c   0x00000040   Code   RO         4960    .text.OS_Tick_Setup  RTX_CM3.lib(os_systick.o)
    0x0800118c   0x0800118c   0x0000000c   Code   RO         4559    .text.OUTLINED_FUNCTION_0  RTX_CM3.lib(rtx_kernel.o)
    0x08001198   0x08001198   0x00000006   Code   RO         4701    .text.OUTLINED_FUNCTION_0  RTX_CM3.lib(rtx_thread.o)
    0x0800119e   0x0800119e   0x0000000c   Code   RO         4863    .text.OUTLINED_FUNCTION_0  RTX_CM3.lib(rtx_msgqueue.o)
    0x080011aa   0x080011aa   0x00000006   Code   RO         4561    .text.OUTLINED_FUNCTION_1  RTX_CM3.lib(rtx_kernel.o)
    0x080011b0   0x080011b0   0x00000064   Code   RO         4653    .text.ThreadFlagsCheck  RTX_CM3.lib(rtx_thread.o)
    0x08001214   0x08001214   0x00000048   Code   RO         4753    .text.TimerInsert   RTX_CM3.lib(rtx_timer.o)
    0x0800125c   0x0800125c   0x00000028   Code   RO         4761    .text.TimerRemove   RTX_CM3.lib(rtx_timer.o)
    0x08001284   0x08001284   0x00000024   Code   RO         4719    .text.osDelay       RTX_CM3.lib(rtx_delay.o)
    0x080012a8   0x080012a8   0x00000030   Code   RO         4511    .text.osKernelGetState  RTX_CM3.lib(rtx_kernel.o)
    0x080012d8   0x080012d8   0x00000028   Code   RO         4527    .text.osKernelGetTickCount  RTX_CM3.lib(rtx_kernel.o)
    0x08001300   0x08001300   0x0000002c   Code   RO         4505    .text.osKernelInitialize  RTX_CM3.lib(rtx_kernel.o)
    0x0800132c   0x0800132c   0x00000024   Code   RO         4515    .text.osKernelStart  RTX_CM3.lib(rtx_kernel.o)
    0x08001350   0x08001350   0x00000070   Code   RO         4823    .text.osMessageQueueGet  RTX_CM3.lib(rtx_msgqueue.o)
    0x080013c0   0x080013c0   0x00000024   Code   RO         4817    .text.osMessageQueueNew  RTX_CM3.lib(rtx_msgqueue.o)
    0x080013e4   0x080013e4   0x00000080   Code   RO         4821    .text.osMessageQueuePut  RTX_CM3.lib(rtx_msgqueue.o)
    0x08001464   0x08001464   0x00000024   Code   RO         4785    .text.osMutexAcquire  RTX_CM3.lib(rtx_mutex.o)
    0x08001488   0x08001488   0x00000024   Code   RO         4791    .text.osMutexDelete  RTX_CM3.lib(rtx_mutex.o)
    0x080014ac   0x080014ac   0x00000024   Code   RO         4781    .text.osMutexNew    RTX_CM3.lib(rtx_mutex.o)
    0x080014d0   0x080014d0   0x00000024   Code   RO         4787    .text.osMutexRelease  RTX_CM3.lib(rtx_mutex.o)
    0x080014f4   0x080014f4   0x00000004   Code   RO         4503    .text.osRtxKernelErrorNotify  RTX_CM3.lib(rtx_kernel.o)
    0x080014f8   0x080014f8   0x00000002   Code   RO         4501    .text.osRtxKernelPreInit  RTX_CM3.lib(rtx_kernel.o)
    0x080014fa   0x080014fa   0x0000006c   Code   RO         4882    .text.osRtxMemoryAlloc  RTX_CM3.lib(rtx_memory.o)
    0x08001566   0x08001566   0x00000042   Code   RO         4884    .text.osRtxMemoryFree  RTX_CM3.lib(rtx_memory.o)
    0x080015a8   0x080015a8   0x00000036   Code   RO         4880    .text.osRtxMemoryInit  RTX_CM3.lib(rtx_memory.o)
    0x080015de   0x080015de   0x0000003a   Code   RO         4896    .text.osRtxMemoryPoolAlloc  RTX_CM3.lib(rtx_mempool.o)
    0x08001618   0x08001618   0x0000004a   Code   RO         4898    .text.osRtxMemoryPoolFree  RTX_CM3.lib(rtx_mempool.o)
    0x08001662   0x08001662   0x00000038   Code   RO         4894    .text.osRtxMemoryPoolInit  RTX_CM3.lib(rtx_mempool.o)
    0x0800169a   0x0800169a   0x000000aa   Code   RO         4845    .text.osRtxMessageQueuePostProcess  RTX_CM3.lib(rtx_msgqueue.o)
    0x08001744   0x08001744   0x00000028   Code   RO         4813    .text.osRtxMessageQueueTimerSetup  RTX_CM3.lib(rtx_msgqueue.o)
    0x0800176c   0x0800176c   0x00000048   Code   RO         4777    .text.osRtxMutexOwnerRelease  RTX_CM3.lib(rtx_mutex.o)
    0x080017b4   0x080017b4   0x00000042   Code   RO         4779    .text.osRtxMutexOwnerRestore  RTX_CM3.lib(rtx_mutex.o)
    0x080017f6   0x080017f6   0x00000002   PAD
    0x080017f8   0x080017f8   0x0000008c   Code   RO         4948    .text.osRtxPendSV_Handler  RTX_CM3.lib(rtx_system.o)
    0x08001884   0x08001884   0x00000074   Code   RO         4950    .text.osRtxPostProcess  RTX_CM3.lib(rtx_system.o)
    0x080018f8   0x080018f8   0x00000038   Code   RO         4593    .text.osRtxThreadBlock  RTX_CM3.lib(rtx_thread.o)
    0x08001930   0x08001930   0x00000080   Code   RO         4601    .text.osRtxThreadDelayInsert  RTX_CM3.lib(rtx_thread.o)
    0x080019b0   0x080019b0   0x00000040   Code   RO         4597    .text.osRtxThreadDelayRemove  RTX_CM3.lib(rtx_thread.o)
    0x080019f0   0x080019f0   0x0000004c   Code   RO         4583    .text.osRtxThreadDelayTick  RTX_CM3.lib(rtx_thread.o)
    0x08001a3c   0x08001a3c   0x00000024   Code   RO         4685    .text.osRtxThreadDestroy  RTX_CM3.lib(rtx_thread.o)
    0x08001a60   0x08001a60   0x00000054   Code   RO         4591    .text.osRtxThreadDispatch  RTX_CM3.lib(rtx_thread.o)
    0x08001ab4   0x08001ab4   0x00000058   Code   RO         4677    .text.osRtxThreadFree  RTX_CM3.lib(rtx_thread.o)
    0x08001b0c   0x08001b0c   0x0000001e   Code   RO         4683    .text.osRtxThreadJoinWakeup  RTX_CM3.lib(rtx_thread.o)
    0x08001b2a   0x08001b2a   0x00000012   Code   RO         4575    .text.osRtxThreadListGet  RTX_CM3.lib(rtx_thread.o)
    0x08001b3c   0x08001b3c   0x0000002c   Code   RO         4573    .text.osRtxThreadListPut  RTX_CM3.lib(rtx_thread.o)
    0x08001b68   0x08001b68   0x00000014   Code   RO         4579    .text.osRtxThreadListRemove  RTX_CM3.lib(rtx_thread.o)
    0x08001b7c   0x08001b7c   0x0000000c   Code   RO         4585    .text.osRtxThreadListRoot  RTX_CM3.lib(rtx_thread.o)
    0x08001b88   0x08001b88   0x00000026   Code   RO         4577    .text.osRtxThreadListSort  RTX_CM3.lib(rtx_thread.o)
    0x08001bae   0x08001bae   0x00000028   Code   RO         4651    .text.osRtxThreadPostProcess  RTX_CM3.lib(rtx_thread.o)
    0x08001bd6   0x08001bd6   0x00000002   PAD
    0x08001bd8   0x08001bd8   0x00000014   Code   RO         4581    .text.osRtxThreadReadyPut  RTX_CM3.lib(rtx_thread.o)
    0x08001bec   0x08001bec   0x00000006   Code   RO         4587    .text.osRtxThreadRegPtr  RTX_CM3.lib(rtx_thread.o)
    0x08001bf2   0x08001bf2   0x00000002   PAD
    0x08001bf4   0x08001bf4   0x0000003c   Code   RO         4603    .text.osRtxThreadStartup  RTX_CM3.lib(rtx_thread.o)
    0x08001c30   0x08001c30   0x00000010   Code   RO         4589    .text.osRtxThreadSwitch  RTX_CM3.lib(rtx_thread.o)
    0x08001c40   0x08001c40   0x0000003c   Code   RO         4599    .text.osRtxThreadWaitEnter  RTX_CM3.lib(rtx_thread.o)
    0x08001c7c   0x08001c7c   0x00000022   Code   RO         4595    .text.osRtxThreadWaitExit  RTX_CM3.lib(rtx_thread.o)
    0x08001c9e   0x08001c9e   0x00000002   PAD
    0x08001ca0   0x08001ca0   0x00000078   Code   RO         4946    .text.osRtxTick_Handler  RTX_CM3.lib(rtx_system.o)
    0x08001d18   0x08001d18   0x00000020   Code   RO         4735    .text.osRtxTimerSetup  RTX_CM3.lib(rtx_timer.o)
    0x08001d38   0x08001d38   0x00000020   Code   RO         4739    .text.osRtxTimerThread  RTX_CM3.lib(rtx_timer.o)
    0x08001d58   0x08001d58   0x00000070   Code   RO         4737    .text.osRtxTimerTick  RTX_CM3.lib(rtx_timer.o)
    0x08001dc8   0x08001dc8   0x0000000c   Code   RO         4635    .text.osThreadExit  RTX_CM3.lib(rtx_thread.o)
    0x08001dd4   0x08001dd4   0x00000058   Code   RO         4643    .text.osThreadFlagsSet  RTX_CM3.lib(rtx_thread.o)
    0x08001e2c   0x08001e2c   0x00000024   Code   RO         4649    .text.osThreadFlagsWait  RTX_CM3.lib(rtx_thread.o)
    0x08001e50   0x08001e50   0x00000024   Code   RO         4607    .text.osThreadNew   RTX_CM3.lib(rtx_thread.o)
    0x08001e74   0x08001e74   0x00000024   Code   RO         4625    .text.osThreadYield  RTX_CM3.lib(rtx_thread.o)
    0x08001e98   0x08001e98   0x00000024   Code   RO         4741    .text.osTimerNew    RTX_CM3.lib(rtx_timer.o)
    0x08001ebc   0x08001ebc   0x00000024   Code   RO         4745    .text.osTimerStart  RTX_CM3.lib(rtx_timer.o)
    0x08001ee0   0x08001ee0   0x00000024   Code   RO         4747    .text.osTimerStop   RTX_CM3.lib(rtx_timer.o)
    0x08001f04   0x08001f04   0x00000016   Code   RO         4723    .text.svcRtxDelay   RTX_CM3.lib(rtx_delay.o)
    0x08001f1a   0x08001f1a   0x00000002   PAD
    0x08001f1c   0x08001f1c   0x0000000c   Code   RO         4513    .text.svcRtxKernelGetState  RTX_CM3.lib(rtx_kernel.o)
    0x08001f28   0x08001f28   0x0000000c   Code   RO         4529    .text.svcRtxKernelGetTickCount  RTX_CM3.lib(rtx_kernel.o)
    0x08001f34   0x08001f34   0x00000100   Code   RO         4543    .text.svcRtxKernelInitialize  RTX_CM3.lib(rtx_kernel.o)
    0x08002034   0x08002034   0x00000088   Code   RO         4545    .text.svcRtxKernelStart  RTX_CM3.lib(rtx_kernel.o)
    0x080020bc   0x080020bc   0x000000d8   Code   RO         4857    .text.svcRtxMessageQueueGet  RTX_CM3.lib(rtx_msgqueue.o)
    0x08002194   0x08002194   0x00000118   Code   RO         4815    .text.svcRtxMessageQueueNew  RTX_CM3.lib(rtx_msgqueue.o)
    0x080022ac   0x080022ac   0x000000b4   Code   RO         4853    .text.svcRtxMessageQueuePut  RTX_CM3.lib(rtx_msgqueue.o)
    0x08002360   0x08002360   0x00000090   Code   RO         4797    .text.svcRtxMutexAcquire  RTX_CM3.lib(rtx_mutex.o)
    0x080023f0   0x080023f0   0x000000b0   Code   RO         4803    .text.svcRtxMutexDelete  RTX_CM3.lib(rtx_mutex.o)
    0x080024a0   0x080024a0   0x00000068   Code   RO         4793    .text.svcRtxMutexNew  RTX_CM3.lib(rtx_mutex.o)
    0x08002508   0x08002508   0x000000b4   Code   RO         4799    .text.svcRtxMutexRelease  RTX_CM3.lib(rtx_mutex.o)
    0x080025bc   0x080025bc   0x0000004c   Code   RO         4681    .text.svcRtxThreadExit  RTX_CM3.lib(rtx_thread.o)
    0x08002608   0x08002608   0x00000066   Code   RO         4693    .text.svcRtxThreadFlagsSet  RTX_CM3.lib(rtx_thread.o)
    0x0800266e   0x0800266e   0x00000002   PAD
    0x08002670   0x08002670   0x0000004c   Code   RO         4699    .text.svcRtxThreadFlagsWait  RTX_CM3.lib(rtx_thread.o)
    0x080026bc   0x080026bc   0x000001ec   Code   RO         4605    .text.svcRtxThreadNew  RTX_CM3.lib(rtx_thread.o)
    0x080028a8   0x080028a8   0x00000038   Code   RO         4667    .text.svcRtxThreadYield  RTX_CM3.lib(rtx_thread.o)
    0x080028e0   0x080028e0   0x00000078   Code   RO         4755    .text.svcRtxTimerNew  RTX_CM3.lib(rtx_timer.o)
    0x08002958   0x08002958   0x00000048   Code   RO         4759    .text.svcRtxTimerStart  RTX_CM3.lib(rtx_timer.o)
    0x080029a0   0x080029a0   0x00000028   Code   RO         4763    .text.svcRtxTimerStop  RTX_CM3.lib(rtx_timer.o)
    0x080029c8   0x080029c8   0x0000003e   Code   RO         5123    CL$$btod_d2e        c_w.l(btod.o)
    0x08002a06   0x08002a06   0x00000046   Code   RO         5125    CL$$btod_d2e_denorm_low  c_w.l(btod.o)
    0x08002a4c   0x08002a4c   0x00000060   Code   RO         5124    CL$$btod_d2e_norm_op1  c_w.l(btod.o)
    0x08002aac   0x08002aac   0x00000338   Code   RO         5133    CL$$btod_div_common  c_w.l(btod.o)
    0x08002de4   0x08002de4   0x000000dc   Code   RO         5130    CL$$btod_e2e        c_w.l(btod.o)
    0x08002ec0   0x08002ec0   0x0000002a   Code   RO         5127    CL$$btod_ediv       c_w.l(btod.o)
    0x08002eea   0x08002eea   0x0000002a   Code   RO         5126    CL$$btod_emul       c_w.l(btod.o)
    0x08002f14   0x08002f14   0x00000244   Code   RO         5132    CL$$btod_mult_common  c_w.l(btod.o)
    0x08003158   0x08003158   0x00000084   Code   RO          695    i.ADC1_pins_F429ZI_config  vol.o
    0x080031dc   0x080031dc   0x00000160   Code   RO         1466    i.ADC_Init          stm32f4xx_hal_adc.o
    0x0800333c   0x0800333c   0x00000048   Code   RO          696    i.ADC_Init_Single_Conversion  vol.o
    0x08003384   0x08003384   0x00000088   Code   RO          697    i.ADC_getVoltage    vol.o
    0x0800340c   0x0800340c   0x00000004   Code   RO          196    i.BusFault_Handler  stm32f4xx_it.o
    0x08003410   0x08003410   0x00000034   Code   RO         2103    i.DMA_CalcBaseAndBitshift  stm32f4xx_hal_dma.o
    0x08003444   0x08003444   0x000000aa   Code   RO         2104    i.DMA_CheckFifoParam  stm32f4xx_hal_dma.o
    0x080034ee   0x080034ee   0x0000002c   Code   RO         2105    i.DMA_SetConfig     stm32f4xx_hal_dma.o
    0x0800351a   0x0800351a   0x00000002   Code   RO          197    i.DebugMon_Handler  stm32f4xx_it.o
    0x0800351c   0x0800351c   0x0000006c   Code   RO          350    i.Delay             lcd.o
    0x08003588   0x08003588   0x0000009c   Code   RO         1095    i.Disable_SPI_Clock  spi_stm32f4xx.o
    0x08003624   0x08003624   0x0000002c   Code   RO          198    i.EXTI15_10_IRQHandler  stm32f4xx_it.o
    0x08003650   0x08003650   0x000001d8   Code   RO          865    i.Enable_GPIO_Clock  i2c_stm32f4xx.o
    0x08003828   0x08003828   0x000001d8   Code   RO         1096    i.Enable_GPIO_Clock  spi_stm32f4xx.o
    0x08003a00   0x08003a00   0x0000010c   Code   RO         1097    i.Enable_SPI_Clock  spi_stm32f4xx.o
    0x08003b0c   0x08003b0c   0x00000004   Code   RO            4    i.Error_Handler     main.o
    0x08003b10   0x08003b10   0x00000070   Code   RO          351    i.EscribeFrase      lcd.o
    0x08003b80   0x08003b80   0x000001b0   Code   RO            5    i.GPIO_Init         main.o
    0x08003d30   0x08003d30   0x000001a4   Code   RO         1468    i.HAL_ADC_ConfigChannel  stm32f4xx_hal_adc.o
    0x08003ed4   0x08003ed4   0x00000008   Code   RO         1475    i.HAL_ADC_GetValue  stm32f4xx_hal_adc.o
    0x08003edc   0x08003edc   0x00000068   Code   RO         1477    i.HAL_ADC_Init      stm32f4xx_hal_adc.o
    0x08003f44   0x08003f44   0x00000002   Code   RO         1480    i.HAL_ADC_MspInit   stm32f4xx_hal_adc.o
    0x08003f46   0x08003f46   0x000000c2   Code   RO         1481    i.HAL_ADC_PollForConversion  stm32f4xx_hal_adc.o
    0x08004008   0x08004008   0x0000013c   Code   RO         1483    i.HAL_ADC_Start     stm32f4xx_hal_adc.o
    0x08004144   0x08004144   0x000000aa   Code   RO         2106    i.HAL_DMA_Abort     stm32f4xx_hal_dma.o
    0x080041ee   0x080041ee   0x00000028   Code   RO         2107    i.HAL_DMA_Abort_IT  stm32f4xx_hal_dma.o
    0x08004216   0x08004216   0x00000002   PAD
    0x08004218   0x08004218   0x000000ec   Code   RO         2112    i.HAL_DMA_Init      stm32f4xx_hal_dma.o
    0x08004304   0x08004304   0x00000092   Code   RO         2116    i.HAL_DMA_Start_IT  stm32f4xx_hal_dma.o
    0x08004396   0x08004396   0x00000002   PAD
    0x08004398   0x08004398   0x00000028   Code   RO         1272    i.HAL_Delay         stm32f4xx_hal.o
    0x080043c0   0x080043c0   0x00000180   Code   RO         2250    i.HAL_GPIO_DeInit   stm32f4xx_hal_gpio.o
    0x08004540   0x08004540   0x00000018   Code   RO          199    i.HAL_GPIO_EXTI_Callback  stm32f4xx_it.o
    0x08004558   0x08004558   0x0000001c   Code   RO         2252    i.HAL_GPIO_EXTI_IRQHandler  stm32f4xx_hal_gpio.o
    0x08004574   0x08004574   0x0000021c   Code   RO         2253    i.HAL_GPIO_Init     stm32f4xx_hal_gpio.o
    0x08004790   0x08004790   0x00000010   Code   RO         2255    i.HAL_GPIO_ReadPin  stm32f4xx_hal_gpio.o
    0x080047a0   0x080047a0   0x0000000c   Code   RO         2257    i.HAL_GPIO_WritePin  stm32f4xx_hal_gpio.o
    0x080047ac   0x080047ac   0x0000000c   Code   RO         1279    i.HAL_GetREVID      stm32f4xx_hal.o
    0x080047b8   0x080047b8   0x0000004c   Code   RO            6    i.HAL_GetTick       main.o
    0x08004804   0x08004804   0x00000030   Code   RO         1287    i.HAL_Init          stm32f4xx_hal.o
    0x08004834   0x08004834   0x0000004c   Code   RO         1288    i.HAL_InitTick      stm32f4xx_hal.o
    0x08004880   0x08004880   0x00000002   Code   RO         1290    i.HAL_MspInit       stm32f4xx_hal.o
    0x08004882   0x08004882   0x00000002   PAD
    0x08004884   0x08004884   0x00000024   Code   RO         1741    i.HAL_NVIC_ClearPendingIRQ  stm32f4xx_hal_cortex.o
    0x080048a8   0x080048a8   0x0000002c   Code   RO         1742    i.HAL_NVIC_DisableIRQ  stm32f4xx_hal_cortex.o
    0x080048d4   0x080048d4   0x00000028   Code   RO         1743    i.HAL_NVIC_EnableIRQ  stm32f4xx_hal_cortex.o
    0x080048fc   0x080048fc   0x0000007c   Code   RO         1749    i.HAL_NVIC_SetPriority  stm32f4xx_hal_cortex.o
    0x08004978   0x08004978   0x00000028   Code   RO         1750    i.HAL_NVIC_SetPriorityGrouping  stm32f4xx_hal_cortex.o
    0x080049a0   0x080049a0   0x00000184   Code   RO         3011    i.HAL_RCC_ClockConfig  stm32f4xx_hal_rcc.o
    0x08004b24   0x08004b24   0x0000000c   Code   RO         3016    i.HAL_RCC_GetHCLKFreq  stm32f4xx_hal_rcc.o
    0x08004b30   0x08004b30   0x00000020   Code   RO         3018    i.HAL_RCC_GetPCLK1Freq  stm32f4xx_hal_rcc.o
    0x08004b50   0x08004b50   0x00000020   Code   RO         3019    i.HAL_RCC_GetPCLK2Freq  stm32f4xx_hal_rcc.o
    0x08004b70   0x08004b70   0x000000b0   Code   RO         3020    i.HAL_RCC_GetSysClockFreq  stm32f4xx_hal_rcc.o
    0x08004c20   0x08004c20   0x00000488   Code   RO         3023    i.HAL_RCC_OscConfig  stm32f4xx_hal_rcc.o
    0x080050a8   0x080050a8   0x00000034   Code   RO         1754    i.HAL_SYSTICK_Config  stm32f4xx_hal_cortex.o
    0x080050dc   0x080050dc   0x00000046   Code   RO         3520    i.HAL_TIM_Base_DeInit  stm32f4xx_hal_tim.o
    0x08005122   0x08005122   0x00000034   Code   RO         3522    i.HAL_TIM_Base_Init  stm32f4xx_hal_tim.o
    0x08005156   0x08005156   0x00000002   Code   RO         3523    i.HAL_TIM_Base_MspDeInit  stm32f4xx_hal_tim.o
    0x08005158   0x08005158   0x00000002   Code   RO         3524    i.HAL_TIM_Base_MspInit  stm32f4xx_hal_tim.o
    0x0800515a   0x0800515a   0x0000002a   Code   RO         3527    i.HAL_TIM_Base_Start_IT  stm32f4xx_hal_tim.o
    0x08005184   0x08005184   0x00000038   Code   RO         3528    i.HAL_TIM_Base_Stop  stm32f4xx_hal_tim.o
    0x080051bc   0x080051bc   0x00000108   Code   RO         3589    i.HAL_TIM_PWM_ConfigChannel  stm32f4xx_hal_tim.o
    0x080052c4   0x080052c4   0x00000034   Code   RO         3592    i.HAL_TIM_PWM_Init  stm32f4xx_hal_tim.o
    0x080052f8   0x080052f8   0x00000002   Code   RO         3594    i.HAL_TIM_PWM_MspInit  stm32f4xx_hal_tim.o
    0x080052fa   0x080052fa   0x00000002   PAD
    0x080052fc   0x080052fc   0x00000058   Code   RO         3597    i.HAL_TIM_PWM_Start  stm32f4xx_hal_tim.o
    0x08005354   0x08005354   0x00000088   Code   RO         3600    i.HAL_TIM_PWM_Stop  stm32f4xx_hal_tim.o
    0x080053dc   0x080053dc   0x00000004   Code   RO          200    i.HardFault_Handler  stm32f4xx_it.o
    0x080053e0   0x080053e0   0x00000018   Code   RO          866    i.I2C1_Control      i2c_stm32f4xx.o
    0x080053f8   0x080053f8   0x00000010   Code   RO          867    i.I2C1_ER_IRQHandler  i2c_stm32f4xx.o
    0x08005408   0x08005408   0x00000010   Code   RO          868    i.I2C1_EV_IRQHandler  i2c_stm32f4xx.o
    0x08005418   0x08005418   0x00000010   Code   RO          869    i.I2C1_GetDataCount  i2c_stm32f4xx.o
    0x08005428   0x08005428   0x00000010   Code   RO          870    i.I2C1_GetStatus    i2c_stm32f4xx.o
    0x08005438   0x08005438   0x00000014   Code   RO          871    i.I2C1_Initialize   i2c_stm32f4xx.o
    0x0800544c   0x0800544c   0x00000020   Code   RO          872    i.I2C1_MasterReceive  i2c_stm32f4xx.o
    0x0800546c   0x0800546c   0x00000020   Code   RO          873    i.I2C1_MasterTransmit  i2c_stm32f4xx.o
    0x0800548c   0x0800548c   0x00000014   Code   RO          874    i.I2C1_PowerControl  i2c_stm32f4xx.o
    0x080054a0   0x080054a0   0x00000018   Code   RO          875    i.I2C1_SlaveReceive  i2c_stm32f4xx.o
    0x080054b8   0x080054b8   0x00000018   Code   RO          876    i.I2C1_SlaveTransmit  i2c_stm32f4xx.o
    0x080054d0   0x080054d0   0x00000010   Code   RO          877    i.I2C1_Uninitialize  i2c_stm32f4xx.o
    0x080054e0   0x080054e0   0x00000018   Code   RO          878    i.I2C2_Control      i2c_stm32f4xx.o
    0x080054f8   0x080054f8   0x00000010   Code   RO          879    i.I2C2_ER_IRQHandler  i2c_stm32f4xx.o
    0x08005508   0x08005508   0x00000010   Code   RO          880    i.I2C2_EV_IRQHandler  i2c_stm32f4xx.o
    0x08005518   0x08005518   0x00000010   Code   RO          881    i.I2C2_GetDataCount  i2c_stm32f4xx.o
    0x08005528   0x08005528   0x00000010   Code   RO          882    i.I2C2_GetStatus    i2c_stm32f4xx.o
    0x08005538   0x08005538   0x00000014   Code   RO          883    i.I2C2_Initialize   i2c_stm32f4xx.o
    0x0800554c   0x0800554c   0x00000020   Code   RO          884    i.I2C2_MasterReceive  i2c_stm32f4xx.o
    0x0800556c   0x0800556c   0x00000020   Code   RO          885    i.I2C2_MasterTransmit  i2c_stm32f4xx.o
    0x0800558c   0x0800558c   0x00000014   Code   RO          886    i.I2C2_PowerControl  i2c_stm32f4xx.o
    0x080055a0   0x080055a0   0x00000018   Code   RO          887    i.I2C2_SlaveReceive  i2c_stm32f4xx.o
    0x080055b8   0x080055b8   0x00000018   Code   RO          888    i.I2C2_SlaveTransmit  i2c_stm32f4xx.o
    0x080055d0   0x080055d0   0x00000010   Code   RO          889    i.I2C2_Uninitialize  i2c_stm32f4xx.o
    0x080055e0   0x080055e0   0x0000000c   Code   RO          890    i.I2CX_GetCapabilities  i2c_stm32f4xx.o
    0x080055ec   0x080055ec   0x00000010   Code   RO          891    i.I2CX_GetVersion   i2c_stm32f4xx.o
    0x080055fc   0x080055fc   0x0000034c   Code   RO          892    i.I2C_Control       i2c_stm32f4xx.o
    0x08005948   0x08005948   0x00000206   Code   RO          893    i.I2C_ER_IRQHandler  i2c_stm32f4xx.o
    0x08005b4e   0x08005b4e   0x000006bc   Code   RO          894    i.I2C_EV_IRQHandler  i2c_stm32f4xx.o
    0x0800620a   0x0800620a   0x00000034   Code   RO          895    i.I2C_GetDataCount  i2c_stm32f4xx.o
    0x0800623e   0x0800623e   0x00000008   Code   RO          896    i.I2C_GetStatus     i2c_stm32f4xx.o
    0x08006246   0x08006246   0x00000002   PAD
    0x08006248   0x08006248   0x000001c0   Code   RO          897    i.I2C_Initialize    i2c_stm32f4xx.o
    0x08006408   0x08006408   0x00000144   Code   RO          898    i.I2C_MasterReceive  i2c_stm32f4xx.o
    0x0800654c   0x0800654c   0x0000012a   Code   RO          899    i.I2C_MasterTransmit  i2c_stm32f4xx.o
    0x08006676   0x08006676   0x00000002   PAD
    0x08006678   0x08006678   0x000002fc   Code   RO          900    i.I2C_PowerControl  i2c_stm32f4xx.o
    0x08006974   0x08006974   0x00000038   Code   RO          508    i.I2C_RDA_Init      rda5807m.o
    0x080069ac   0x080069ac   0x00000088   Code   RO          901    i.I2C_SlaveReceive  i2c_stm32f4xx.o
    0x08006a34   0x08006a34   0x00000088   Code   RO          902    i.I2C_SlaveTransmit  i2c_stm32f4xx.o
    0x08006abc   0x08006abc   0x00000038   Code   RO          465    i.I2C_Temp_Init     temperatura.o
    0x08006af4   0x08006af4   0x00000034   Code   RO          903    i.I2C_Uninitialize  i2c_stm32f4xx.o
    0x08006b28   0x08006b28   0x00000030   Code   RO          352    i.Init_MsgQueue_LCD  lcd.o
    0x08006b58   0x08006b58   0x00000030   Code   RO          612    i.Init_MsgQueue_Pulsadores  joystick.o
    0x08006b88   0x08006b88   0x00000040   Code   RO          509    i.Init_MsgQueue_RDA  rda5807m.o
    0x08006bc8   0x08006bc8   0x00000030   Code   RO          466    i.Init_MsgQueue_Temperatura  temperatura.o
    0x08006bf8   0x08006bf8   0x0000001c   Code   RO          266    i.Init_Thread_Principal  principal.o
    0x08006c14   0x08006c14   0x00000030   Code   RO          698    i.Init_Thread_Vol   vol.o
    0x08006c44   0x08006c44   0x00000044   Code   RO          327    i.Init_Timers_Clock  clock.o
    0x08006c88   0x08006c88   0x00000064   Code   RO          613    i.Init_Timers_Joystick  joystick.o
    0x08006cec   0x08006cec   0x00000028   Code   RO          661    i.Init_Zumbador     pwm.o
    0x08006d14   0x08006d14   0x00000018   Code   RO          353    i.LCD_Clean         lcd.o
    0x08006d2c   0x08006d2c   0x00000124   Code   RO          354    i.LCD_Reset         lcd.o
    0x08006e50   0x08006e50   0x0000004c   Code   RO          355    i.LCD_init          lcd.o
    0x08006e9c   0x08006e9c   0x00000068   Code   RO          356    i.LCD_symbolToLocalBuffer_L1  lcd.o
    0x08006f04   0x08006f04   0x00000068   Code   RO          357    i.LCD_symbolToLocalBuffer_L2  lcd.o
    0x08006f6c   0x08006f6c   0x000000a0   Code   RO          358    i.LCD_update        lcd.o
    0x0800700c   0x0800700c   0x00000060   Code   RO          359    i.LCD_wr_cmd        lcd.o
    0x0800706c   0x0800706c   0x0000005c   Code   RO          360    i.LCD_wr_data       lcd.o
    0x080070c8   0x080070c8   0x00000004   Code   RO          201    i.MemManage_Handler  stm32f4xx_it.o
    0x080070cc   0x080070cc   0x00000002   Code   RO          202    i.NMI_Handler       stm32f4xx_it.o
    0x080070ce   0x080070ce   0x00000002   PAD
    0x080070d0   0x080070d0   0x00000074   Code   RO          510    i.RDA5807M_Frequency  rda5807m.o
    0x08007144   0x08007144   0x00000028   Code   RO          511    i.RDA5807M_Init     rda5807m.o
    0x0800716c   0x0800716c   0x00000024   Code   RO          513    i.RDA5807M_PowerOff  rda5807m.o
    0x08007190   0x08007190   0x00000040   Code   RO          514    i.RDA5807M_PowerOn  rda5807m.o
    0x080071d0   0x080071d0   0x000000ac   Code   RO          515    i.RDA5807M_Readregisters  rda5807m.o
    0x0800727c   0x0800727c   0x00000018   Code   RO          516    i.RDA5807M_Reset    rda5807m.o
    0x08007294   0x08007294   0x00000030   Code   RO          517    i.RDA5807M_SeekDown  rda5807m.o
    0x080072c4   0x080072c4   0x00000030   Code   RO          518    i.RDA5807M_SeekUp   rda5807m.o
    0x080072f4   0x080072f4   0x00000034   Code   RO          519    i.RDA5807M_Volume   rda5807m.o
    0x08007328   0x08007328   0x00000060   Code   RO          520    i.RDA5807M_WriteAll  rda5807m.o
    0x08007388   0x08007388   0x00000018   Code   RO         1098    i.SPI1_Control      spi_stm32f4xx.o
    0x080073a0   0x080073a0   0x00000010   Code   RO         1099    i.SPI1_GetDataCount  spi_stm32f4xx.o
    0x080073b0   0x080073b0   0x00000010   Code   RO         1100    i.SPI1_GetStatus    spi_stm32f4xx.o
    0x080073c0   0x080073c0   0x00000010   Code   RO         1101    i.SPI1_IRQHandler   spi_stm32f4xx.o
    0x080073d0   0x080073d0   0x00000014   Code   RO         1102    i.SPI1_Initialize   spi_stm32f4xx.o
    0x080073e4   0x080073e4   0x00000014   Code   RO         1103    i.SPI1_PowerControl  spi_stm32f4xx.o
    0x080073f8   0x080073f8   0x00000018   Code   RO         1104    i.SPI1_Receive      spi_stm32f4xx.o
    0x08007410   0x08007410   0x00000018   Code   RO         1105    i.SPI1_Send         spi_stm32f4xx.o
    0x08007428   0x08007428   0x0000001c   Code   RO         1106    i.SPI1_Transfer     spi_stm32f4xx.o
    0x08007444   0x08007444   0x00000010   Code   RO         1107    i.SPI1_Uninitialize  spi_stm32f4xx.o
    0x08007454   0x08007454   0x0000000c   Code   RO         1108    i.SPIX_GetCapabilities  spi_stm32f4xx.o
    0x08007460   0x08007460   0x00000010   Code   RO         1109    i.SPIX_GetVersion   spi_stm32f4xx.o
    0x08007470   0x08007470   0x0000050a   Code   RO         1110    i.SPI_Control       spi_stm32f4xx.o
    0x0800797a   0x0800797a   0x00000008   Code   RO         1111    i.SPI_GetDataCount  spi_stm32f4xx.o
    0x08007982   0x08007982   0x0000002c   Code   RO         1112    i.SPI_GetStatus     spi_stm32f4xx.o
    0x080079ae   0x080079ae   0x00000106   Code   RO         1113    i.SPI_IRQHandler    spi_stm32f4xx.o
    0x08007ab4   0x08007ab4   0x000000d4   Code   RO         1114    i.SPI_Initialize    spi_stm32f4xx.o
    0x08007b88   0x08007b88   0x00000124   Code   RO         1115    i.SPI_PeripheralReset  spi_stm32f4xx.o
    0x08007cac   0x08007cac   0x00000104   Code   RO         1116    i.SPI_PowerControl  spi_stm32f4xx.o
    0x08007db0   0x08007db0   0x00000088   Code   RO         1117    i.SPI_Receive       spi_stm32f4xx.o
    0x08007e38   0x08007e38   0x00000056   Code   RO         1118    i.SPI_RxData        spi_stm32f4xx.o
    0x08007e8e   0x08007e8e   0x00000088   Code   RO         1119    i.SPI_Send          spi_stm32f4xx.o
    0x08007f16   0x08007f16   0x00000076   Code   RO         1120    i.SPI_Transfer      spi_stm32f4xx.o
    0x08007f8c   0x08007f8c   0x00000054   Code   RO         1121    i.SPI_TxData        spi_stm32f4xx.o
    0x08007fe0   0x08007fe0   0x00000066   Code   RO         1122    i.SPI_Uninitialize  spi_stm32f4xx.o
    0x08008046   0x08008046   0x00000002   PAD
    0x08008048   0x08008048   0x000000c0   Code   RO            7    i.SystemClock_Config  main.o
    0x08008108   0x08008108   0x000000c0   Code   RO         4466    i.SystemCoreClockUpdate  system_stm32f4xx.o
    0x080081c8   0x080081c8   0x00000010   Code   RO         4467    i.SystemInit        system_stm32f4xx.o
    0x080081d8   0x080081d8   0x000000d8   Code   RO         3610    i.TIM_Base_SetConfig  stm32f4xx_hal_tim.o
    0x080082b0   0x080082b0   0x00000022   Code   RO         3611    i.TIM_CCxChannelCmd  stm32f4xx_hal_tim.o
    0x080082d2   0x080082d2   0x00000002   PAD
    0x080082d4   0x080082d4   0x00000070   Code   RO         3623    i.TIM_OC1_SetConfig  stm32f4xx_hal_tim.o
    0x08008344   0x08008344   0x0000007c   Code   RO         3624    i.TIM_OC2_SetConfig  stm32f4xx_hal_tim.o
    0x080083c0   0x080083c0   0x00000078   Code   RO         3625    i.TIM_OC3_SetConfig  stm32f4xx_hal_tim.o
    0x08008438   0x08008438   0x00000054   Code   RO         3626    i.TIM_OC4_SetConfig  stm32f4xx_hal_tim.o
    0x0800848c   0x0800848c   0x00000028   Code   RO          614    i.Thread_MsgQueue_Joystick  joystick.o
    0x080084b4   0x080084b4   0x00000038   Code   RO          361    i.Thread_MsgQueue_LCD  lcd.o
    0x080084ec   0x080084ec   0x00000094   Code   RO          521    i.Thread_MsgQueue_RDA  rda5807m.o
    0x08008580   0x08008580   0x0000012c   Code   RO          467    i.Thread_MsgQueue_Temp  temperatura.o
    0x080086ac   0x080086ac   0x00000f80   Code   RO          267    i.Thread_Principal  principal.o
    0x0800962c   0x0800962c   0x0000011c   Code   RO          699    i.Thread_Vol        vol.o
    0x08009748   0x08009748   0x00000030   Code   RO          662    i.Thread_Zumbador   pwm.o
    0x08009778   0x08009778   0x00000084   Code   RO          615    i.Timer1_Callback   joystick.o
    0x080097fc   0x080097fc   0x00000054   Code   RO          328    i.Timer2_Callback   clock.o
    0x08009850   0x08009850   0x000000bc   Code   RO          616    i.Timer2_Callback   joystick.o
    0x0800990c   0x0800990c   0x00000004   Code   RO          203    i.UsageFault_Handler  stm32f4xx_it.o
    0x08009910   0x08009910   0x00000028   Code   RO         5150    i.__ARM_fpclassify  m_ws.l(fpclassify.o)
    0x08009938   0x08009938   0x00000010   Code   RO         1756    i.__NVIC_GetPriorityGrouping  stm32f4xx_hal_cortex.o
    0x08009948   0x08009948   0x00000028   Code   RO         1757    i.__NVIC_SetPriority  stm32f4xx_hal_cortex.o
    0x08009970   0x08009970   0x0000000e   Code   RO         5008    i._is_digit         c_w.l(__printf_wp.o)
    0x0800997e   0x0800997e   0x00000016   Code   RO          747    i._mutex_acquire    rtx_lib.o
    0x08009994   0x08009994   0x0000000c   Code   RO          748    i._mutex_free       rtx_lib.o
    0x080099a0   0x080099a0   0x00000022   Code   RO          749    i._mutex_initialize  rtx_lib.o
    0x080099c2   0x080099c2   0x00000012   Code   RO          750    i._mutex_release    rtx_lib.o
    0x080099d4   0x080099d4   0x00000008   Code   RO          751    i._platform_post_stackheap_init  rtx_lib.o
    0x080099dc   0x080099dc   0x00000020   Code   RO          522    i.callback_rda      rda5807m.o
    0x080099fc   0x080099fc   0x0000001c   Code   RO          468    i.callback_temp     temperatura.o
    0x08009a18   0x08009a18   0x00000048   Code   RO            8    i.main              main.o
    0x08009a60   0x08009a60   0x00000020   Code   RO          831    i.osRtxErrorNotify  rtx_config.o
    0x08009a80   0x08009a80   0x00000004   Code   RO          832    i.osRtxIdleThread   rtx_config.o
    0x08009a84   0x08009a84   0x00000020   Code   RO          752    i.os_kernel_is_active  rtx_lib.o
    0x08009aa4   0x08009aa4   0x0000002c   Code   RO         5146    locale$$code        c_w.l(lc_numeric_c.o)
    0x08009ad0   0x08009ad0   0x00000062   Code   RO         5033    x$fpl$d2f           fz_ws.l(d2f.o)
    0x08009b32   0x08009b32   0x00000002   PAD
    0x08009b34   0x08009b34   0x00000150   Code   RO         5035    x$fpl$dadd          fz_ws.l(daddsub_clz.o)
    0x08009c84   0x08009c84   0x000002b0   Code   RO         5042    x$fpl$ddiv          fz_ws.l(ddiv.o)
    0x08009f34   0x08009f34   0x0000005e   Code   RO         5045    x$fpl$dfix          fz_ws.l(dfix.o)
    0x08009f92   0x08009f92   0x0000002e   Code   RO         5050    x$fpl$dflt          fz_ws.l(dflt_clz.o)
    0x08009fc0   0x08009fc0   0x00000026   Code   RO         5049    x$fpl$dfltu         fz_ws.l(dflt_clz.o)
    0x08009fe6   0x08009fe6   0x00000002   PAD
    0x08009fe8   0x08009fe8   0x00000154   Code   RO         5055    x$fpl$dmul          fz_ws.l(dmul.o)
    0x0800a13c   0x0800a13c   0x0000009c   Code   RO         5079    x$fpl$dnaninf       fz_ws.l(dnaninf.o)
    0x0800a1d8   0x0800a1d8   0x0000000c   Code   RO         5081    x$fpl$dretinf       fz_ws.l(dretinf.o)
    0x0800a1e4   0x0800a1e4   0x000001d4   Code   RO         5037    x$fpl$dsub          fz_ws.l(daddsub_clz.o)
    0x0800a3b8   0x0800a3b8   0x00000056   Code   RO         5057    x$fpl$f2d           fz_ws.l(f2d.o)
    0x0800a40e   0x0800a40e   0x00000018   Code   RO         5083    x$fpl$fcmpinf       fz_ws.l(fcmpi.o)
    0x0800a426   0x0800a426   0x00000002   PAD
    0x0800a428   0x0800a428   0x00000068   Code   RO         5059    x$fpl$feqf          fz_ws.l(feqf.o)
    0x0800a490   0x0800a490   0x0000008c   Code   RO         5085    x$fpl$fnaninf       fz_ws.l(fnaninf.o)
    0x0800a51c   0x0800a51c   0x0000000a   Code   RO         5087    x$fpl$fretinf       fz_ws.l(fretinf.o)
    0x0800a526   0x0800a526   0x00000004   Code   RO         5061    x$fpl$printf1       fz_ws.l(printf1.o)
    0x0800a52a   0x0800a52a   0x00000000   Code   RO         5089    x$fpl$usenofp       fz_ws.l(usenofp.o)
    0x0800a52a   0x0800a52a   0x00000960   Data   RO          364    .constdata          lcd.o
    0x0800ae8a   0x0800ae8a   0x00000002   PAD
    0x0800ae8c   0x0800ae8c   0x00000068   Data   RO          760    .constdata          rtx_lib.o
    0x0800aef4   0x0800aef4   0x000000c8   Data   RO          905    .constdata          i2c_stm32f4xx.o
    0x0800afbc   0x0800afbc   0x00000080   Data   RO         1124    .constdata          spi_stm32f4xx.o
    0x0800b03c   0x0800b03c   0x00000008   Data   RO         2118    .constdata          stm32f4xx_hal_dma.o
    0x0800b044   0x0800b044   0x00000018   Data   RO         4468    .constdata          system_stm32f4xx.o
    0x0800b05c   0x0800b05c   0x00000011   Data   RO         5016    .constdata          c_w.l(__printf_flags_ss_wp.o)
    0x0800b06d   0x0800b06d   0x00000003   PAD
    0x0800b070   0x0800b070   0x00000094   Data   RO         5121    .constdata          c_w.l(bigflt0.o)
    0x0800b104   0x0800b104   0x000000a8   Data   RO          762    .rodata             rtx_lib.o
    0x0800b1ac   0x0800b1ac   0x00000001   Data   RO         4873    .rodata             RTX_CM3.lib(irq_armv7m.o)
    0x0800b1ad   0x0800b1ad   0x00000003   PAD
    0x0800b1b0   0x0800b1b0   0x0000000b   Data   RO         4563    .rodata.str1.4      RTX_CM3.lib(rtx_kernel.o)
    0x0800b1bb   0x0800b1bb   0x00000001   PAD
    0x0800b1bc   0x0800b1bc   0x00000020   Data   RO         5295    Region$$Table       anon$$obj.o
    0x0800b1dc   0x0800b1dc   0x0000001c   Data   RO         5145    locale$$data        c_w.l(lc_numeric_c.o)


    Execution Region RW_IRAM1 (Exec base: 0x20000000, Load base: 0x0800b1f8, Size: 0x00009160, Max: 0x00030000, ABSOLUTE, COMPRESSED[0x00000140])

    Exec Addr    Load Addr    Size         Type   Attr      Idx    E Section Name        Object

    0x20000000   COMPRESSED   0x00008040   Data   RW          753    .bss.os             rtx_lib.o
    0x20008040   COMPRESSED   0x00000034   Data   RW          755    .bss.os.msgqueue.cb  rtx_lib.o
    0x20008074   COMPRESSED   0x00000050   Data   RW          756    .bss.os.msgqueue.mem  rtx_lib.o
    0x200080c4   COMPRESSED   0x00000088   Data   RW          757    .bss.os.thread.cb   rtx_lib.o
    0x2000814c   COMPRESSED   0x00000004   PAD
    0x20008150   COMPRESSED   0x00000200   Data   RW          758    .bss.os.thread.idle.stack  rtx_lib.o
    0x20008350   COMPRESSED   0x00000200   Data   RW          759    .bss.os.thread.timer.stack  rtx_lib.o
    0x20008550   COMPRESSED   0x00000004   Data   RW           10    .data               main.o
    0x20008554   COMPRESSED   0x0000001d   Data   RW          268    .data               principal.o
    0x20008571   COMPRESSED   0x00000003   PAD
    0x20008574   COMPRESSED   0x00000014   Data   RW          329    .data               clock.o
    0x20008588   COMPRESSED   0x00000014   Data   RW          365    .data               lcd.o
    0x2000859c   COMPRESSED   0x0000001c   Data   RW          469    .data               temperatura.o
    0x200085b8   COMPRESSED   0x0000007c   Data   RW          524    .data               rda5807m.o
    0x20008634   COMPRESSED   0x00000020   Data   RW          617    .data               joystick.o
    0x20008654   COMPRESSED   0x00000004   Data   RW          663    .data               pwm.o
    0x20008658   COMPRESSED   0x00000018   Data   RW          700    .data               vol.o
    0x20008670   COMPRESSED   0x00000001   Data   RW          761    .data               rtx_lib.o
    0x20008671   COMPRESSED   0x00000003   PAD
    0x20008674   COMPRESSED   0x00000009   Data   RW         1294    .data               stm32f4xx_hal.o
    0x2000867d   COMPRESSED   0x00000003   PAD
    0x20008680   COMPRESSED   0x00000004   Data   RW         4469    .data               system_stm32f4xx.o
    0x20008684   COMPRESSED   0x000000a4   Data   RW         4564    .data.os            RTX_CM3.lib(rtx_kernel.o)
    0x20008728        -       0x00000070   Zero   RW            9    .bss                main.o
    0x20008798        -       0x0000029c   Zero   RW          363    .bss                lcd.o
    0x20008a34        -       0x00000048   Zero   RW          523    .bss                rda5807m.o
    0x20008a7c        -       0x00000050   Zero   RW          904    .bss                i2c_stm32f4xx.o
    0x20008acc        -       0x0000002c   Zero   RW         1123    .bss                spi_stm32f4xx.o
    0x20008af8        -       0x00000060   Zero   RW         5153    .bss                c_w.l(libspace.o)
    0x20008b58        -       0x00000001   Zero   RW         4978    .bss.os             RTX_CM3.lib(os_systick.o)
    0x20008b59   COMPRESSED   0x00000007   PAD
    0x20008b60        -       0x00000200   Zero   RW         4457    HEAP                startup_stm32f429xx.o
    0x20008d60        -       0x00000400   Zero   RW         4456    STACK               startup_stm32f429xx.o


==============================================================================

Image component sizes


      Code (inc. data)   RO Data    RW Data    ZI Data      Debug   Object Name

       152         26          0         20          0       1202   clock.o
      6316        240        200          0         80      32674   i2c_stm32f4xx.o
       508         94          0         32          0       2850   joystick.o
      1272        142       2400         20        668       7170   lcd.o
       776         60          0          4        112     763179   main.o
      3996        794          0         29          0      11833   principal.o
        88         14          0          4          0       1052   pwm.o
       996        152          0        124         72       7910   rda5807m.o
        36          6          0          0          0        917   rtx_config.o
       126          4        272      34125          0      12718   rtx_lib.o
      4158        212        128          0         44      54411   spi_stm32f4xx.o
        64         26        428          0       1536        792   startup_stm32f429xx.o
       178         24          0          9          0       9950   stm32f4xx_hal.o
      1396         58          0          0          0       6060   stm32f4xx_hal_adc.o
       392         34          0          0          0      36392   stm32f4xx_hal_cortex.o
       858         10          8          0          0       6273   stm32f4xx_hal_dma.o
       980        106          0          0          0       4844   stm32f4xx_hal_gpio.o
      1800         84          0          0          0       5944   stm32f4xx_hal_rcc.o
      1456        100          0          0          0      12915   stm32f4xx_hal_tim.o
        88          8          0          0          0       3121   stm32f4xx_it.o
       208         28         24          4          0       1823   system_stm32f4xx.o
       432         56          0         28          0       2758   temperatura.o
       672         74          0         24          0       3658   vol.o

    ----------------------------------------------------------------------
     26966       2352       3494      34436       2512     990446   Object Totals
         0          0         32          0          0          0   (incl. Generated)
        18          0          2         13          0          0   (incl. Padding)

    ----------------------------------------------------------------------

      Code (inc. data)   RO Data    RW Data    ZI Data      Debug   Library Member Name

       148          8          1          0          0        591   irq_armv7m.o
       126         32          0          0          1       3197   os_systick.o
        58          4          0          0          0       2791   rtx_delay.o
       608         60         11        164          0      16501   rtx_kernel.o
       228          0          0          0          0       2537   rtx_memory.o
       188          0          0          0          0      16008   rtx_mempool.o
      1354         36          0          0          0      18657   rtx_msgqueue.o
       886         32          0          0          0       9962   rtx_mutex.o
       376         26          0          0          0       5296   rtx_system.o
      2046        104          0          0          0      31735   rtx_thread.o
       628         40          0          0          0      10397   rtx_timer.o
        90          0          0          0          0          0   __dczerorl2.o
         8          0          0          0          0         68   __main.o
       392          4         17          0          0         92   __printf_flags_ss_wp.o
        14          0          0          0          0         68   __printf_wp.o
         0          0          0          0          0          0   __rtentry.o
        20          0          0          0          0          0   __rtentry2.o
         6          0          0          0          0          0   __rtentry4.o
        52          8          0          0          0          0   __scatter.o
        28          0          0          0          0          0   __scatter_zi.o
        48          6          0          0          0         96   _printf_char_common.o
         6          0          0          0          0          0   _printf_d.o
       120         16          0          0          0         92   _printf_dec.o
         6          0          0          0          0          0   _printf_f.o
      1054          0          0          0          0        216   _printf_fp_dec.o
       128         16          0          0          0         84   _printf_fp_infnan.o
       178          0          0          0          0         88   _printf_intcommon.o
         0          0          0          0          0          0   _printf_percent.o
         4          0          0          0          0          0   _printf_percent_end.o
        10          0          0          0          0         68   _sputc.o
       228          4        148          0          0         96   bigflt0.o
      1936        128          0          0          0        672   btod.o
        18          0          0          0          0         80   exit.o
         6          0          0          0          0        152   heapauxi.o
         0          0          0          0          0          0   indicate_semi.o
        44         10         28          0          0         76   lc_numeric_c.o
         2          0          0          0          0          0   libinit.o
        18          0          0          0          0          0   libinit2.o
         2          0          0          0          0          0   libshutdown.o
         2          0          0          0          0          0   libshutdown2.o
         8          4          0          0         96         68   libspace.o
       138          0          0          0          0         80   lludiv10.o
       238          0          0          0          0        100   lludivv7m.o
        40          6          0          0          0         84   noretval__2sprintf.o
        10          0          0          0          0         76   rt_locale_twolibspace.o
        68          0          0          0          0         68   rt_memclr.o
        78          0          0          0          0         80   rt_memclr_w.o
       138          0          0          0          0         68   rt_memcpy_v6.o
       100          0          0          0          0         80   rt_memcpy_w.o
         2          0          0          0          0          0   rtexit.o
        10          0          0          0          0          0   rtexit2.o
       128          0          0          0          0         68   strcmpv7m.o
        62          0          0          0          0         76   strlen.o
        12          4          0          0          0         68   sys_exit.o
        74          0          0          0          0         80   sys_stackheap_outer.o
         2          0          0          0          0         68   use_no_semi.o
        98          4          0          0          0         92   d2f.o
       804         16          0          0          0        272   daddsub_clz.o
       688        140          0          0          0        208   ddiv.o
        94          4          0          0          0         92   dfix.o
        84          0          0          0          0        136   dflt_clz.o
       340         12          0          0          0        104   dmul.o
       156          4          0          0          0         92   dnaninf.o
        12          0          0          0          0         68   dretinf.o
        86          4          0          0          0         84   f2d.o
        24          0          0          0          0         68   fcmpi.o
       104          4          0          0          0         84   feqf.o
       140          4          0          0          0         84   fnaninf.o
        10          0          0          0          0         68   fretinf.o
         4          0          0          0          0         68   printf1.o
         0          0          0          0          0          0   usenofp.o
        40          0          0          0          0         68   fpclassify.o

    ----------------------------------------------------------------------
     14888        740        212        164        104     122272   Library Totals
        30          0          7          0          7          0   (incl. Padding)

    ----------------------------------------------------------------------

      Code (inc. data)   RO Data    RW Data    ZI Data      Debug   Library Name

      6646        342         12        164          1     117672   RTX_CM3.lib
      5528        206        193          0         96       3012   c_w.l
      2644        192          0          0          0       1520   fz_ws.l
        40          0          0          0          0         68   m_ws.l

    ----------------------------------------------------------------------
     14888        740        212        164        104     122272   Library Totals

    ----------------------------------------------------------------------

==============================================================================


      Code (inc. data)   RO Data    RW Data    ZI Data      Debug   

     41854       3092       3706      34600       2616    1100350   Grand Totals
     41854       3092       3706        320       2616    1100350   ELF Image Totals (compressed)
     41854       3092       3706        320          0          0   ROM Totals

==============================================================================

    Total RO  Size (Code + RO Data)                45560 (  44.49kB)
    Total RW  Size (RW Data + ZI Data)             37216 (  36.34kB)
    Total ROM Size (Code + RO Data + RW Data)      45880 (  44.80kB)

==============================================================================

