Component: ARM Compiler 5.06 update 7 (build 960) Tool: armlink [4d3601]

==============================================================================

Section Cross References

    main.o(i.HAL_GetTick) refers to rtx_kernel.o(.text.osKernelGetState) for osKernelGetState
    main.o(i.HAL_GetTick) refers to rtx_kernel.o(.text.osKernelGetTickCount) for osKernelGetTickCount
    main.o(i.HAL_GetTick) refers to system_stm32f4xx.o(.data) for SystemCoreClock
    main.o(i.HAL_GetTick) refers to main.o(.data) for ticks
    main.o(i.SystemClock_Config) refers to stm32f4xx_hal_rcc.o(i.HAL_RCC_OscConfig) for HAL_RCC_OscConfig
    main.o(i.SystemClock_Config) refers to main.o(i.Error_Handler) for Error_Handler
    main.o(i.SystemClock_Config) refers to stm32f4xx_hal_rcc.o(i.HAL_RCC_ClockConfig) for HAL_RCC_ClockConfig
    main.o(i.SystemClock_Config) refers to stm32f4xx_hal.o(i.HAL_GetREVID) for HAL_GetREVID
    main.o(i.main) refers to stm32f4xx_hal.o(i.HAL_Init) for HAL_Init
    main.o(i.main) refers to joystick.o(i.joystick_init) for joystick_init
    main.o(i.main) refers to main.o(i.SystemClock_Config) for SystemClock_Config
    main.o(i.main) refers to system_stm32f4xx.o(i.SystemCoreClockUpdate) for SystemCoreClockUpdate
    main.o(i.main) refers to rtx_kernel.o(.text.osKernelInitialize) for osKernelInitialize
    main.o(i.main) refers to principal.o(i.Init_Reproductor) for Init_Reproductor
    main.o(i.main) refers to rtx_kernel.o(.text.osKernelStart) for osKernelStart
    principal.o(i.Init_Reproductor) refers to rtx_thread.o(.text.osThreadNew) for osThreadNew
    principal.o(i.Init_Reproductor) refers to rtx_msgqueue.o(.text.osMessageQueueNew) for osMessageQueueNew
    principal.o(i.Init_Reproductor) refers to principal.o(i.Principal) for Principal
    principal.o(i.Init_Reproductor) refers to principal.o(.data) for tid_Principal
    principal.o(i.Init_Reproductor) refers to principal.o(i.Principal_2) for Principal_2
    principal.o(i.Principal) refers to com.o(i.Init_ComUART) for Init_ComUART
    principal.o(i.Principal) refers to lcd.o(i.Init_ThLCD) for Init_ThLCD
    principal.o(i.Principal) refers to joystick.o(i.Init_ThJoystick) for Init_ThJoystick
    principal.o(i.Principal) refers to vol.o(i.Init_Vol) for Init_Vol
    principal.o(i.Principal) refers to clock.o(i.Init_clock) for Init_clock
    principal.o(i.Principal) refers to led.o(i.Init_Rgb) for Init_Rgb
    principal.o(i.Principal) refers to pwm.o(i.Init_Pwm) for Init_Pwm
    principal.o(i.Principal) refers to temp.o(i.Init_Temp) for Init_Temp
    principal.o(i.Principal) refers to mp3.o(i.Init_MP3UART) for Init_MP3UART
    principal.o(i.Principal) refers to principal.o(i.Reproductor_timer) for Reproductor_timer
    principal.o(i.Principal) refers to rtx_msgqueue.o(.text.osMessageQueuePut) for osMessageQueuePut
    principal.o(i.Principal) refers to stm32f4xx_hal_tim.o(i.HAL_TIM_OC_Stop) for HAL_TIM_OC_Stop
    principal.o(i.Principal) refers to rtx_thread.o(.text.osThreadFlagsSet) for osThreadFlagsSet
    principal.o(i.Principal) refers to rtx_thread.o(.text.osThreadFlagsWait) for osThreadFlagsWait
    principal.o(i.Principal) refers to rtx_thread.o(.text.osThreadYield) for osThreadYield
    principal.o(i.Principal) refers to principal.o(.data) for modo
    principal.o(i.Principal) refers to principal.o(.bss) for msglcd
    principal.o(i.Principal) refers to pwm.o(.data) for iniciado
    principal.o(i.Principal) refers to pwm.o(.bss) for tim2_tarjeta
    principal.o(i.Principal_2) refers to rtx_msgqueue.o(.text.osMessageQueueGet) for osMessageQueueGet
    principal.o(i.Principal_2) refers to rtx_msgqueue.o(.text.osMessageQueuePut) for osMessageQueuePut
    principal.o(i.Principal_2) refers to rtx_timer.o(.text.osTimerStart) for osTimerStart
    principal.o(i.Principal_2) refers to rtx_thread.o(.text.osThreadFlagsSet) for osThreadFlagsSet
    principal.o(i.Principal_2) refers to principal.o(.bss) for msgprin
    principal.o(i.Principal_2) refers to principal.o(.data) for mid_Principal
    principal.o(i.Principal_2) refers to pwm.o(.data) for tid_pwm
    principal.o(i.Principal_2) refers to rtx_timer.o(.text.osTimerStop) for osTimerStop
    principal.o(i.Principal_2) refers to rtx_delay.o(.text.osDelay) for osDelay
    principal.o(i.Principal_2) refers to dflt_clz.o(x$fpl$dfltu) for __aeabi_ui2d
    principal.o(i.Principal_2) refers to vol.o(.bss) for msgvol
    principal.o(i.Reproductor_timer) refers to rtx_timer.o(.text.osTimerNew) for osTimerNew
    principal.o(i.Reproductor_timer) refers to principal.o(.data) for exec1
    principal.o(i.Reproductor_timer) refers to principal.o(i.Timer1_Callback) for Timer1_Callback
    principal.o(i.Timer1_Callback) refers to rtx_timer.o(.text.osTimerStart) for osTimerStart
    principal.o(i.Timer1_Callback) refers to principal.o(.data) for min_song
    clock.o(i.Init_clock) refers to rtx_thread.o(.text.osThreadNew) for osThreadNew
    clock.o(i.Init_clock) refers to clock.o(i.clock) for clock
[...]
    osRtxMemoryPoolAlloc                     0x0800164b   Thumb Code    58  rtx_mempool.o(.text.osRtxMemoryPoolAlloc)
    osRtxMemoryPoolFree                      0x08001685   Thumb Code    74  rtx_mempool.o(.text.osRtxMemoryPoolFree)
    osRtxMemoryPoolInit                      0x080016cf   Thumb Code    56  rtx_mempool.o(.text.osRtxMemoryPoolInit)
    osRtxMessageQueueTimerSetup              0x080017b1   Thumb Code    32  rtx_msgqueue.o(.text.osRtxMessageQueueTimerSetup)
    osRtxMutexOwnerRelease                   0x080017d9   Thumb Code    72  rtx_mutex.o(.text.osRtxMutexOwnerRelease)
    osRtxMutexOwnerRestore                   0x08001821   Thumb Code    66  rtx_mutex.o(.text.osRtxMutexOwnerRestore)
    osRtxPendSV_Handler                      0x08001865   Thumb Code   136  rtx_system.o(.text.osRtxPendSV_Handler)
    osRtxPostProcess                         0x080018f1   Thumb Code   108  rtx_system.o(.text.osRtxPostProcess)
    osRtxThreadDelayTick                     0x08001a5d   Thumb Code    72  rtx_thread.o(.text.osRtxThreadDelayTick)
    osRtxThreadDispatch                      0x08001acd   Thumb Code    80  rtx_thread.o(.text.osRtxThreadDispatch)
    osRtxThreadListGet                       0x08001b97   Thumb Code    18  rtx_thread.o(.text.osRtxThreadListGet)
    osRtxThreadListPut                       0x08001ba9   Thumb Code    44  rtx_thread.o(.text.osRtxThreadListPut)
    osRtxThreadListRemove                    0x08001bd5   Thumb Code    20  rtx_thread.o(.text.osRtxThreadListRemove)
    osRtxThreadListSort                      0x08001bf5   Thumb Code    38  rtx_thread.o(.text.osRtxThreadListSort)
    osRtxThreadReadyPut                      0x08001c45   Thumb Code    16  rtx_thread.o(.text.osRtxThreadReadyPut)
    osRtxThreadRegPtr                        0x08001c59   Thumb Code    20  rtx_thread.o(.text.osRtxThreadRegPtr)
    osRtxThreadStartup                       0x08001c6d   Thumb Code    48  rtx_thread.o(.text.osRtxThreadStartup)
    osRtxThreadSwitch                        0x08001ca9   Thumb Code    12  rtx_thread.o(.text.osRtxThreadSwitch)
    osRtxThreadWaitEnter                     0x08001cb9   Thumb Code    56  rtx_thread.o(.text.osRtxThreadWaitEnter)
    osRtxThreadWaitExit                      0x08001cf5   Thumb Code    48  rtx_thread.o(.text.osRtxThreadWaitExit)
    osRtxTick_Handler                        0x08001d25   Thumb Code   116  rtx_system.o(.text.osRtxTick_Handler)
    osRtxTimerSetup                          0x08001d9d   Thumb Code    24  rtx_timer.o(.text.osRtxTimerSetup)
    osRtxTimerThread                         0x08001dbd   Thumb Code    32  rtx_timer.o(.text.osRtxTimerThread)
    osThreadExit                             0x08001e4d   Thumb Code     8  rtx_thread.o(.text.osThreadExit)
    osThreadFlagsSet                         0x08001e59   Thumb Code    84  rtx_thread.o(.text.osThreadFlagsSet)
    osThreadFlagsWait                        0x08001eb1   Thumb Code    32  rtx_thread.o(.text.osThreadFlagsWait)
    osThreadNew                              0x08001ed5   Thumb Code    32  rtx_thread.o(.text.osThreadNew)
    osThreadYield                            0x08001ef9   Thumb Code    32  rtx_thread.o(.text.osThreadYield)
    osTimerNew                               0x08001f1d   Thumb Code    32  rtx_timer.o(.text.osTimerNew)
    osTimerStart                             0x08001f41   Thumb Code    32  rtx_timer.o(.text.osTimerStart)
    osTimerStop                              0x08001f65   Thumb Code    32  rtx_timer.o(.text.osTimerStop)
    _btod_d2e                                0x08002a4d   Thumb Code    62  btod.o(CL$$btod_d2e)
    _d2e_denorm_low                          0x08002a8b   Thumb Code    70  btod.o(CL$$btod_d2e_denorm_low)
    _d2e_norm_op1                            0x08002ad1   Thumb Code    96  btod.o(CL$$btod_d2e_norm_op1)
    __btod_div_common                        0x08002b31   Thumb Code   696  btod.o(CL$$btod_div_common)
    _e2e                                     0x08002e69   Thumb Code   220  btod.o(CL$$btod_e2e)
    _btod_ediv                               0x08002f45   Thumb Code    42  btod.o(CL$$btod_ediv)
    _btod_emul                               0x08002f6f   Thumb Code    42  btod.o(CL$$btod_emul)
    __btod_mult_common                       0x08002f99   Thumb Code   580  btod.o(CL$$btod_mult_common)
    ADC1_pins_F429ZI_config                  0x080031dd   Thumb Code   124  vol.o(i.ADC1_pins_F429ZI_config)
    ADC_Init_Single_Conversion               0x080033c1   Thumb Code    66  vol.o(i.ADC_Init_Single_Conversion)
    ADC_getVoltage                           0x08003409   Thumb Code   128  vol.o(i.ADC_getVoltage)
    Borrado_LCD                              0x08003495   Thumb Code    80  lcd.o(i.Borrado_LCD)
    EXTI15_10_IRQHandler                     0x08003691   Thumb Code    44  joystick.o(i.EXTI15_10_IRQHandler)
    HAL_ADC_ConfigChannel                    0x08003d01   Thumb Code   400  stm32f4xx_hal_adc.o(i.HAL_ADC_ConfigChannel)
    HAL_ADC_GetValue                         0x08003ea5   Thumb Code     8  stm32f4xx_hal_adc.o(i.HAL_ADC_GetValue)
    HAL_ADC_Init                             0x08003ead   Thumb Code   100  stm32f4xx_hal_adc.o(i.HAL_ADC_Init)
    HAL_ADC_MspInit                          0x08003f15   Thumb Code     2  stm32f4xx_hal_adc.o(i.HAL_ADC_MspInit)
    HAL_ADC_PollForConversion                0x08003f17   Thumb Code   194  stm32f4xx_hal_adc.o(i.HAL_ADC_PollForConversion)
    HAL_ADC_Start                            0x08003fd9   Thumb Code   290  stm32f4xx_hal_adc.o(i.HAL_ADC_Start)
    HAL_DMA_Abort                            0x08004115   Thumb Code   170  stm32f4xx_hal_dma.o(i.HAL_DMA_Abort)
    HAL_DMA_Abort_IT                         0x080041bf   Thumb Code    40  stm32f4xx_hal_dma.o(i.HAL_DMA_Abort_IT)
    HAL_DMA_Init                             0x080041e9   Thumb Code   232  stm32f4xx_hal_dma.o(i.HAL_DMA_Init)
    HAL_DMA_Start_IT                         0x080042d5   Thumb Code   146  stm32f4xx_hal_dma.o(i.HAL_DMA_Start_IT)
    HAL_Delay                                0x08004369   Thumb Code    36  stm32f4xx_hal.o(i.HAL_Delay)
    HAL_GPIO_DeInit                          0x08004391   Thumb Code   336  stm32f4xx_hal_gpio.o(i.HAL_GPIO_DeInit)
    HAL_GPIO_EXTI_Callback                   0x08004511   Thumb Code    16  joystick.o(i.HAL_GPIO_EXTI_Callback)
    HAL_GPIO_EXTI_IRQHandler                 0x08004525   Thumb Code    24  stm32f4xx_hal_gpio.o(i.HAL_GPIO_EXTI_IRQHandler)
    HAL_GPIO_Init                            0x08004541   Thumb Code   486  stm32f4xx_hal_gpio.o(i.HAL_GPIO_Init)
    HAL_GPIO_ReadPin                         0x0800475d   Thumb Code    16  stm32f4xx_hal_gpio.o(i.HAL_GPIO_ReadPin)
    HAL_GPIO_TogglePin                       0x0800476d   Thumb Code    18  stm32f4xx_hal_gpio.o(i.HAL_GPIO_TogglePin)
    HAL_GPIO_WritePin                        0x0800477f   Thumb Code    12  stm32f4xx_hal_gpio.o(i.HAL_GPIO_WritePin)
    HAL_GetREVID                             0x0800478d   Thumb Code     8  stm32f4xx_hal.o(i.HAL_GetREVID)
    HAL_GetTick                              0x08004799   Thumb Code    66  main.o(i.HAL_GetTick)
    HAL_Init                                 0x080047e5   Thumb Code    44  stm32f4xx_hal.o(i.HAL_Init)
    HAL_InitTick                             0x08004815   Thumb Code    64  stm32f4xx_hal.o(i.HAL_InitTick)
    HAL_MspInit                              0x08004861   Thumb Code     2  stm32f4xx_hal.o(i.HAL_MspInit)
    HAL_NVIC_ClearPendingIRQ                 0x08004865   Thumb Code    30  stm32f4xx_hal_cortex.o(i.HAL_NVIC_ClearPendingIRQ)
    HAL_NVIC_DisableIRQ                      0x08004889   Thumb Code    38  stm32f4xx_hal_cortex.o(i.HAL_NVIC_DisableIRQ)
    HAL_NVIC_EnableIRQ                       0x080048b5   Thumb Code    40  stm32f4xx_hal_cortex.o(i.HAL_NVIC_EnableIRQ)
    HAL_NVIC_SetPriority                     0x080048dd   Thumb Code   124  stm32f4xx_hal_cortex.o(i.HAL_NVIC_SetPriority)
    HAL_NVIC_SetPriorityGrouping             0x08004959   Thumb Code    32  stm32f4xx_hal_cortex.o(i.HAL_NVIC_SetPriorityGrouping)
    HAL_RCC_ClockConfig                      0x08004981   Thumb Code   368  stm32f4xx_hal_rcc.o(i.HAL_RCC_ClockConfig)
    HAL_RCC_GetHCLKFreq                      0x08004b05   Thumb Code     6  stm32f4xx_hal_rcc.o(i.HAL_RCC_GetHCLKFreq)
    HAL_RCC_GetPCLK1Freq                     0x08004b11   Thumb Code    22  stm32f4xx_hal_rcc.o(i.HAL_RCC_GetPCLK1Freq)
    HAL_RCC_GetPCLK2Freq                     0x08004b31   Thumb Code    22  stm32f4xx_hal_rcc.o(i.HAL_RCC_GetPCLK2Freq)
    HAL_RCC_GetSysClockFreq                  0x08004b51   Thumb Code   162  stm32f4xx_hal_rcc.o(i.HAL_RCC_GetSysClockFreq)
    HAL_RCC_OscConfig                        0x08004c01   Thumb Code  1152  stm32f4xx_hal_rcc.o(i.HAL_RCC_OscConfig)
    HAL_SYSTICK_Config                       0x08005089   Thumb Code    52  stm32f4xx_hal_cortex.o(i.HAL_SYSTICK_Config)
    HAL_TIM_Base_DeInit                      0x080050bd   Thumb Code    70  stm32f4xx_hal_tim.o(i.HAL_TIM_Base_DeInit)
    HAL_TIM_Base_Init                        0x08005103   Thumb Code    52  stm32f4xx_hal_tim.o(i.HAL_TIM_Base_Init)
    HAL_TIM_Base_MspDeInit                   0x08005137   Thumb Code     2  stm32f4xx_hal_tim.o(i.HAL_TIM_Base_MspDeInit)
    HAL_TIM_Base_MspInit                     0x08005139   Thumb Code     2  stm32f4xx_hal_tim.o(i.HAL_TIM_Base_MspInit)
    HAL_TIM_Base_Start                       0x0800513b   Thumb Code    42  stm32f4xx_hal_tim.o(i.HAL_TIM_Base_Start)
    HAL_TIM_Base_Stop                        0x08005165   Thumb Code    56  stm32f4xx_hal_tim.o(i.HAL_TIM_Base_Stop)
    HAL_TIM_OC_ConfigChannel                 0x0800519d   Thumb Code   116  stm32f4xx_hal_tim.o(i.HAL_TIM_OC_ConfigChannel)
    HAL_TIM_OC_Init                          0x08005211   Thumb Code    52  stm32f4xx_hal_tim.o(i.HAL_TIM_OC_Init)
    HAL_TIM_OC_MspInit                       0x08005245   Thumb Code     2  stm32f4xx_hal_tim.o(i.HAL_TIM_OC_MspInit)
    HAL_TIM_OC_Start                         0x08005249   Thumb Code    80  stm32f4xx_hal_tim.o(i.HAL_TIM_OC_Start)
    HAL_TIM_OC_Stop                          0x080052a1   Thumb Code   120  stm32f4xx_hal_tim.o(i.HAL_TIM_OC_Stop)
    I2C1_ER_IRQHandler                       0x08005339   Thumb Code    10  i2c_stm32f4xx.o(i.I2C1_ER_IRQHandler)
    I2C1_EV_IRQHandler                       0x08005349   Thumb Code    10  i2c_stm32f4xx.o(i.I2C1_EV_IRQHandler)
    I2C_Temp_Init                            0x08006861   Thumb Code    48  temp.o(i.I2C_Temp_Init)
    Init_ComUART                             0x080068c9   Thumb Code    32  com.o(i.Init_ComUART)
    Init_MP3UART                             0x080068f1   Thumb Code    58  mp3.o(i.Init_MP3UART)
    Init_Pwm                                 0x0800693d   Thumb Code    58  pwm.o(i.Init_Pwm)
    Init_Reproductor                         0x08006989   Thumb Code   128  principal.o(i.Init_Reproductor)
    Init_Rgb                                 0x08006a2d   Thumb Code    68  led.o(i.Init_Rgb)
    Init_Temp                                0x08006a85   Thumb Code    32  temp.o(i.Init_Temp)
    Init_ThJoystick                          0x08006aad   Thumb Code    32  joystick.o(i.Init_ThJoystick)
    Init_ThLCD                               0x08006ad5   Thumb Code    32  lcd.o(i.Init_ThLCD)
    Init_Vol                                 0x08006afd   Thumb Code    46  vol.o(i.Init_Vol)
    Init_Zumb                                0x08006b39   Thumb Code   132  pwm.o(i.Init_Zumb)
    Init_Zumb_TF                             0x08006bd1   Thumb Code   126  pwm.o(i.Init_Zumb_TF)
    Init_clock                               0x08006c65   Thumb Code    32  clock.o(i.Init_clock)
    LCD_EscribeFrase                         0x08006c8d   Thumb Code   100  lcd.o(i.LCD_EscribeFrase)
    LCD_init                                 0x08006cf9   Thumb Code    76  lcd.o(i.LCD_init)
    LCD_symbolToLocalBuffer_L1               0x08006d45   Thumb Code    92  lcd.o(i.LCD_symbolToLocalBuffer_L1)
    LCD_symbolToLocalBuffer_L2               0x08006dad   Thumb Code    92  lcd.o(i.LCD_symbolToLocalBuffer_L2)
    LCD_update                               0x08006e15   Thumb Code   156  lcd.o(i.LCD_update)
    LCD_wr_cmd                               0x08006eb5   Thumb Code    74  lcd.o(i.LCD_wr_cmd)
    LCD_wr_data                              0x08006f0d   Thumb Code    72  lcd.o(i.LCD_wr_data)
    Principal                                0x08006f61   Thumb Code   330  principal.o(i.Principal)
    Principal_2                              0x080070d9   Thumb Code  2026  principal.o(i.Principal_2)
    Reproductor_timer                        0x08007905   Thumb Code    42  principal.o(i.Reproductor_timer)
    SPI1_IRQHandler                          0x08007975   Thumb Code    10  spi_stm32f4xx.o(i.SPI1_IRQHandler)
    SystemCoreClockUpdate                    0x080086bd   Thumb Code   170  system_stm32f4xx.o(i.SystemCoreClockUpdate)
    SystemInit                               0x0800877d   Thumb Code    24  system_stm32f4xx.o(i.SystemInit)
    TIM_Base_SetConfig                       0x08008799   Thumb Code   170  stm32f4xx_hal_tim.o(i.TIM_Base_SetConfig)
    TIM_CCxChannelCmd                        0x08008871   Thumb Code    34  stm32f4xx_hal_tim.o(i.TIM_CCxChannelCmd)
    TIM_OC2_SetConfig                        0x08008905   Thumb Code   114  stm32f4xx_hal_tim.o(i.TIM_OC2_SetConfig)
    ThJoystick                               0x08008a4d   Thumb Code    34  joystick.o(i.ThJoystick)
    ThLCD                                    0x08008a75   Thumb Code   198  lcd.o(i.ThLCD)
    ThPwm                                    0x08008bd1   Thumb Code    52  pwm.o(i.ThPwm)
    ThPwmTarjeta                             0x08008c09   Thumb Code    44  pwm.o(i.ThPwmTarjeta)
    ThRgb                                    0x08008c3d   Thumb Code   130  led.o(i.ThRgb)
    Th_ColaVol                               0x08008cd1   Thumb Code   296  vol.o(i.Th_ColaVol)
    ThtEmp                                   0x08008e25   Thumb Code   256  temp.o(i.ThtEmp)
    Timer2_Callback                          0x080091b9   Thumb Code    44  joystick.o(i.Timer2_Callback)
    Timer3_Callback                          0x080091f1   Thumb Code    42  joystick.o(i.Timer3_Callback)
    Timer_Joystick                           0x08009229   Thumb Code   126  joystick.o(i.Timer_Joystick)
    USART3_IRQHandler                        0x08009335   Thumb Code    10  usart_stm32f4xx.o(i.USART3_IRQHandler)
    USART6_IRQHandler                        0x08009445   Thumb Code    10  usart_stm32f4xx.o(i.USART6_IRQHandler)
    USART_IRQHandler                         0x08009eb7   Thumb Code   626  usart_stm32f4xx.o(i.USART_IRQHandler)
    __ARM_fpclassify                         0x0800a959   Thumb Code    48  fpclassify.o(i.__ARM_fpclassify)
    _is_digit                                0x0800a9c1   Thumb Code    14  __printf_wp.o(i._is_digit)
    _mutex_acquire                           0x0800a9cf   Thumb Code    22  rtx_lib.o(i._mutex_acquire)
    _mutex_free                              0x0800a9e5   Thumb Code    12  rtx_lib.o(i._mutex_free)
    _mutex_initialize                        0x0800a9f1   Thumb Code    34  rtx_lib.o(i._mutex_initialize)
    _mutex_release                           0x0800aa13   Thumb Code    18  rtx_lib.o(i._mutex_release)
    _platform_post_stackheap_init            0x0800aa25   Thumb Code     8  rtx_lib.o(i._platform_post_stackheap_init)
    clock                                    0x0800aa2d   Thumb Code    36  clock.o(i.clock)
    clock_timer                              0x0800aa55   Thumb Code    56  clock.o(i.clock_timer)
    delay                                    0x0800aa99   Thumb Code    94  lcd.o(i.delay)
    enviar_trama                             0x0800ab05   Thumb Code   168  mp3.o(i.enviar_trama)
    init_SPI                                 0x0800abc1   Thumb Code   222  lcd.o(i.init_SPI)
    joystick_init                            0x0800acc1   Thumb Code   204  joystick.o(i.joystick_init)
    main                                     0x0800ada1   Thumb Code    32  main.o(i.main)
    myUART_ThMP3Receive                      0x0800adc1   Thumb Code   718  mp3.o(i.myUART_ThMP3Receive)
    myUART_ThMP3Send                         0x0800b0c9   Thumb Code   404  mp3.o(i.myUART_ThMP3Send)
    myUART_Thread                            0x0800b271   Thumb Code   194  com.o(i.myUART_Thread)
    myUSART3_callback                        0x0800b37d   Thumb Code    40  com.o(i.myUSART3_callback)
    myUSART_callback                         0x0800b3a9   Thumb Code    38  mp3.o(i.myUSART_callback)
    osRtxErrorNotify                         0x0800b3d9   Thumb Code    32  rtx_config.o(i.osRtxErrorNotify)
    osRtxIdleThread                          0x0800b3f9   Thumb Code     4  rtx_config.o(i.osRtxIdleThread)
    recibir_trama                            0x0800b41d   Thumb Code    28  mp3.o(i.recibir_trama)
    reset_lcd                                0x0800b441   Thumb Code    38  lcd.o(i.reset_lcd)
    rgb_init                                 0x0800b46d   Thumb Code    86  led.o(i.rgb_init)
    _get_lc_numeric                          0x0800b4d1   Thumb Code    44  lc_numeric_c.o(locale$$code)
    __aeabi_d2f                              0x0800b4fd   Thumb Code     0  d2f.o(x$fpl$d2f)
    _d2f                                     0x0800b4fd   Thumb Code    98  d2f.o(x$fpl$d2f)
    __aeabi_dadd                             0x0800b561   Thumb Code     0  daddsub_clz.o(x$fpl$dadd)
    _dadd                                    0x0800b561   Thumb Code   332  daddsub_clz.o(x$fpl$dadd)
    __fpl_dcmp_Inf                           0x0800b6b1   Thumb Code    24  dcmpi.o(x$fpl$dcmpinf)
    __aeabi_cdcmpeq                          0x0800b6c9   Thumb Code     0  deqf.o(x$fpl$deqf)
    _dcmpeq                                  0x0800b6c9   Thumb Code   120  deqf.o(x$fpl$deqf)
    __aeabi_d2uiz                            0x0800b741   Thumb Code     0  dfixu.o(x$fpl$dfixu)
    _dfixu                                   0x0800b741   Thumb Code    90  dfixu.o(x$fpl$dfixu)
    __aeabi_i2d                              0x0800b79b   Thumb Code     0  dflt_clz.o(x$fpl$dflt)
    _dflt                                    0x0800b79b   Thumb Code    46  dflt_clz.o(x$fpl$dflt)
    __aeabi_ui2d                             0x0800b7c9   Thumb Code     0  dflt_clz.o(x$fpl$dfltu)
    _dfltu                                   0x0800b7c9   Thumb Code    38  dflt_clz.o(x$fpl$dfltu)
    __aeabi_cdcmple                          0x0800b7f1   Thumb Code     0  dleqf.o(x$fpl$dleqf)
    _dcmple                                  0x0800b7f1   Thumb Code   120  dleqf.o(x$fpl$dleqf)
    __fpl_dcmple_InfNaN                      0x0800b853   Thumb Code     0  dleqf.o(x$fpl$dleqf)
    __aeabi_dmul                             0x0800b869   Thumb Code     0  dmul.o(x$fpl$dmul)
    _dmul                                    0x0800b869   Thumb Code   332  dmul.o(x$fpl$dmul)
    __fpl_dnaninf                            0x0800b9bd   Thumb Code   156  dnaninf.o(x$fpl$dnaninf)
    __fpl_dretinf                            0x0800ba59   Thumb Code    12  dretinf.o(x$fpl$dretinf)
    __aeabi_cdrcmple                         0x0800ba65   Thumb Code     0  drleqf.o(x$fpl$drleqf)
    _drcmple                                 0x0800ba65   Thumb Code   108  drleqf.o(x$fpl$drleqf)
    __aeabi_dsub                             0x0800bad1   Thumb Code     0  daddsub_clz.o(x$fpl$dsub)
    _dsub                                    0x0800bad1   Thumb Code   464  daddsub_clz.o(x$fpl$dsub)
    __aeabi_f2d                              0x0800bca5   Thumb Code     0  f2d.o(x$fpl$f2d)
    _f2d                                     0x0800bca5   Thumb Code    86  f2d.o(x$fpl$f2d)
    __fpl_fnaninf                            0x0800bcfb   Thumb Code   140  fnaninf.o(x$fpl$fnaninf)
    _fp_init                                 0x0800bd87   Thumb Code    10  fpinit.o(x$fpl$fpinit)
    __fplib_config_fpu_vfp                   0x0800bd8f   Thumb Code     0  fpinit.o(x$fpl$fpinit)
    __fplib_config_pureend_doubles           0x0800bd8f   Thumb Code     0  fpinit.o(x$fpl$fpinit)
    __fpl_fretinf                            0x0800bd91   Thumb Code    10  fretinf.o(x$fpl$fretinf)
    _printf_fp_dec                           0x0800bd9b   Thumb Code     4  printf1.o(x$fpl$printf1)
    Arial12x12                               0x0800bd9e   Data        2400  lcd.o(.constdata)
    __I$use$fp                               0x0800bd9e   Number         0  usenofp.o(x$fpl$usenofp)
    irqRtxLibRef                             0x0800c760   Data           4  rtx_lib.o(.constdata)
    osRtxUserSVC                             0x0800c764   Data           4  rtx_lib.o(.constdata)
    Driver_I2C1                              0x0800c7a0   Data          48  i2c_stm32f4xx.o(.constdata)
    Driver_SPI1                              0x0800c824   Data          44  spi_stm32f4xx.o(.constdata)
    Driver_USART3                            0x0800c8ec   Data          56  usart_stm32f4xx.o(.constdata)
    Driver_USART6                            0x0800c924   Data          56  usart_stm32f4xx.o(.constdata)
    AHBPrescTable                            0x0800c964   Data          16  system_stm32f4xx.o(.constdata)
    APBPrescTable                            0x0800c974   Data           8  system_stm32f4xx.o(.constdata)
    osRtxConfig                              0x0800ca80   Data         112  rtx_lib.o(.rodata)
    os_cb_sections                           0x0800caf0   Data          56  rtx_lib.o(.rodata)
    irqRtxLib                                0x0800cb28   Number         0  irq_armv7m.o(.rodata)
    Region$$Table$$Base                      0x0800cb38   Number         0  anon$$obj.o(Region$$Table)
    Region$$Table$$Limit                     0x0800cb58   Number         0  anon$$obj.o(Region$$Table)
    .bss.os.msgqueue.cb$$Base                0x20010040   Number         0  rtx_lib.o(.bss.os.msgqueue.cb)
    .bss.os.msgqueue.cb$$Limit               0x20010074   Number         0  rtx_lib.o(.bss.os.msgqueue.cb)
    .bss.os.thread.cb$$Base                  0x200100c4   Number         0  rtx_lib.o(.bss.os.thread.cb)
    .bss.os.thread.cb$$Limit                 0x2001014c   Number         0  rtx_lib.o(.bss.os.thread.cb)
    modo                                     0x20010558   Data           4  principal.o(.data)
    min_song                                 0x2001055c   Data           4  principal.o(.data)
    seg_song                                 0x20010560   Data           4  principal.o(.data)
    volumen                                  0x20010568   Data           8  principal.o(.data)
    tid_Principal                            0x20010570   Data           4  principal.o(.data)
    tid_Principal_2                          0x20010574   Data           4  principal.o(.data)
    tim_song                                 0x20010578   Data           4  principal.o(.data)
    mid_JoystickLCD                          0x2001057c   Data           4  principal.o(.data)
    mid_JoystickMP3Send                      0x20010580   Data           4  principal.o(.data)
    mid_JoystickRGB                          0x20010584   Data           4  principal.o(.data)
    mid_JoystickCOM                          0x20010588   Data           4  principal.o(.data)
    mid_Principal                            0x2001058c   Data           4  principal.o(.data)
    music                                    0x20010590   Data           4  principal.o(.data)
    firstplay                                0x20010594   Data           1  principal.o(.data)
    actual_song                              0x20010598   Data           4  principal.o(.data)
    actual_folder                            0x2001059c   Data           4  principal.o(.data)
    horas                                    0x200105a4   Data           4  clock.o(.data)
    minutos                                  0x200105a8   Data           4  clock.o(.data)
    segundos                                 0x200105ac   Data           4  clock.o(.data)
    tid_clock                                0x200105b0   Data           4  clock.o(.data)
    tim_id2                                  0x200105b4   Data           4  clock.o(.data)
    tid_myUART_Thread                        0x200105bc   Data           4  com.o(.data)
    tid_ComUART                              0x200105c0   Data           4  com.o(.data)
    tid_Joystick                             0x200105c8   Data           4  joystick.o(.data)
    tim_rebotes                              0x200105d0   Data           4  joystick.o(.data)
    tim_pulso_largo                          0x200105d8   Data           4  joystick.o(.data)
    tim_pulso_corto                          0x200105e0   Data           4  joystick.o(.data)
    SPIdrv                                   0x200105e4   Data           4  lcd.o(.data)
    positionL1                               0x200105e8   Data           4  lcd.o(.data)
    positionL2                               0x200105ec   Data           4  lcd.o(.data)
    tid_ThLCD                                0x200105f0   Data           4  lcd.o(.data)
    tid_rgb                                  0x200105f4   Data           4  led.o(.data)
    tim_rgb                                  0x200105fc   Data           4  led.o(.data)
    tid_myUART_Thmp3Send                     0x20010600   Data           4  mp3.o(.data)
    tid_myUART_Thmp3Receive                  0x20010604   Data           4  mp3.o(.data)
    USARTdrv                                 0x20010608   Data           4  mp3.o(.data)
    cmd                                      0x2001060c   Data           8  mp3.o(.data)
    tid_pwm                                  0x20010614   Data           4  pwm.o(.data)
    tid_pwm_tarjeta                          0x20010618   Data           4  pwm.o(.data)
    iniciado                                 0x2001061c   Data           1  pwm.o(.data)
    tid_Temp                                 0x20010620   Data           4  temp.o(.data)
    temperatura                              0x20010628   Data           4  temp.o(.data)
    cambio_vol                               0x20010630   Data           8  vol.o(.data)
    previous_value                           0x20010638   Data           8  vol.o(.data)
    mid_vol                                  0x20010640   Data           4  vol.o(.data)
    tid_Thread_colavol                       0x20010644   Data           4  vol.o(.data)
    uwTick                                   0x2001064c   Data           4  stm32f4xx_hal.o(.data)
    uwTickPrio                               0x20010650   Data           4  stm32f4xx_hal.o(.data)
    uwTickFreq                               0x20010654   Data           1  stm32f4xx_hal.o(.data)
    SystemCoreClock                          0x20010658   Data           4  system_stm32f4xx.o(.data)
    osRtxInfo                                0x2001065c   Data         164  rtx_kernel.o(.data.os)
    GPIO_InitStruct                          0x20010700   Data          20  principal.o(.bss)
    msglcd                                   0x20010714   Data          33  principal.o(.bss)
    msgmp3Send                               0x20010735   Data          33  principal.o(.bss)
    msgrgb                                   0x20010756   Data          33  principal.o(.bss)
    msgcom                                   0x20010777   Data          33  principal.o(.bss)
    msgprin                                  0x20010798   Data          33  principal.o(.bss)
    timer7                                   0x200107bc   Data          64  lcd.o(.bss)
    buffer                                   0x200107fc   Data         512  lcd.o(.bss)
    frase                                    0x200109fc   Data          60  lcd.o(.bss)
    frase2                                   0x20010a38   Data          60  lcd.o(.bss)
    trm                                      0x20010a74   Data          10  mp3.o(.bss)
    tim2                                     0x20010a80   Data          64  pwm.o(.bss)
    octim4                                   0x20010ac0   Data          28  pwm.o(.bss)
    tim2_tarjeta                             0x20010adc   Data          64  pwm.o(.bss)
    octim4_tarjeta                           0x20010b1c   Data          28  pwm.o(.bss)
    msgvol                                   0x20010b38   Data          33  vol.o(.bss)
    __libspace_start                         0x20010c20   Data          96  libspace.o(.bss)
    __temporary_stack_top$libspace           0x20010c80   Data           0  libspace.o(.bss)



==============================================================================

Memory Map of the image

  Image Entry point : 0x080001ad

  Load Region LR_IROM1 (Base: 0x08000000, Size: 0x0001d274, Max: 0x00200000, ABSOLUTE, COMPRESSED[0x0000cdb0])

    Execution Region ER_IROM1 (Exec base: 0x08000000, Load base: 0x08000000, Size: 0x0000cb74, Max: 0x00200000, ABSOLUTE)

    Exec Addr    Load Addr    Size         Type   Attr      Idx    E Section Name        Object

    0x08000000   0x08000000   0x000001ac   Data   RO         5109    RESET               startup_stm32f429xx.o
    0x080001ac   0x080001ac   0x00000008   Code   RO         5706  * !!!main             c_w.l(__main.o)
    0x080001b4   0x080001b4   0x00000034   Code   RO         5974    !!!scatter          c_w.l(__scatter.o)
    0x080001e8   0x080001e8   0x0000005a   Code   RO         5972    !!dczerorl2         c_w.l(__dczerorl2.o)
    0x08000242   0x08000242   0x00000002   PAD
    0x08000244   0x08000244   0x0000001c   Code   RO         5976    !!handler_zi        c_w.l(__scatter_zi.o)
    0x08000260   0x08000260   0x00000000   Code   RO         5695    .ARM.Collect$$_printf_percent$$00000000  c_w.l(_printf_percent.o)
    0x08000260   0x08000260   0x00000006   Code   RO         5694    .ARM.Collect$$_printf_percent$$00000003  c_w.l(_printf_f.o)
    0x08000266   0x08000266   0x00000006   Code   RO         5693    .ARM.Collect$$_printf_percent$$00000009  c_w.l(_printf_d.o)
    0x0800026c   0x0800026c   0x00000006   Code   RO         5692    .ARM.Collect$$_printf_percent$$0000000C  c_w.l(_printf_x.o)
    0x08000272   0x08000272   0x00000004   Code   RO         5751    .ARM.Collect$$_printf_percent$$00000017  c_w.l(_printf_percent_end.o)
    0x08000276   0x08000276   0x00000002   Code   RO         5843    .ARM.Collect$$libinit$$00000000  c_w.l(libinit.o)
    0x08000278   0x08000278   0x00000004   Code   RO         5844    .ARM.Collect$$libinit$$00000001  c_w.l(libinit2.o)
    0x0800027c   0x0800027c   0x00000000   Code   RO         5847    .ARM.Collect$$libinit$$00000004  c_w.l(libinit2.o)
    0x0800027c   0x0800027c   0x00000000   Code   RO         5850    .ARM.Collect$$libinit$$0000000A  c_w.l(libinit2.o)
    0x0800027c   0x0800027c   0x00000000   Code   RO         5852    .ARM.Collect$$libinit$$0000000C  c_w.l(libinit2.o)
    0x0800027c   0x0800027c   0x00000000   Code   RO         5854    .ARM.Collect$$libinit$$0000000E  c_w.l(libinit2.o)
    0x0800027c   0x0800027c   0x00000006   Code   RO         5855    .ARM.Collect$$libinit$$0000000F  c_w.l(libinit2.o)
    0x08000282   0x08000282   0x00000000   Code   RO         5857    .ARM.Collect$$libinit$$00000011  c_w.l(libinit2.o)
    0x08000282   0x08000282   0x00000000   Code   RO         5859    .ARM.Collect$$libinit$$00000013  c_w.l(libinit2.o)
    0x08000282   0x08000282   0x00000000   Code   RO         5861    .ARM.Collect$$libinit$$00000015  c_w.l(libinit2.o)
    0x08000282   0x08000282   0x0000000a   Code   RO         5862    .ARM.Collect$$libinit$$00000016  c_w.l(libinit2.o)
    0x0800028c   0x0800028c   0x00000000   Code   RO         5863    .ARM.Collect$$libinit$$00000017  c_w.l(libinit2.o)
    0x0800028c   0x0800028c   0x00000000   Code   RO         5865    .ARM.Collect$$libinit$$00000019  c_w.l(libinit2.o)
    0x0800028c   0x0800028c   0x00000000   Code   RO         5867    .ARM.Collect$$libinit$$0000001B  c_w.l(libinit2.o)
    0x0800028c   0x0800028c   0x00000000   Code   RO         5869    .ARM.Collect$$libinit$$0000001D  c_w.l(libinit2.o)
    0x0800028c   0x0800028c   0x00000000   Code   RO         5871    .ARM.Collect$$libinit$$0000001F  c_w.l(libinit2.o)
    0x0800028c   0x0800028c   0x00000000   Code   RO         5873    .ARM.Collect$$libinit$$00000021  c_w.l(libinit2.o)
    0x0800028c   0x0800028c   0x00000000   Code   RO         5875    .ARM.Collect$$libinit$$00000023  c_w.l(libinit2.o)
    0x0800028c   0x0800028c   0x00000000   Code   RO         5877    .ARM.Collect$$libinit$$00000025  c_w.l(libinit2.o)
    0x0800028c   0x0800028c   0x00000000   Code   RO         5881    .ARM.Collect$$libinit$$0000002C  c_w.l(libinit2.o)
    0x0800028c   0x0800028c   0x00000000   Code   RO         5883    .ARM.Collect$$libinit$$0000002E  c_w.l(libinit2.o)
    0x0800028c   0x0800028c   0x00000000   Code   RO         5885    .ARM.Collect$$libinit$$00000030  c_w.l(libinit2.o)
    0x0800028c   0x0800028c   0x00000000   Code   RO         5887    .ARM.Collect$$libinit$$00000032  c_w.l(libinit2.o)
    0x0800028c   0x0800028c   0x00000002   Code   RO         5888    .ARM.Collect$$libinit$$00000033  c_w.l(libinit2.o)
    0x0800028e   0x0800028e   0x00000002   Code   RO         5935    .ARM.Collect$$libshutdown$$00000000  c_w.l(libshutdown.o)
    0x08000290   0x08000290   0x00000000   Code   RO         5953    .ARM.Collect$$libshutdown$$00000002  c_w.l(libshutdown2.o)
    0x08000290   0x08000290   0x00000000   Code   RO         5955    .ARM.Collect$$libshutdown$$00000004  c_w.l(libshutdown2.o)
    0x08000290   0x08000290   0x00000000   Code   RO         5957    .ARM.Collect$$libshutdown$$00000006  c_w.l(libshutdown2.o)
    0x08000290   0x08000290   0x00000000   Code   RO         5960    .ARM.Collect$$libshutdown$$00000009  c_w.l(libshutdown2.o)
    0x08000290   0x08000290   0x00000000   Code   RO         5963    .ARM.Collect$$libshutdown$$0000000C  c_w.l(libshutdown2.o)
    0x08000290   0x08000290   0x00000000   Code   RO         5965    .ARM.Collect$$libshutdown$$0000000E  c_w.l(libshutdown2.o)
    0x08000290   0x08000290   0x00000000   Code   RO         5968    .ARM.Collect$$libshutdown$$00000011  c_w.l(libshutdown2.o)
    0x08000290   0x08000290   0x00000002   Code   RO         5969    .ARM.Collect$$libshutdown$$00000012  c_w.l(libshutdown2.o)
    0x08000292   0x08000292   0x00000000   Code   RO         5738    .ARM.Collect$$rtentry$$00000000  c_w.l(__rtentry.o)
    0x08000292   0x08000292   0x00000000   Code   RO         5766    .ARM.Collect$$rtentry$$00000002  c_w.l(__rtentry2.o)
    0x08000292   0x08000292   0x00000006   Code   RO         5778    .ARM.Collect$$rtentry$$00000004  c_w.l(__rtentry4.o)
    0x08000298   0x08000298   0x00000008   Code   RO         5767    .ARM.Collect$$rtentry$$00000008  c_w.l(__rtentry2.o)
    0x080002a0   0x080002a0   0x00000004   Code   RO         5769    .ARM.Collect$$rtentry$$0000000A  c_w.l(__rtentry2.o)
    0x080002a4   0x080002a4   0x00000000   Code   RO         5771    .ARM.Collect$$rtentry$$0000000C  c_w.l(__rtentry2.o)
    0x080002a4   0x080002a4   0x00000008   Code   RO         5772    .ARM.Collect$$rtentry$$0000000D  c_w.l(__rtentry2.o)
    0x080002ac   0x080002ac   0x00000002   Code   RO         5889    .ARM.Collect$$rtexit$$00000000  c_w.l(rtexit.o)
    0x080002ae   0x080002ae   0x00000000   Code   RO         5904    .ARM.Collect$$rtexit$$00000002  c_w.l(rtexit2.o)
    0x080002ae   0x080002ae   0x00000004   Code   RO         5905    .ARM.Collect$$rtexit$$00000003  c_w.l(rtexit2.o)
    0x080002b2   0x080002b2   0x00000006   Code   RO         5906    .ARM.Collect$$rtexit$$00000004  c_w.l(rtexit2.o)
    0x080002b8   0x080002b8   0x00000040   Code   RO         5110    .text               startup_stm32f429xx.o
    0x080002f8   0x080002f8   0x000000c8   Code   RO         5523    .text               RTX_CM4F.lib(irq_armv7m.o)
    0x080003c0   0x080003c0   0x000000ee   Code   RO         5639    .text               c_w.l(lludivv7m.o)
    0x080004ae   0x080004ae   0x00000002   PAD
    0x080004b0   0x080004b0   0x00000028   Code   RO         5643    .text               c_w.l(noretval__2sprintf.o)
    0x080004d8   0x080004d8   0x0000004e   Code   RO         5647    .text               c_w.l(_printf_pad.o)
    0x08000526   0x08000526   0x00000002   PAD
    0x08000528   0x08000528   0x00000078   Code   RO         5649    .text               c_w.l(_printf_dec.o)
    0x080005a0   0x080005a0   0x00000058   Code   RO         5654    .text               c_w.l(_printf_hex_int.o)
    0x080005f8   0x080005f8   0x0000010e   Code   RO         5680    .text               c_w.l(__printf_wp.o)
    0x08000706   0x08000706   0x0000003e   Code   RO         5696    .text               c_w.l(strlen.o)
    0x08000744   0x08000744   0x0000008a   Code   RO         5698    .text               c_w.l(rt_memcpy_v6.o)
    0x080007ce   0x080007ce   0x00000044   Code   RO         5700    .text               c_w.l(rt_memclr.o)
    0x08000812   0x08000812   0x0000004e   Code   RO         5702    .text               c_w.l(rt_memclr_w.o)
    0x08000860   0x08000860   0x00000006   Code   RO         5704    .text               c_w.l(heapauxi.o)
    0x08000866   0x08000866   0x000000b2   Code   RO         5743    .text               c_w.l(_printf_intcommon.o)
    0x08000918   0x08000918   0x0000041e   Code   RO         5745    .text               c_w.l(_printf_fp_dec.o)
    0x08000d36   0x08000d36   0x00000002   PAD
    0x08000d38   0x08000d38   0x00000030   Code   RO         5747    .text               c_w.l(_printf_char_common.o)
    0x08000d68   0x08000d68   0x0000000a   Code   RO         5749    .text               c_w.l(_sputc.o)
    0x08000d72   0x08000d72   0x00000064   Code   RO         5752    .text               c_w.l(rt_memcpy_w.o)
    0x08000dd6   0x08000dd6   0x0000000a   Code   RO         5787    .text               c_w.l(rt_locale_twolibspace.o)
    0x08000de0   0x08000de0   0x0000008a   Code   RO         5789    .text               c_w.l(lludiv10.o)
    0x08000e6a   0x08000e6a   0x00000002   PAD
    0x08000e6c   0x08000e6c   0x00000080   Code   RO         5791    .text               c_w.l(_printf_fp_infnan.o)
    0x08000eec   0x08000eec   0x000000e4   Code   RO         5795    .text               c_w.l(bigflt0.o)
    0x08000fd0   0x08000fd0   0x00000008   Code   RO         5827    .text               c_w.l(libspace.o)
    0x08000fd8   0x08000fd8   0x0000004a   Code   RO         5830    .text               c_w.l(sys_stackheap_outer.o)
    0x08001022   0x08001022   0x00000012   Code   RO         5832    .text               c_w.l(exit.o)
    0x08001034   0x08001034   0x00000080   Code   RO         5838    .text               c_w.l(strcmpv7m.o)
    0x080010b4   0x080010b4   0x0000000c   Code   RO         5901    .text               c_w.l(sys_exit.o)
    0x080010c0   0x080010c0   0x00000002   Code   RO         5922    .text               c_w.l(use_no_semi.o)
    0x080010c2   0x080010c2   0x00000000   Code   RO         5924    .text               c_w.l(indicate_semi.o)
    0x080010c2   0x080010c2   0x00000040   Code   RO         5506    .text.MessageQueueGet  RTX_CM4F.lib(rtx_msgqueue.o)
    0x08001102   0x08001102   0x00000058   Code   RO         5500    .text.MessageQueuePut  RTX_CM4F.lib(rtx_msgqueue.o)
    0x0800115a   0x0800115a   0x0000001c   Code   RO         5498    .text.MessageQueueRemove  RTX_CM4F.lib(rtx_msgqueue.o)
    0x08001176   0x08001176   0x00000002   PAD
    0x08001178   0x08001178   0x0000000c   Code   RO         5617    .text.OS_Tick_AcknowledgeIRQ  RTX_CM4F.lib(os_systick.o)
    0x08001184   0x08001184   0x0000002c   Code   RO         5613    .text.OS_Tick_Enable  RTX_CM4F.lib(os_systick.o)
    0x080011b0   0x080011b0   0x00000006   Code   RO         5619    .text.OS_Tick_GetIRQn  RTX_CM4F.lib(os_systick.o)
    0x080011b6   0x080011b6   0x00000002   PAD
    0x080011b8   0x080011b8   0x00000040   Code   RO         5611    .text.OS_Tick_Setup  RTX_CM4F.lib(os_systick.o)
    0x080011f8   0x080011f8   0x0000000c   Code   RO         5210    .text.OUTLINED_FUNCTION_0  RTX_CM4F.lib(rtx_kernel.o)
    0x08001204   0x08001204   0x00000006   Code   RO         5352    .text.OUTLINED_FUNCTION_0  RTX_CM4F.lib(rtx_thread.o)
    0x0800120a   0x0800120a   0x0000000c   Code   RO         5514    .text.OUTLINED_FUNCTION_0  RTX_CM4F.lib(rtx_msgqueue.o)
    0x08001216   0x08001216   0x00000006   Code   RO         5212    .text.OUTLINED_FUNCTION_1  RTX_CM4F.lib(rtx_kernel.o)
    0x0800121c   0x0800121c   0x00000064   Code   RO         5304    .text.ThreadFlagsCheck  RTX_CM4F.lib(rtx_thread.o)
    0x08001280   0x08001280   0x00000048   Code   RO         5404    .text.TimerInsert   RTX_CM4F.lib(rtx_timer.o)
    0x080012c8   0x080012c8   0x00000028   Code   RO         5412    .text.TimerRemove   RTX_CM4F.lib(rtx_timer.o)
    0x080012f0   0x080012f0   0x00000024   Code   RO         5370    .text.osDelay       RTX_CM4F.lib(rtx_delay.o)
    0x08001314   0x08001314   0x00000030   Code   RO         5162    .text.osKernelGetState  RTX_CM4F.lib(rtx_kernel.o)
    0x08001344   0x08001344   0x00000028   Code   RO         5178    .text.osKernelGetTickCount  RTX_CM4F.lib(rtx_kernel.o)
    0x0800136c   0x0800136c   0x0000002c   Code   RO         5156    .text.osKernelInitialize  RTX_CM4F.lib(rtx_kernel.o)
    0x08001398   0x08001398   0x00000024   Code   RO         5166    .text.osKernelStart  RTX_CM4F.lib(rtx_kernel.o)
    0x080013bc   0x080013bc   0x00000070   Code   RO         5474    .text.osMessageQueueGet  RTX_CM4F.lib(rtx_msgqueue.o)
    0x0800142c   0x0800142c   0x00000024   Code   RO         5468    .text.osMessageQueueNew  RTX_CM4F.lib(rtx_msgqueue.o)
    0x08001450   0x08001450   0x00000080   Code   RO         5472    .text.osMessageQueuePut  RTX_CM4F.lib(rtx_msgqueue.o)
    0x080014d0   0x080014d0   0x00000024   Code   RO         5436    .text.osMutexAcquire  RTX_CM4F.lib(rtx_mutex.o)
    0x080014f4   0x080014f4   0x00000024   Code   RO         5442    .text.osMutexDelete  RTX_CM4F.lib(rtx_mutex.o)
    0x08001518   0x08001518   0x00000024   Code   RO         5432    .text.osMutexNew    RTX_CM4F.lib(rtx_mutex.o)
    0x0800153c   0x0800153c   0x00000024   Code   RO         5438    .text.osMutexRelease  RTX_CM4F.lib(rtx_mutex.o)
    0x08001560   0x08001560   0x00000004   Code   RO         5154    .text.osRtxKernelErrorNotify  RTX_CM4F.lib(rtx_kernel.o)
    0x08001564   0x08001564   0x00000002   Code   RO         5152    .text.osRtxKernelPreInit  RTX_CM4F.lib(rtx_kernel.o)
    0x08001566   0x08001566   0x0000006c   Code   RO         5533    .text.osRtxMemoryAlloc  RTX_CM4F.lib(rtx_memory.o)
    0x080015d2   0x080015d2   0x00000042   Code   RO         5535    .text.osRtxMemoryFree  RTX_CM4F.lib(rtx_memory.o)
    0x08001614   0x08001614   0x00000036   Code   RO         5531    .text.osRtxMemoryInit  RTX_CM4F.lib(rtx_memory.o)
    0x0800164a   0x0800164a   0x0000003a   Code   RO         5547    .text.osRtxMemoryPoolAlloc  RTX_CM4F.lib(rtx_mempool.o)
    0x08001684   0x08001684   0x0000004a   Code   RO         5549    .text.osRtxMemoryPoolFree  RTX_CM4F.lib(rtx_mempool.o)
    0x080016ce   0x080016ce   0x00000038   Code   RO         5545    .text.osRtxMemoryPoolInit  RTX_CM4F.lib(rtx_mempool.o)
    0x08001706   0x08001706   0x000000aa   Code   RO         5496    .text.osRtxMessageQueuePostProcess  RTX_CM4F.lib(rtx_msgqueue.o)
    0x080017b0   0x080017b0   0x00000028   Code   RO         5464    .text.osRtxMessageQueueTimerSetup  RTX_CM4F.lib(rtx_msgqueue.o)
    0x080017d8   0x080017d8   0x00000048   Code   RO         5428    .text.osRtxMutexOwnerRelease  RTX_CM4F.lib(rtx_mutex.o)
    0x08001820   0x08001820   0x00000042   Code   RO         5430    .text.osRtxMutexOwnerRestore  RTX_CM4F.lib(rtx_mutex.o)
    0x08001862   0x08001862   0x00000002   PAD
    0x08001864   0x08001864   0x0000008c   Code   RO         5599    .text.osRtxPendSV_Handler  RTX_CM4F.lib(rtx_system.o)
    0x080018f0   0x080018f0   0x00000074   Code   RO         5601    .text.osRtxPostProcess  RTX_CM4F.lib(rtx_system.o)
    0x08001964   0x08001964   0x00000038   Code   RO         5244    .text.osRtxThreadBlock  RTX_CM4F.lib(rtx_thread.o)
    0x0800199c   0x0800199c   0x00000080   Code   RO         5252    .text.osRtxThreadDelayInsert  RTX_CM4F.lib(rtx_thread.o)
    0x08001a1c   0x08001a1c   0x00000040   Code   RO         5248    .text.osRtxThreadDelayRemove  RTX_CM4F.lib(rtx_thread.o)
    0x08001a5c   0x08001a5c   0x0000004c   Code   RO         5234    .text.osRtxThreadDelayTick  RTX_CM4F.lib(rtx_thread.o)
    0x08001aa8   0x08001aa8   0x00000024   Code   RO         5336    .text.osRtxThreadDestroy  RTX_CM4F.lib(rtx_thread.o)
    0x08001acc   0x08001acc   0x00000054   Code   RO         5242    .text.osRtxThreadDispatch  RTX_CM4F.lib(rtx_thread.o)
    0x08001b20   0x08001b20   0x00000058   Code   RO         5328    .text.osRtxThreadFree  RTX_CM4F.lib(rtx_thread.o)
    0x08001b78   0x08001b78   0x0000001e   Code   RO         5334    .text.osRtxThreadJoinWakeup  RTX_CM4F.lib(rtx_thread.o)
    0x08001b96   0x08001b96   0x00000012   Code   RO         5226    .text.osRtxThreadListGet  RTX_CM4F.lib(rtx_thread.o)
    0x08001ba8   0x08001ba8   0x0000002c   Code   RO         5224    .text.osRtxThreadListPut  RTX_CM4F.lib(rtx_thread.o)
    0x08001bd4   0x08001bd4   0x00000014   Code   RO         5230    .text.osRtxThreadListRemove  RTX_CM4F.lib(rtx_thread.o)
    0x08001be8   0x08001be8   0x0000000c   Code   RO         5236    .text.osRtxThreadListRoot  RTX_CM4F.lib(rtx_thread.o)
    0x08001bf4   0x08001bf4   0x00000026   Code   RO         5228    .text.osRtxThreadListSort  RTX_CM4F.lib(rtx_thread.o)
    0x08001c1a   0x08001c1a   0x00000028   Code   RO         5302    .text.osRtxThreadPostProcess  RTX_CM4F.lib(rtx_thread.o)
    0x08001c42   0x08001c42   0x00000002   PAD
    0x08001c44   0x08001c44   0x00000014   Code   RO         5232    .text.osRtxThreadReadyPut  RTX_CM4F.lib(rtx_thread.o)
    0x08001c58   0x08001c58   0x00000014   Code   RO         5238    .text.osRtxThreadRegPtr  RTX_CM4F.lib(rtx_thread.o)
    0x08001c6c   0x08001c6c   0x0000003c   Code   RO         5254    .text.osRtxThreadStartup  RTX_CM4F.lib(rtx_thread.o)
    0x08001ca8   0x08001ca8   0x00000010   Code   RO         5240    .text.osRtxThreadSwitch  RTX_CM4F.lib(rtx_thread.o)
    0x08001cb8   0x08001cb8   0x0000003c   Code   RO         5250    .text.osRtxThreadWaitEnter  RTX_CM4F.lib(rtx_thread.o)
    0x08001cf4   0x08001cf4   0x00000030   Code   RO         5246    .text.osRtxThreadWaitExit  RTX_CM4F.lib(rtx_thread.o)
    0x08001d24   0x08001d24   0x00000078   Code   RO         5597    .text.osRtxTick_Handler  RTX_CM4F.lib(rtx_system.o)
    0x08001d9c   0x08001d9c   0x00000020   Code   RO         5386    .text.osRtxTimerSetup  RTX_CM4F.lib(rtx_timer.o)
    0x08001dbc   0x08001dbc   0x00000020   Code   RO         5390    .text.osRtxTimerThread  RTX_CM4F.lib(rtx_timer.o)
    0x08001ddc   0x08001ddc   0x00000070   Code   RO         5388    .text.osRtxTimerTick  RTX_CM4F.lib(rtx_timer.o)
    0x08001e4c   0x08001e4c   0x0000000c   Code   RO         5286    .text.osThreadExit  RTX_CM4F.lib(rtx_thread.o)
    0x08001e58   0x08001e58   0x00000058   Code   RO         5294    .text.osThreadFlagsSet  RTX_CM4F.lib(rtx_thread.o)
    0x08001eb0   0x08001eb0   0x00000024   Code   RO         5300    .text.osThreadFlagsWait  RTX_CM4F.lib(rtx_thread.o)
    0x08001ed4   0x08001ed4   0x00000024   Code   RO         5258    .text.osThreadNew   RTX_CM4F.lib(rtx_thread.o)
    0x08001ef8   0x08001ef8   0x00000024   Code   RO         5276    .text.osThreadYield  RTX_CM4F.lib(rtx_thread.o)
    0x08001f1c   0x08001f1c   0x00000024   Code   RO         5392    .text.osTimerNew    RTX_CM4F.lib(rtx_timer.o)
    0x08001f40   0x08001f40   0x00000024   Code   RO         5396    .text.osTimerStart  RTX_CM4F.lib(rtx_timer.o)
    0x08001f64   0x08001f64   0x00000024   Code   RO         5398    .text.osTimerStop   RTX_CM4F.lib(rtx_timer.o)
    0x08001f88   0x08001f88   0x00000016   Code   RO         5374    .text.svcRtxDelay   RTX_CM4F.lib(rtx_delay.o)
    0x08001f9e   0x08001f9e   0x00000002   PAD
    0x08001fa0   0x08001fa0   0x0000000c   Code   RO         5164    .text.svcRtxKernelGetState  RTX_CM4F.lib(rtx_kernel.o)
    0x08001fac   0x08001fac   0x0000000c   Code   RO         5180    .text.svcRtxKernelGetTickCount  RTX_CM4F.lib(rtx_kernel.o)
    0x08001fb8   0x08001fb8   0x00000100   Code   RO         5194    .text.svcRtxKernelInitialize  RTX_CM4F.lib(rtx_kernel.o)
    0x080020b8   0x080020b8   0x00000088   Code   RO         5196    .text.svcRtxKernelStart  RTX_CM4F.lib(rtx_kernel.o)
    0x08002140   0x08002140   0x000000d8   Code   RO         5508    .text.svcRtxMessageQueueGet  RTX_CM4F.lib(rtx_msgqueue.o)
    0x08002218   0x08002218   0x00000118   Code   RO         5466    .text.svcRtxMessageQueueNew  RTX_CM4F.lib(rtx_msgqueue.o)
    0x08002330   0x08002330   0x000000b4   Code   RO         5504    .text.svcRtxMessageQueuePut  RTX_CM4F.lib(rtx_msgqueue.o)
    0x080023e4   0x080023e4   0x00000090   Code   RO         5448    .text.svcRtxMutexAcquire  RTX_CM4F.lib(rtx_mutex.o)
    0x08002474   0x08002474   0x000000b0   Code   RO         5454    .text.svcRtxMutexDelete  RTX_CM4F.lib(rtx_mutex.o)
    0x08002524   0x08002524   0x00000068   Code   RO         5444    .text.svcRtxMutexNew  RTX_CM4F.lib(rtx_mutex.o)
    0x0800258c   0x0800258c   0x000000b4   Code   RO         5450    .text.svcRtxMutexRelease  RTX_CM4F.lib(rtx_mutex.o)
    0x08002640   0x08002640   0x0000004c   Code   RO         5332    .text.svcRtxThreadExit  RTX_CM4F.lib(rtx_thread.o)
    0x0800268c   0x0800268c   0x00000066   Code   RO         5344    .text.svcRtxThreadFlagsSet  RTX_CM4F.lib(rtx_thread.o)
    0x080026f2   0x080026f2   0x00000002   PAD
    0x080026f4   0x080026f4   0x0000004c   Code   RO         5350    .text.svcRtxThreadFlagsWait  RTX_CM4F.lib(rtx_thread.o)
    0x08002740   0x08002740   0x000001ec   Code   RO         5256    .text.svcRtxThreadNew  RTX_CM4F.lib(rtx_thread.o)
    0x0800292c   0x0800292c   0x00000038   Code   RO         5318    .text.svcRtxThreadYield  RTX_CM4F.lib(rtx_thread.o)
    0x08002964   0x08002964   0x00000078   Code   RO         5406    .text.svcRtxTimerNew  RTX_CM4F.lib(rtx_timer.o)
    0x080029dc   0x080029dc   0x00000048   Code   RO         5410    .text.svcRtxTimerStart  RTX_CM4F.lib(rtx_timer.o)
    0x08002a24   0x08002a24   0x00000028   Code   RO         5414    .text.svcRtxTimerStop  RTX_CM4F.lib(rtx_timer.o)
    0x08002a4c   0x08002a4c   0x0000003e   Code   RO         5798    CL$$btod_d2e        c_w.l(btod.o)
    0x08002a8a   0x08002a8a   0x00000046   Code   RO         5800    CL$$btod_d2e_denorm_low  c_w.l(btod.o)
    0x08002ad0   0x08002ad0   0x00000060   Code   RO         5799    CL$$btod_d2e_norm_op1  c_w.l(btod.o)
    0x08002b30   0x08002b30   0x00000338   Code   RO         5808    CL$$btod_div_common  c_w.l(btod.o)
    0x08002e68   0x08002e68   0x000000dc   Code   RO         5805    CL$$btod_e2e        c_w.l(btod.o)
    0x08002f44   0x08002f44   0x0000002a   Code   RO         5802    CL$$btod_ediv       c_w.l(btod.o)
    0x08002f6e   0x08002f6e   0x0000002a   Code   RO         5801    CL$$btod_emul       c_w.l(btod.o)
    0x08002f98   0x08002f98   0x00000244   Code   RO         5807    CL$$btod_mult_common  c_w.l(btod.o)
    0x080031dc   0x080031dc   0x00000084   Code   RO          775    i.ADC1_pins_F429ZI_config  vol.o
    0x08003260   0x08003260   0x00000160   Code   RO         1745    i.ADC_Init          stm32f4xx_hal_adc.o
    0x080033c0   0x080033c0   0x00000048   Code   RO          776    i.ADC_Init_Single_Conversion  vol.o
    0x08003408   0x08003408   0x0000008c   Code   RO          777    i.ADC_getVoltage    vol.o
    0x08003494   0x08003494   0x00000054   Code   RO          448    i.Borrado_LCD       lcd.o
    0x080034e8   0x080034e8   0x00000034   Code   RO         2157    i.DMA_CalcBaseAndBitshift  stm32f4xx_hal_dma.o
    0x0800351c   0x0800351c   0x000000aa   Code   RO         2158    i.DMA_CheckFifoParam  stm32f4xx_hal_dma.o
    0x080035c6   0x080035c6   0x0000002c   Code   RO         2159    i.DMA_SetConfig     stm32f4xx_hal_dma.o
    0x080035f2   0x080035f2   0x00000002   PAD
    0x080035f4   0x080035f4   0x0000009c   Code   RO         1121    i.Disable_SPI_Clock  spi_stm32f4xx.o
    0x08003690   0x08003690   0x0000002c   Code   RO          371    i.EXTI15_10_IRQHandler  joystick.o
    0x080036bc   0x080036bc   0x000001d8   Code   RO          953    i.Enable_GPIO_Clock  i2c_stm32f4xx.o
    0x08003894   0x08003894   0x000001d8   Code   RO         1122    i.Enable_GPIO_Clock  spi_stm32f4xx.o
    0x08003a6c   0x08003a6c   0x00000184   Code   RO         1291    i.Enable_GPIO_Clock  usart_stm32f4xx.o
    0x08003bf0   0x08003bf0   0x0000010c   Code   RO         1123    i.Enable_SPI_Clock  spi_stm32f4xx.o
    0x08003cfc   0x08003cfc   0x00000004   Code   RO            4    i.Error_Handler     main.o
    0x08003d00   0x08003d00   0x000001a4   Code   RO         1747    i.HAL_ADC_ConfigChannel  stm32f4xx_hal_adc.o
    0x08003ea4   0x08003ea4   0x00000008   Code   RO         1754    i.HAL_ADC_GetValue  stm32f4xx_hal_adc.o
    0x08003eac   0x08003eac   0x00000068   Code   RO         1756    i.HAL_ADC_Init      stm32f4xx_hal_adc.o
    0x08003f14   0x08003f14   0x00000002   Code   RO         1759    i.HAL_ADC_MspInit   stm32f4xx_hal_adc.o
    0x08003f16   0x08003f16   0x000000c2   Code   RO         1760    i.HAL_ADC_PollForConversion  stm32f4xx_hal_adc.o
    0x08003fd8   0x08003fd8   0x0000013c   Code   RO         1762    i.HAL_ADC_Start     stm32f4xx_hal_adc.o
    0x08004114   0x08004114   0x000000aa   Code   RO         2160    i.HAL_DMA_Abort     stm32f4xx_hal_dma.o
    0x080041be   0x080041be   0x00000028   Code   RO         2161    i.HAL_DMA_Abort_IT  stm32f4xx_hal_dma.o
    0x080041e6   0x080041e6   0x00000002   PAD
    0x080041e8   0x080041e8   0x000000ec   Code   RO         2166    i.HAL_DMA_Init      stm32f4xx_hal_dma.o
    0x080042d4   0x080042d4   0x00000092   Code   RO         2170    i.HAL_DMA_Start_IT  stm32f4xx_hal_dma.o
    0x08004366   0x08004366   0x00000002   PAD
    0x08004368   0x08004368   0x00000028   Code   RO         1551    i.HAL_Delay         stm32f4xx_hal.o
    0x08004390   0x08004390   0x00000180   Code   RO         2304    i.HAL_GPIO_DeInit   stm32f4xx_hal_gpio.o
    0x08004510   0x08004510   0x00000014   Code   RO          372    i.HAL_GPIO_EXTI_Callback  joystick.o
    0x08004524   0x08004524   0x0000001c   Code   RO         2306    i.HAL_GPIO_EXTI_IRQHandler  stm32f4xx_hal_gpio.o
    0x08004540   0x08004540   0x0000021c   Code   RO         2307    i.HAL_GPIO_Init     stm32f4xx_hal_gpio.o
    0x0800475c   0x0800475c   0x00000010   Code   RO         2309    i.HAL_GPIO_ReadPin  stm32f4xx_hal_gpio.o
    0x0800476c   0x0800476c   0x00000012   Code   RO         2310    i.HAL_GPIO_TogglePin  stm32f4xx_hal_gpio.o
    0x0800477e   0x0800477e   0x0000000c   Code   RO         2311    i.HAL_GPIO_WritePin  stm32f4xx_hal_gpio.o
    0x0800478a   0x0800478a   0x00000002   PAD
    0x0800478c   0x0800478c   0x0000000c   Code   RO         1558    i.HAL_GetREVID      stm32f4xx_hal.o
    0x08004798   0x08004798   0x0000004c   Code   RO            5    i.HAL_GetTick       main.o
    0x080047e4   0x080047e4   0x00000030   Code   RO         1566    i.HAL_Init          stm32f4xx_hal.o
    0x08004814   0x08004814   0x0000004c   Code   RO         1567    i.HAL_InitTick      stm32f4xx_hal.o
    0x08004860   0x08004860   0x00000002   Code   RO         1569    i.HAL_MspInit       stm32f4xx_hal.o
    0x08004862   0x08004862   0x00000002   PAD
    0x08004864   0x08004864   0x00000024   Code   RO         2020    i.HAL_NVIC_ClearPendingIRQ  stm32f4xx_hal_cortex.o
    0x08004888   0x08004888   0x0000002c   Code   RO         2021    i.HAL_NVIC_DisableIRQ  stm32f4xx_hal_cortex.o
    0x080048b4   0x080048b4   0x00000028   Code   RO         2022    i.HAL_NVIC_EnableIRQ  stm32f4xx_hal_cortex.o
    0x080048dc   0x080048dc   0x0000007c   Code   RO         2028    i.HAL_NVIC_SetPriority  stm32f4xx_hal_cortex.o
    0x08004958   0x08004958   0x00000028   Code   RO         2029    i.HAL_NVIC_SetPriorityGrouping  stm32f4xx_hal_cortex.o
    0x08004980   0x08004980   0x00000184   Code   RO         3065    i.HAL_RCC_ClockConfig  stm32f4xx_hal_rcc.o
    0x08004b04   0x08004b04   0x0000000c   Code   RO         3070    i.HAL_RCC_GetHCLKFreq  stm32f4xx_hal_rcc.o
    0x08004b10   0x08004b10   0x00000020   Code   RO         3072    i.HAL_RCC_GetPCLK1Freq  stm32f4xx_hal_rcc.o
    0x08004b30   0x08004b30   0x00000020   Code   RO         3073    i.HAL_RCC_GetPCLK2Freq  stm32f4xx_hal_rcc.o
    0x08004b50   0x08004b50   0x000000b0   Code   RO         3074    i.HAL_RCC_GetSysClockFreq  stm32f4xx_hal_rcc.o
    0x08004c00   0x08004c00   0x00000488   Code   RO         3077    i.HAL_RCC_OscConfig  stm32f4xx_hal_rcc.o
    0x08005088   0x08005088   0x00000034   Code   RO         2033    i.HAL_SYSTICK_Config  stm32f4xx_hal_cortex.o
    0x080050bc   0x080050bc   0x00000046   Code   RO         3574    i.HAL_TIM_Base_DeInit  stm32f4xx_hal_tim.o
    0x08005102   0x08005102   0x00000034   Code   RO         3576    i.HAL_TIM_Base_Init  stm32f4xx_hal_tim.o
    0x08005136   0x08005136   0x00000002   Code   RO         3577    i.HAL_TIM_Base_MspDeInit  stm32f4xx_hal_tim.o
    0x08005138   0x08005138   0x00000002   Code   RO         3578    i.HAL_TIM_Base_MspInit  stm32f4xx_hal_tim.o
    0x0800513a   0x0800513a   0x0000002a   Code   RO         3579    i.HAL_TIM_Base_Start  stm32f4xx_hal_tim.o
    0x08005164   0x08005164   0x00000038   Code   RO         3582    i.HAL_TIM_Base_Stop  stm32f4xx_hal_tim.o
    0x0800519c   0x0800519c   0x00000074   Code   RO         3620    i.HAL_TIM_OC_ConfigChannel  stm32f4xx_hal_tim.o
    0x08005210   0x08005210   0x00000034   Code   RO         3624    i.HAL_TIM_OC_Init   stm32f4xx_hal_tim.o
    0x08005244   0x08005244   0x00000002   Code   RO         3626    i.HAL_TIM_OC_MspInit  stm32f4xx_hal_tim.o
    0x08005246   0x08005246   0x00000002   PAD
    0x08005248   0x08005248   0x00000058   Code   RO         3627    i.HAL_TIM_OC_Start  stm32f4xx_hal_tim.o
    0x080052a0   0x080052a0   0x00000080   Code   RO         3630    i.HAL_TIM_OC_Stop   stm32f4xx_hal_tim.o
    0x08005320   0x08005320   0x00000018   Code   RO          954    i.I2C1_Control      i2c_stm32f4xx.o
    0x08005338   0x08005338   0x00000010   Code   RO          955    i.I2C1_ER_IRQHandler  i2c_stm32f4xx.o
    0x08005348   0x08005348   0x00000010   Code   RO          956    i.I2C1_EV_IRQHandler  i2c_stm32f4xx.o
    0x08005358   0x08005358   0x00000010   Code   RO          957    i.I2C1_GetDataCount  i2c_stm32f4xx.o
    0x08005368   0x08005368   0x00000010   Code   RO          958    i.I2C1_GetStatus    i2c_stm32f4xx.o
    0x08005378   0x08005378   0x00000014   Code   RO          959    i.I2C1_Initialize   i2c_stm32f4xx.o
    0x0800538c   0x0800538c   0x00000020   Code   RO          960    i.I2C1_MasterReceive  i2c_stm32f4xx.o
    0x080053ac   0x080053ac   0x00000020   Code   RO          961    i.I2C1_MasterTransmit  i2c_stm32f4xx.o
    0x080053cc   0x080053cc   0x00000014   Code   RO          962    i.I2C1_PowerControl  i2c_stm32f4xx.o
    0x080053e0   0x080053e0   0x00000018   Code   RO          963    i.I2C1_SlaveReceive  i2c_stm32f4xx.o
    0x080053f8   0x080053f8   0x00000018   Code   RO          964    i.I2C1_SlaveTransmit  i2c_stm32f4xx.o
    0x08005410   0x08005410   0x00000010   Code   RO          965    i.I2C1_Uninitialize  i2c_stm32f4xx.o
    0x08005420   0x08005420   0x0000000c   Code   RO          966    i.I2CX_GetCapabilities  i2c_stm32f4xx.o
    0x0800542c   0x0800542c   0x00000010   Code   RO          967    i.I2CX_GetVersion   i2c_stm32f4xx.o
    0x0800543c   0x0800543c   0x0000034c   Code   RO          968    i.I2C_Control       i2c_stm32f4xx.o
    0x08005788   0x08005788   0x00000206   Code   RO          969    i.I2C_ER_IRQHandler  i2c_stm32f4xx.o
    0x0800598e   0x0800598e   0x000006bc   Code   RO          970    i.I2C_EV_IRQHandler  i2c_stm32f4xx.o
    0x0800604a   0x0800604a   0x00000034   Code   RO          971    i.I2C_GetDataCount  i2c_stm32f4xx.o
    0x0800607e   0x0800607e   0x00000008   Code   RO          972    i.I2C_GetStatus     i2c_stm32f4xx.o
    0x08006086   0x08006086   0x00000002   PAD
    0x08006088   0x08006088   0x000001c0   Code   RO          973    i.I2C_Initialize    i2c_stm32f4xx.o
    0x08006248   0x08006248   0x00000144   Code   RO          974    i.I2C_MasterReceive  i2c_stm32f4xx.o
    0x0800638c   0x0800638c   0x0000012a   Code   RO          975    i.I2C_MasterTransmit  i2c_stm32f4xx.o
    0x080064b6   0x080064b6   0x00000002   PAD
    0x080064b8   0x080064b8   0x00000298   Code   RO          976    i.I2C_PowerControl  i2c_stm32f4xx.o
    0x08006750   0x08006750   0x00000088   Code   RO          977    i.I2C_SlaveReceive  i2c_stm32f4xx.o
    0x080067d8   0x080067d8   0x00000088   Code   RO          978    i.I2C_SlaveTransmit  i2c_stm32f4xx.o
    0x08006860   0x08006860   0x00000034   Code   RO          732    i.I2C_Temp_Init     temp.o
    0x08006894   0x08006894   0x00000034   Code   RO          979    i.I2C_Uninitialize  i2c_stm32f4xx.o
    0x080068c8   0x080068c8   0x00000028   Code   RO          330    i.Init_ComUART      com.o
    0x080068f0   0x080068f0   0x0000004c   Code   RO          609    i.Init_MP3UART      mp3.o
    0x0800693c   0x0800693c   0x0000004c   Code   RO          677    i.Init_Pwm          pwm.o
    0x08006988   0x08006988   0x000000a4   Code   RO          229    i.Init_Reproductor  principal.o
    0x08006a2c   0x08006a2c   0x00000058   Code   RO          562    i.Init_Rgb          led.o
    0x08006a84   0x08006a84   0x00000028   Code   RO          733    i.Init_Temp         temp.o
    0x08006aac   0x08006aac   0x00000028   Code   RO          373    i.Init_ThJoystick   joystick.o
    0x08006ad4   0x08006ad4   0x00000028   Code   RO          449    i.Init_ThLCD        lcd.o
    0x08006afc   0x08006afc   0x0000003c   Code   RO          778    i.Init_Vol          vol.o
    0x08006b38   0x08006b38   0x00000098   Code   RO          678    i.Init_Zumb         pwm.o
    0x08006bd0   0x08006bd0   0x00000094   Code   RO          679    i.Init_Zumb_TF      pwm.o
    0x08006c64   0x08006c64   0x00000028   Code   RO          283    i.Init_clock        clock.o
    0x08006c8c   0x08006c8c   0x0000006c   Code   RO          450    i.LCD_EscribeFrase  lcd.o
    0x08006cf8   0x08006cf8   0x0000004c   Code   RO          451    i.LCD_init          lcd.o
    0x08006d44   0x08006d44   0x00000068   Code   RO          453    i.LCD_symbolToLocalBuffer_L1  lcd.o
    0x08006dac   0x08006dac   0x00000068   Code   RO          454    i.LCD_symbolToLocalBuffer_L2  lcd.o
    0x08006e14   0x08006e14   0x000000a0   Code   RO          455    i.LCD_update        lcd.o
    0x08006eb4   0x08006eb4   0x00000058   Code   RO          456    i.LCD_wr_cmd        lcd.o
    0x08006f0c   0x08006f0c   0x00000054   Code   RO          457    i.LCD_wr_data       lcd.o
    0x08006f60   0x08006f60   0x00000178   Code   RO          230    i.Principal         principal.o
    0x080070d8   0x080070d8   0x0000082c   Code   RO          231    i.Principal_2       principal.o
    0x08007904   0x08007904   0x00000038   Code   RO          232    i.Reproductor_timer  principal.o
    0x0800793c   0x0800793c   0x00000018   Code   RO         1124    i.SPI1_Control      spi_stm32f4xx.o
    0x08007954   0x08007954   0x00000010   Code   RO         1125    i.SPI1_GetDataCount  spi_stm32f4xx.o
    0x08007964   0x08007964   0x00000010   Code   RO         1126    i.SPI1_GetStatus    spi_stm32f4xx.o
    0x08007974   0x08007974   0x00000010   Code   RO         1127    i.SPI1_IRQHandler   spi_stm32f4xx.o
    0x08007984   0x08007984   0x00000014   Code   RO         1128    i.SPI1_Initialize   spi_stm32f4xx.o
    0x08007998   0x08007998   0x00000014   Code   RO         1129    i.SPI1_PowerControl  spi_stm32f4xx.o
    0x080079ac   0x080079ac   0x00000018   Code   RO         1130    i.SPI1_Receive      spi_stm32f4xx.o
    0x080079c4   0x080079c4   0x00000018   Code   RO         1131    i.SPI1_Send         spi_stm32f4xx.o
    0x080079dc   0x080079dc   0x0000001c   Code   RO         1132    i.SPI1_Transfer     spi_stm32f4xx.o
    0x080079f8   0x080079f8   0x00000010   Code   RO         1133    i.SPI1_Uninitialize  spi_stm32f4xx.o
    0x08007a08   0x08007a08   0x0000000c   Code   RO         1134    i.SPIX_GetCapabilities  spi_stm32f4xx.o
    0x08007a14   0x08007a14   0x00000010   Code   RO         1135    i.SPIX_GetVersion   spi_stm32f4xx.o
    0x08007a24   0x08007a24   0x0000050a   Code   RO         1136    i.SPI_Control       spi_stm32f4xx.o
    0x08007f2e   0x08007f2e   0x00000008   Code   RO         1137    i.SPI_GetDataCount  spi_stm32f4xx.o
    0x08007f36   0x08007f36   0x0000002c   Code   RO         1138    i.SPI_GetStatus     spi_stm32f4xx.o
    0x08007f62   0x08007f62   0x00000106   Code   RO         1139    i.SPI_IRQHandler    spi_stm32f4xx.o
    0x08008068   0x08008068   0x000000d4   Code   RO         1140    i.SPI_Initialize    spi_stm32f4xx.o
    0x0800813c   0x0800813c   0x00000124   Code   RO         1141    i.SPI_PeripheralReset  spi_stm32f4xx.o
    0x08008260   0x08008260   0x00000104   Code   RO         1142    i.SPI_PowerControl  spi_stm32f4xx.o
    0x08008364   0x08008364   0x00000088   Code   RO         1143    i.SPI_Receive       spi_stm32f4xx.o
    0x080083ec   0x080083ec   0x00000056   Code   RO         1144    i.SPI_RxData        spi_stm32f4xx.o
    0x08008442   0x08008442   0x00000088   Code   RO         1145    i.SPI_Send          spi_stm32f4xx.o
    0x080084ca   0x080084ca   0x00000076   Code   RO         1146    i.SPI_Transfer      spi_stm32f4xx.o
    0x08008540   0x08008540   0x00000054   Code   RO         1147    i.SPI_TxData        spi_stm32f4xx.o
    0x08008594   0x08008594   0x00000066   Code   RO         1148    i.SPI_Uninitialize  spi_stm32f4xx.o
    0x080085fa   0x080085fa   0x00000002   PAD
    0x080085fc   0x080085fc   0x000000c0   Code   RO            6    i.SystemClock_Config  main.o
    0x080086bc   0x080086bc   0x000000c0   Code   RO         5117    i.SystemCoreClockUpdate  system_stm32f4xx.o
    0x0800877c   0x0800877c   0x0000001c   Code   RO         5118    i.SystemInit        system_stm32f4xx.o
    0x08008798   0x08008798   0x000000d8   Code   RO         3664    i.TIM_Base_SetConfig  stm32f4xx_hal_tim.o
    0x08008870   0x08008870   0x00000022   Code   RO         3665    i.TIM_CCxChannelCmd  stm32f4xx_hal_tim.o
    0x08008892   0x08008892   0x00000002   PAD
    0x08008894   0x08008894   0x00000070   Code   RO         3677    i.TIM_OC1_SetConfig  stm32f4xx_hal_tim.o
    0x08008904   0x08008904   0x0000007c   Code   RO         3678    i.TIM_OC2_SetConfig  stm32f4xx_hal_tim.o
    0x08008980   0x08008980   0x00000078   Code   RO         3679    i.TIM_OC3_SetConfig  stm32f4xx_hal_tim.o
    0x080089f8   0x080089f8   0x00000054   Code   RO         3680    i.TIM_OC4_SetConfig  stm32f4xx_hal_tim.o
    0x08008a4c   0x08008a4c   0x00000028   Code   RO          374    i.ThJoystick        joystick.o
    0x08008a74   0x08008a74   0x0000015c   Code   RO          458    i.ThLCD             lcd.o
    0x08008bd0   0x08008bd0   0x00000038   Code   RO          680    i.ThPwm             pwm.o
    0x08008c08   0x08008c08   0x00000034   Code   RO          681    i.ThPwmTarjeta      pwm.o
    0x08008c3c   0x08008c3c   0x00000094   Code   RO          563    i.ThRgb             led.o
    0x08008cd0   0x08008cd0   0x00000154   Code   RO          779    i.Th_ColaVol        vol.o
    0x08008e24   0x08008e24   0x00000110   Code   RO          734    i.ThtEmp            temp.o
    0x08008f34   0x08008f34   0x0000005c   Code   RO          233    i.Timer1_Callback   principal.o
    0x08008f90   0x08008f90   0x000000dc   Code   RO          375    i.Timer1_Callback   joystick.o
    0x0800906c   0x0800906c   0x000000b0   Code   RO          564    i.Timer1_Callback   led.o
    0x0800911c   0x0800911c   0x0000009c   Code   RO          284    i.Timer2_Callback   clock.o
    0x080091b8   0x080091b8   0x00000038   Code   RO          376    i.Timer2_Callback   joystick.o
    0x080091f0   0x080091f0   0x00000038   Code   RO          377    i.Timer3_Callback   joystick.o
    0x08009228   0x08009228   0x000000a4   Code   RO          378    i.Timer_Joystick    joystick.o
    0x080092cc   0x080092cc   0x00000018   Code   RO         1292    i.USART3_Control    usart_stm32f4xx.o
    0x080092e4   0x080092e4   0x00000010   Code   RO         1293    i.USART3_GetCapabilities  usart_stm32f4xx.o
    0x080092f4   0x080092f4   0x00000010   Code   RO         1294    i.USART3_GetModemStatus  usart_stm32f4xx.o
    0x08009304   0x08009304   0x00000010   Code   RO         1295    i.USART3_GetRxCount  usart_stm32f4xx.o
    0x08009314   0x08009314   0x00000010   Code   RO         1296    i.USART3_GetStatus  usart_stm32f4xx.o
    0x08009324   0x08009324   0x00000010   Code   RO         1297    i.USART3_GetTxCount  usart_stm32f4xx.o
    0x08009334   0x08009334   0x00000010   Code   RO         1298    i.USART3_IRQHandler  usart_stm32f4xx.o
    0x08009344   0x08009344   0x00000014   Code   RO         1299    i.USART3_Initialize  usart_stm32f4xx.o
    0x08009358   0x08009358   0x00000014   Code   RO         1300    i.USART3_PowerControl  usart_stm32f4xx.o
    0x0800936c   0x0800936c   0x00000018   Code   RO         1301    i.USART3_Receive    usart_stm32f4xx.o
    0x08009384   0x08009384   0x00000018   Code   RO         1302    i.USART3_Send       usart_stm32f4xx.o
    0x0800939c   0x0800939c   0x00000014   Code   RO         1303    i.USART3_SetModemControl  usart_stm32f4xx.o
    0x080093b0   0x080093b0   0x0000001c   Code   RO         1304    i.USART3_Transfer   usart_stm32f4xx.o
    0x080093cc   0x080093cc   0x00000010   Code   RO         1305    i.USART3_Uninitialize  usart_stm32f4xx.o
    0x080093dc   0x080093dc   0x00000018   Code   RO         1306    i.USART6_Control    usart_stm32f4xx.o
    0x080093f4   0x080093f4   0x00000010   Code   RO         1307    i.USART6_GetCapabilities  usart_stm32f4xx.o
    0x08009404   0x08009404   0x00000010   Code   RO         1308    i.USART6_GetModemStatus  usart_stm32f4xx.o
    0x08009414   0x08009414   0x00000010   Code   RO         1309    i.USART6_GetRxCount  usart_stm32f4xx.o
    0x08009424   0x08009424   0x00000010   Code   RO         1310    i.USART6_GetStatus  usart_stm32f4xx.o
    0x08009434   0x08009434   0x00000010   Code   RO         1311    i.USART6_GetTxCount  usart_stm32f4xx.o
    0x08009444   0x08009444   0x00000010   Code   RO         1312    i.USART6_IRQHandler  usart_stm32f4xx.o
    0x08009454   0x08009454   0x00000014   Code   RO         1313    i.USART6_Initialize  usart_stm32f4xx.o
    0x08009468   0x08009468   0x00000014   Code   RO         1314    i.USART6_PowerControl  usart_stm32f4xx.o
    0x0800947c   0x0800947c   0x00000018   Code   RO         1315    i.USART6_Receive    usart_stm32f4xx.o
    0x08009494   0x08009494   0x00000018   Code   RO         1316    i.USART6_Send       usart_stm32f4xx.o
    0x080094ac   0x080094ac   0x00000014   Code   RO         1317    i.USART6_SetModemControl  usart_stm32f4xx.o
    0x080094c0   0x080094c0   0x0000001c   Code   RO         1318    i.USART6_Transfer   usart_stm32f4xx.o
    0x080094dc   0x080094dc   0x00000010   Code   RO         1319    i.USART6_Uninitialize  usart_stm32f4xx.o
    0x080094ec   0x080094ec   0x000008ec   Code   RO         1320    i.USART_Control     usart_stm32f4xx.o
    0x08009dd8   0x08009dd8   0x00000006   Code   RO         1321    i.USART_GetCapabilities  usart_stm32f4xx.o
    0x08009dde   0x08009dde   0x00000052   Code   RO         1322    i.USART_GetModemStatus  usart_stm32f4xx.o
    0x08009e30   0x08009e30   0x00000008   Code   RO         1323    i.USART_GetRxCount  usart_stm32f4xx.o
    0x08009e38   0x08009e38   0x00000076   Code   RO         1324    i.USART_GetStatus   usart_stm32f4xx.o
    0x08009eae   0x08009eae   0x00000008   Code   RO         1325    i.USART_GetTxCount  usart_stm32f4xx.o
    0x08009eb6   0x08009eb6   0x00000272   Code   RO         1326    i.USART_IRQHandler  usart_stm32f4xx.o
    0x0800a128   0x0800a128   0x00000092   Code   RO         1327    i.USART_Initialize  usart_stm32f4xx.o
    0x0800a1ba   0x0800a1ba   0x00000002   PAD
    0x0800a1bc   0x0800a1bc   0x0000019c   Code   RO         1328    i.USART_PeripheralReset  usart_stm32f4xx.o
    0x0800a358   0x0800a358   0x00000364   Code   RO         1329    i.USART_PowerControl  usart_stm32f4xx.o
    0x0800a6bc   0x0800a6bc   0x000000a2   Code   RO         1330    i.USART_Receive     usart_stm32f4xx.o
    0x0800a75e   0x0800a75e   0x00000088   Code   RO         1331    i.USART_Send        usart_stm32f4xx.o
    0x0800a7e6   0x0800a7e6   0x0000008c   Code   RO         1332    i.USART_SetModemControl  usart_stm32f4xx.o
    0x0800a872   0x0800a872   0x0000006a   Code   RO         1333    i.USART_Transfer    usart_stm32f4xx.o
    0x0800a8dc   0x0800a8dc   0x0000006a   Code   RO         1334    i.USART_Uninitialize  usart_stm32f4xx.o
    0x0800a946   0x0800a946   0x00000002   PAD
    0x0800a948   0x0800a948   0x00000010   Code   RO         1335    i.USARTx_GetVersion  usart_stm32f4xx.o
    0x0800a958   0x0800a958   0x00000030   Code   RO         5825    i.__ARM_fpclassify  m_wm.l(fpclassify.o)
    0x0800a988   0x0800a988   0x00000010   Code   RO         2035    i.__NVIC_GetPriorityGrouping  stm32f4xx_hal_cortex.o
    0x0800a998   0x0800a998   0x00000028   Code   RO         2036    i.__NVIC_SetPriority  stm32f4xx_hal_cortex.o
    0x0800a9c0   0x0800a9c0   0x0000000e   Code   RO         5682    i._is_digit         c_w.l(__printf_wp.o)
    0x0800a9ce   0x0800a9ce   0x00000016   Code   RO          832    i._mutex_acquire    rtx_lib.o
    0x0800a9e4   0x0800a9e4   0x0000000c   Code   RO          833    i._mutex_free       rtx_lib.o
    0x0800a9f0   0x0800a9f0   0x00000022   Code   RO          834    i._mutex_initialize  rtx_lib.o
    0x0800aa12   0x0800aa12   0x00000012   Code   RO          835    i._mutex_release    rtx_lib.o
    0x0800aa24   0x0800aa24   0x00000008   Code   RO          836    i._platform_post_stackheap_init  rtx_lib.o
    0x0800aa2c   0x0800aa2c   0x00000028   Code   RO          285    i.clock             clock.o
    0x0800aa54   0x0800aa54   0x00000044   Code   RO          286    i.clock_timer       clock.o
    0x0800aa98   0x0800aa98   0x0000006c   Code   RO          459    i.delay             lcd.o
    0x0800ab04   0x0800ab04   0x000000bc   Code   RO          610    i.enviar_trama      mp3.o
    0x0800abc0   0x0800abc0   0x00000100   Code   RO          460    i.init_SPI          lcd.o
    0x0800acc0   0x0800acc0   0x000000e0   Code   RO          379    i.joystick_init     joystick.o
    0x0800ada0   0x0800ada0   0x00000020   Code   RO            7    i.main              main.o
    0x0800adc0   0x0800adc0   0x00000308   Code   RO          612    i.myUART_ThMP3Receive  mp3.o
    0x0800b0c8   0x0800b0c8   0x000001a8   Code   RO          613    i.myUART_ThMP3Send  mp3.o
    0x0800b270   0x0800b270   0x0000010c   Code   RO          331    i.myUART_Thread     com.o
    0x0800b37c   0x0800b37c   0x0000002c   Code   RO          332    i.myUSART3_callback  com.o
    0x0800b3a8   0x0800b3a8   0x00000030   Code   RO          614    i.myUSART_callback  mp3.o
    0x0800b3d8   0x0800b3d8   0x00000020   Code   RO          919    i.osRtxErrorNotify  rtx_config.o
    0x0800b3f8   0x0800b3f8   0x00000004   Code   RO          920    i.osRtxIdleThread   rtx_config.o
    0x0800b3fc   0x0800b3fc   0x00000020   Code   RO          837    i.os_kernel_is_active  rtx_lib.o
    0x0800b41c   0x0800b41c   0x00000024   Code   RO          615    i.recibir_trama     mp3.o
    0x0800b440   0x0800b440   0x0000002c   Code   RO          461    i.reset_lcd         lcd.o
    0x0800b46c   0x0800b46c   0x00000064   Code   RO          565    i.rgb_init          led.o
    0x0800b4d0   0x0800b4d0   0x0000002c   Code   RO         5821    locale$$code        c_w.l(lc_numeric_c.o)
    0x0800b4fc   0x0800b4fc   0x00000062   Code   RO         5708    x$fpl$d2f           fz_wm.l(d2f.o)
    0x0800b55e   0x0800b55e   0x00000002   PAD
    0x0800b560   0x0800b560   0x00000150   Code   RO         5710    x$fpl$dadd          fz_wm.l(daddsub_clz.o)
    0x0800b6b0   0x0800b6b0   0x00000018   Code   RO         5754    x$fpl$dcmpinf       fz_wm.l(dcmpi.o)
    0x0800b6c8   0x0800b6c8   0x00000078   Code   RO         5716    x$fpl$deqf          fz_wm.l(deqf.o)
    0x0800b740   0x0800b740   0x0000005a   Code   RO         5718    x$fpl$dfixu         fz_wm.l(dfixu.o)
    0x0800b79a   0x0800b79a   0x0000002e   Code   RO         5723    x$fpl$dflt          fz_wm.l(dflt_clz.o)
    0x0800b7c8   0x0800b7c8   0x00000026   Code   RO         5722    x$fpl$dfltu         fz_wm.l(dflt_clz.o)
    0x0800b7ee   0x0800b7ee   0x00000002   PAD
    0x0800b7f0   0x0800b7f0   0x00000078   Code   RO         5728    x$fpl$dleqf         fz_wm.l(dleqf.o)
    0x0800b868   0x0800b868   0x00000154   Code   RO         5730    x$fpl$dmul          fz_wm.l(dmul.o)
    0x0800b9bc   0x0800b9bc   0x0000009c   Code   RO         5756    x$fpl$dnaninf       fz_wm.l(dnaninf.o)
    0x0800ba58   0x0800ba58   0x0000000c   Code   RO         5758    x$fpl$dretinf       fz_wm.l(dretinf.o)
    0x0800ba64   0x0800ba64   0x0000006c   Code   RO         5732    x$fpl$drleqf        fz_wm.l(drleqf.o)
    0x0800bad0   0x0800bad0   0x000001d4   Code   RO         5712    x$fpl$dsub          fz_wm.l(daddsub_clz.o)
    0x0800bca4   0x0800bca4   0x00000056   Code   RO         5734    x$fpl$f2d           fz_wm.l(f2d.o)
    0x0800bcfa   0x0800bcfa   0x0000008c   Code   RO         5760    x$fpl$fnaninf       fz_wm.l(fnaninf.o)
    0x0800bd86   0x0800bd86   0x0000000a   Code   RO         5899    x$fpl$fpinit        fz_wm.l(fpinit.o)
    0x0800bd90   0x0800bd90   0x0000000a   Code   RO         5762    x$fpl$fretinf       fz_wm.l(fretinf.o)
    0x0800bd9a   0x0800bd9a   0x00000004   Code   RO         5736    x$fpl$printf1       fz_wm.l(printf1.o)
    0x0800bd9e   0x0800bd9e   0x00000000   Code   RO         5764    x$fpl$usenofp       fz_wm.l(usenofp.o)
    0x0800bd9e   0x0800bd9e   0x00000960   Data   RO          463    .constdata          lcd.o
    0x0800c6fe   0x0800c6fe   0x00000002   PAD
    0x0800c700   0x0800c700   0x00000068   Data   RO          845    .constdata          rtx_lib.o
    0x0800c768   0x0800c768   0x00000068   Data   RO          981    .constdata          i2c_stm32f4xx.o
    0x0800c7d0   0x0800c7d0   0x00000080   Data   RO         1150    .constdata          spi_stm32f4xx.o
    0x0800c850   0x0800c850   0x0000010c   Data   RO         1337    .constdata          usart_stm32f4xx.o
    0x0800c95c   0x0800c95c   0x00000008   Data   RO         2172    .constdata          stm32f4xx_hal_dma.o
    0x0800c964   0x0800c964   0x00000018   Data   RO         5119    .constdata          system_stm32f4xx.o
    0x0800c97c   0x0800c97c   0x00000028   Data   RO         5655    .constdata          c_w.l(_printf_hex_int.o)
    0x0800c9a4   0x0800c9a4   0x00000094   Data   RO         5796    .constdata          c_w.l(bigflt0.o)
    0x0800ca38   0x0800ca38   0x00000046   Data   RO          333    .conststring        com.o
    0x0800ca7e   0x0800ca7e   0x00000002   PAD
    0x0800ca80   0x0800ca80   0x000000a8   Data   RO          847    .rodata             rtx_lib.o
    0x0800cb28   0x0800cb28   0x00000001   Data   RO         5524    .rodata             RTX_CM4F.lib(irq_armv7m.o)
    0x0800cb29   0x0800cb29   0x00000003   PAD
    0x0800cb2c   0x0800cb2c   0x0000000b   Data   RO         5214    .rodata.str1.4      RTX_CM4F.lib(rtx_kernel.o)
    0x0800cb37   0x0800cb37   0x00000001   PAD
    0x0800cb38   0x0800cb38   0x00000020   Data   RO         5970    Region$$Table       anon$$obj.o
    0x0800cb58   0x0800cb58   0x0000001c   Data   RO         5820    locale$$data        c_w.l(lc_numeric_c.o)


    Execution Region RW_IRAM1 (Exec base: 0x20000000, Load base: 0x0800cb74, Size: 0x00011288, Max: 0x00030000, ABSOLUTE, COMPRESSED[0x0000023c])

    Exec Addr    Load Addr    Size         Type   Attr      Idx    E Section Name        Object

    0x20000000   COMPRESSED   0x00010040   Data   RW          838    .bss.os             rtx_lib.o
    0x20010040   COMPRESSED   0x00000034   Data   RW          840    .bss.os.msgqueue.cb  rtx_lib.o
    0x20010074   COMPRESSED   0x00000050   Data   RW          841    .bss.os.msgqueue.mem  rtx_lib.o
    0x200100c4   COMPRESSED   0x00000088   Data   RW          842    .bss.os.thread.cb   rtx_lib.o
    0x2001014c   COMPRESSED   0x00000004   PAD
    0x20010150   COMPRESSED   0x00000200   Data   RW          843    .bss.os.thread.idle.stack  rtx_lib.o
    0x20010350   COMPRESSED   0x00000200   Data   RW          844    .bss.os.thread.timer.stack  rtx_lib.o
    0x20010550   COMPRESSED   0x00000004   Data   RW            8    .data               main.o
    0x20010554   COMPRESSED   0x00000004   PAD
    0x20010558   COMPRESSED   0x0000004c   Data   RW          235    .data               principal.o
    0x200105a4   COMPRESSED   0x00000018   Data   RW          287    .data               clock.o
    0x200105bc   COMPRESSED   0x0000000c   Data   RW          334    .data               com.o
    0x200105c8   COMPRESSED   0x0000001c   Data   RW          380    .data               joystick.o
    0x200105e4   COMPRESSED   0x00000010   Data   RW          464    .data               lcd.o
    0x200105f4   COMPRESSED   0x0000000c   Data   RW          566    .data               led.o
    0x20010600   COMPRESSED   0x00000014   Data   RW          617    .data               mp3.o
    0x20010614   COMPRESSED   0x00000009   Data   RW          683    .data               pwm.o
    0x2001061d   COMPRESSED   0x00000003   PAD
    0x20010620   COMPRESSED   0x0000000c   Data   RW          735    .data               temp.o
    0x2001062c   COMPRESSED   0x00000004   PAD
    0x20010630   COMPRESSED   0x00000018   Data   RW          781    .data               vol.o
    0x20010648   COMPRESSED   0x00000001   Data   RW          846    .data               rtx_lib.o
    0x20010649   COMPRESSED   0x00000003   PAD
    0x2001064c   COMPRESSED   0x00000009   Data   RW         1573    .data               stm32f4xx_hal.o
    0x20010655   COMPRESSED   0x00000003   PAD
    0x20010658   COMPRESSED   0x00000004   Data   RW         5120    .data               system_stm32f4xx.o
    0x2001065c   COMPRESSED   0x000000a4   Data   RW         5215    .data.os            RTX_CM4F.lib(rtx_kernel.o)
    0x20010700        -       0x000000b9   Zero   RW          234    .bss                principal.o
    0x200107b9   COMPRESSED   0x00000003   PAD
    0x200107bc        -       0x000002b8   Zero   RW          462    .bss                lcd.o
    0x20010a74        -       0x0000000a   Zero   RW          616    .bss                mp3.o
    0x20010a7e   COMPRESSED   0x00000002   PAD
    0x20010a80        -       0x000000b8   Zero   RW          682    .bss                pwm.o
    0x20010b38        -       0x00000021   Zero   RW          780    .bss                vol.o
    0x20010b59   COMPRESSED   0x00000003   PAD
    0x20010b5c        -       0x00000028   Zero   RW          980    .bss                i2c_stm32f4xx.o
    0x20010b84        -       0x0000002c   Zero   RW         1149    .bss                spi_stm32f4xx.o
    0x20010bb0        -       0x00000070   Zero   RW         1336    .bss                usart_stm32f4xx.o
    0x20010c20        -       0x00000060   Zero   RW         5828    .bss                c_w.l(libspace.o)
    0x20010c80        -       0x00000001   Zero   RW         5629    .bss.os             RTX_CM4F.lib(os_systick.o)
    0x20010c81   COMPRESSED   0x00000007   PAD
    0x20010c88        -       0x00000200   Zero   RW         5108    HEAP                startup_stm32f429xx.o
    0x20010e88        -       0x00000400   Zero   RW         5107    STACK               startup_stm32f429xx.o


==============================================================================

Image component sizes


      Code (inc. data)   RO Data    RW Data    ZI Data      Debug   Object Name

       304         44          0         24          0       2550   clock.o
       352         86         70         12          0       2363   com.o
      5960        174        104          0         40      26200   i2c_stm32f4xx.o
       864        126          0         28          0       5807   joystick.o
      1604        278       2400         16        696       8900   lcd.o
       512         68          0         12          0       2756   led.o
       304         24          0          4          0     769997   main.o
      1548        134          0         20         10       4714   mp3.o
      2780        226          0         76        185       6257   principal.o
       484         72          0          9        184       3456   pwm.o
        36          6          0          0          0       1101   rtx_config.o
       126          4        272      66893          0      12962   rtx_lib.o
      4158        212        128          0         44      55603   spi_stm32f4xx.o
        64         26        428          0       1536        884   startup_stm32f429xx.o
       178         24          0          9          0      10158   stm32f4xx_hal.o
      1396         58          0          0          0       6356   stm32f4xx_hal_adc.o
       392         34          0          0          0      36728   stm32f4xx_hal_cortex.o
       858         10          8          0          0       6581   stm32f4xx_hal_dma.o
       998        106          0          0          0       5749   stm32f4xx_hal_gpio.o
      1800         84          0          0          0       6220   stm32f4xx_hal_rcc.o
      1300         98          0          0          0      13575   stm32f4xx_hal_tim.o
       220         26         24          4          0       2095   system_stm32f4xx.o
       364         28          0         12          0       2272   temp.o
      6156        318        268          0        112      39129   usart_stm32f4xx.o
       744         84          0         24         33       4792   vol.o

    ----------------------------------------------------------------------
     33526       2350       3738      67164       2848    1037205   Object Totals
         0          0         32          0          0          0   (incl. Generated)
        24          0          4         21          8          0   (incl. Padding)

    ----------------------------------------------------------------------

      Code (inc. data)   RO Data    RW Data    ZI Data      Debug   Library Member Name

       200         12          1          0          0        634   irq_armv7m.o
       126         32          0          0          1       3200   os_systick.o
        58          4          0          0          0       2791   rtx_delay.o
       608         60         11        164          0      16501   rtx_kernel.o
       228          0          0          0          0       2537   rtx_memory.o
       188          0          0          0          0      16008   rtx_mempool.o
      1354         36          0          0          0      18657   rtx_msgqueue.o
       886         32          0          0          0       9962   rtx_mutex.o
       376         26          0          0          0       5296   rtx_system.o
      2074        104          0          0          0      31847   rtx_thread.o
       628         40          0          0          0      10397   rtx_timer.o
        90          0          0          0          0          0   __dczerorl2.o
         8          0          0          0          0         68   __main.o
       284          0          0          0          0        156   __printf_wp.o
         0          0          0          0          0          0   __rtentry.o
        20          0          0          0          0          0   __rtentry2.o
         6          0          0          0          0          0   __rtentry4.o
        52          8          0          0          0          0   __scatter.o
        28          0          0          0          0          0   __scatter_zi.o
        48          6          0          0          0         96   _printf_char_common.o
         6          0          0          0          0          0   _printf_d.o
       120         16          0          0          0         92   _printf_dec.o
         6          0          0          0          0          0   _printf_f.o
      1054          0          0          0          0        216   _printf_fp_dec.o
       128         16          0          0          0         84   _printf_fp_infnan.o
        88          4         40          0          0         88   _printf_hex_int.o
       178          0          0          0          0         88   _printf_intcommon.o
        78          0          0          0          0        108   _printf_pad.o
         0          0          0          0          0          0   _printf_percent.o
         4          0          0          0          0          0   _printf_percent_end.o
         6          0          0          0          0          0   _printf_x.o
        10          0          0          0          0         68   _sputc.o
       228          4        148          0          0         96   bigflt0.o
      1936        128          0          0          0        672   btod.o
        18          0          0          0          0         80   exit.o
         6          0          0          0          0        152   heapauxi.o
         0          0          0          0          0          0   indicate_semi.o
        44         10         28          0          0         76   lc_numeric_c.o
         2          0          0          0          0          0   libinit.o
        22          0          0          0          0          0   libinit2.o
         2          0          0          0          0          0   libshutdown.o
         2          0          0          0          0          0   libshutdown2.o
         8          4          0          0         96         68   libspace.o
       138          0          0          0          0         80   lludiv10.o
       238          0          0          0          0        100   lludivv7m.o
        40          6          0          0          0         84   noretval__2sprintf.o
        10          0          0          0          0         76   rt_locale_twolibspace.o
        68          0          0          0          0         68   rt_memclr.o
        78          0          0          0          0         80   rt_memclr_w.o
       138          0          0          0          0         68   rt_memcpy_v6.o
       100          0          0          0          0         80   rt_memcpy_w.o
         2          0          0          0          0          0   rtexit.o
        10          0          0          0          0          0   rtexit2.o
       128          0          0          0          0         68   strcmpv7m.o
        62          0          0          0          0         76   strlen.o
        12          4          0          0          0         68   sys_exit.o
        74          0          0          0          0         80   sys_stackheap_outer.o
         2          0          0          0          0         68   use_no_semi.o
        98          4          0          0          0        140   d2f.o
       804         16          0          0          0        368   daddsub_clz.o
        24          0          0          0          0        116   dcmpi.o
       120          4          0          0          0        140   deqf.o
        90          4          0          0          0        140   dfixu.o
        84          0          0          0          0        232   dflt_clz.o
       120          4          0          0          0        140   dleqf.o
       340         12          0          0          0        152   dmul.o
       156          4          0          0          0        140   dnaninf.o
        12          0          0          0          0        116   dretinf.o
       108          0          0          0          0        128   drleqf.o
        86          4          0          0          0        132   f2d.o
       140          4          0          0          0        132   fnaninf.o
        10          0          0          0          0        116   fpinit.o
        10          0          0          0          0        116   fretinf.o
         4          0          0          0          0        116   printf1.o
         0          0          0          0          0          0   usenofp.o
        48          0          0          0          0        124   fpclassify.o

    ----------------------------------------------------------------------
     14588        608        232        164        104     123582   Library Totals
        26          0          4          0          7          0   (incl. Padding)

    ----------------------------------------------------------------------

      Code (inc. data)   RO Data    RW Data    ZI Data      Debug   Library Name

      6726        346         12        164          1     117830   RTX_CM4F.lib
      5582        206        216          0         96       3204   c_w.l
      2206         56          0          0          0       2424   fz_wm.l
        48          0          0          0          0        124   m_wm.l

    ----------------------------------------------------------------------
     14588        608        232        164        104     123582   Library Totals

    ----------------------------------------------------------------------

==============================================================================


      Code (inc. data)   RO Data    RW Data    ZI Data      Debug   

     48114       2958       3970      67328       2952    1134875   Grand Totals
     48114       2958       3970        572       2952    1134875   ELF Image Totals (compressed)
     48114       2958       3970        572          0          0   ROM Totals

==============================================================================

    Total RO  Size (Code + RO Data)                52084 (  50.86kB)
    Total RW  Size (RW Data + ZI Data)             70280 (  68.63kB)
    Total ROM Size (Code + RO Data + RW Data)      52656 (  51.42kB)

==============================================================================

